


                   **  CALCULATED COLUMN DENSITIES  **


 H+          =   2.193E+13   H           =   6.102E+19   H-          =   1.321E+08
 H2+         =   9.810E+07   H3+         =   2.564E+10   He          =   3.765E+20
 He+         =   1.355E+12   HeH+        =   4.677E+06   C-          =   1.199E+05
 C           =   3.146E+14   C+          =   2.748E+15   CH-         =   3.019E+02
 CH          =   1.240E+10   CH+         =   9.186E+07   CH2         =   5.972E+11
 N           =   4.253E+15   CH2+        =   4.432E+08   N+          =   2.257E+09
 CH3         =   2.400E+09   NH+         =   1.193E+06   NH          =   1.503E+13
 CH3+        =   6.907E+09   O+          =   7.961E+07   NH2         =   2.882E+13
 CH4+        =   1.151E+05   O           =   2.428E+16   O-          =   2.846E+06
 CH4         =   4.065E+09   NH2+        =   8.832E+07   NH3         =   1.271E+15
 OH+         =   1.946E+08   OH          =   6.224E+15   OH-         =   3.610E+08
 CH5+        =   3.094E+05   NH3+        =   1.659E+11   H2O         =   4.520E+17
 NH4+        =   1.365E+12   H2O+        =   3.304E+09   F           =   1.033E+12
 F+          =   1.502E+04   H3O+        =   2.658E+12   HF          =   2.109E+13
 HF+         =   2.387E+03   H2F+        =   7.402E+07   Na+         =   1.300E+12
 Na          =   2.084E+13   Mg          =   2.085E+13   Mg+         =   1.303E+12
 C2-         =   2.811E+00   C2+         =   4.391E+06   C2          =   6.582E+09
 C2H-        =   1.971E-02   C2H+        =   2.479E+06   C2H         =   7.172E+08
 CN          =   1.186E+13   CN+         =   1.044E+05   C2H2        =   8.874E+07
 CN-         =   8.768E+07   C2H2+       =   2.025E+07   HCN+        =   2.598E+05
 Al          =   0.000E+00   Al+         =   0.000E+00   HNC         =   5.752E+11
 C2H3        =   5.028E+03   C2H3+       =   5.836E+05   HCN         =   5.411E+14
 H2NC        =   6.049E+08   AlH         =   0.000E+00   HCNH+       =   1.496E+11
 Si          =   1.152E+15   C2H4+       =   6.628E+03   Si+         =   1.879E+15
 H2CN        =   6.051E+08   H2NC+       =   1.111E+08   CO          =   6.615E+17
 N2          =   8.643E+16   C2H4        =   2.682E+04   AlH+        =   0.000E+00
 N2+         =   1.816E+05   CO+         =   1.761E+08   C2H5        =   2.257E+01
 HCO         =   3.150E+08   HOC+        =   1.091E+09   SiH         =   9.425E+09
 CH2NH       =   8.517E+07   N2H+        =   9.671E+08   H2CNH+      =   8.236E+04
 AlH2        =   0.000E+00   HCO+        =   5.695E+10   SiH+        =   8.296E+08
 H2NCH+      =   1.381E+05   C2H5+       =   6.472E+01   CH2NH2      =   3.551E+04
 SiH2+       =   4.715E+08   H2CO+       =   8.316E+05   CH3NH       =   1.186E+04
 CH4N+       =   2.069E+09   CH2NH2+     =   3.753E+03   H2CO        =   9.834E+08
 CH3CH3+     =   9.879E-07   AlH3        =   0.000E+00   NO+         =   1.532E+11
 SiH2        =   2.618E+06   CH3CH3      =   2.647E-06   NO          =   1.580E+14
 CH3NH2      =   3.798E+05   P+          =   3.341E+12   CH3O        =   3.743E+07
 P           =   2.207E+12   H2COH+      =   3.039E+05   SiH3+       =   3.658E+05
 CH3NH2+     =   9.249E+02   CH2OH       =   4.591E+07   C2H7+       =   7.221E-14
 HNO+        =   2.364E+07   SiH3        =   8.268E+00   HNO         =   7.509E+11
 CF+         =   1.482E+09   SiH4        =   1.188E+02   O2          =   7.363E+14
 S           =   5.956E+15   H2NO+       =   1.199E+07   O2+         =   1.475E+11
 CH3NH3+     =   4.367E+05   O2-         =   7.260E-01   S+          =   1.662E+15
 CH3OH       =   1.604E+09   PH+         =   3.247E+07   PH          =   7.611E+09
 SiH4+       =   1.110E-09   S-          =   2.274E+07   CH3OH+      =   6.652E+04
 HS          =   7.399E+14   PH2+        =   1.249E+06   HS+         =   1.650E+11
 SiH5+       =   7.619E-01   O2H         =   1.219E+03   CH3OH2+     =   1.030E+09
 O2H+        =   6.506E+04   PH2         =   1.504E+03   PH3+        =   1.005E+03
 H2S         =   3.118E+16   H2O2+       =   2.031E-03   PH3         =   3.336E-11
 H2S+        =   1.977E+11   H2O2        =   1.040E+01   H3S+        =   4.580E+12
 PH4+        =   2.980E-16   Cl          =   2.125E+12   Cl+         =   2.855E+10
 C3          =   1.643E+06   C3+         =   5.957E+04   HCl+        =   8.129E+07
 C3-         =   9.549E-04   HCl         =   1.999E+13   C3H         =   7.072E+05
 H2Cl+       =   2.240E+08   C3H+        =   1.050E+05   C3H-        =   1.703E-02
 C3H2+       =   2.136E+03   C2N         =   4.298E+07   CNC+        =   1.501E+07
 H2CCC       =   2.733E+04   C2N+        =   1.787E+05   C3H2        =   8.516E+05
 H2CCCH+     =   3.098E+04   C3H3+       =   4.319E+03   HCCN        =   1.280E+07
 C2NH+       =   1.845E+04   CH2CCH      =   8.422E+00   CH2CN+      =   1.032E+04
 SiC+        =   2.939E+07   MgO         =   2.063E+05   C2O+        =   6.432E+01
 Ca          =   0.000E+00   Ca+         =   0.000E+00   Ar          =   0.000E+00
 CH2CN       =   2.083E+04   SiC         =   6.735E+10   C2O         =   1.793E+05
 Ar+         =   0.000E+00   C3H4+       =   3.430E-04   CH2CCH2     =   2.696E-01
 CH3CCH      =   2.864E-01   CH3CN+      =   2.381E+02   ArH+        =   0.000E+00
 C3H5+       =   1.110E-02   MgOH        =   7.939E+08   CH2CCH3+    =   6.813E-06
 HCSi        =   5.158E+10   CH3CN       =   6.396E+09   HCCO        =   3.171E+03
 HC2O+       =   6.178E+03   HCSi+       =   2.794E+07   C3H5        =   2.234E-13
 H2CCO+      =   1.096E+04   OCN+        =   9.551E+01   CH3CHCH2    =   7.432E-13
 SiCH2       =   3.493E+07   SiN+        =   2.733E+10   CH2CO       =   2.702E+07
 C3H6+       =   1.581E-14   CNO         =   2.949E-05   SiCH2+      =   7.785E+08
 CH2CO+      =   0.000E+00   SiN         =   1.893E+12   OCN         =   3.016E+09
 CH3CNH+     =   4.476E+09   HCNO+       =   1.058E-04   AlO         =   0.000E+00
 HONC        =   4.637E+02   SiCH3+      =   1.457E+01   CP          =   6.723E+06
 HOCN+       =   8.619E+01   HNCO        =   3.723E+07   HNSi+       =   2.697E+03
 CP+         =   4.635E+00   HOCN        =   1.825E+06   C3H7+       =   1.917E-15
 SiCH3       =   1.390E+03   CH3CO+      =   2.559E+07   HNSi        =   2.067E+12
 HNCO+       =   8.189E+05   HCNO        =   6.651E+05   HONC+       =   3.874E-08
 AlOH        =   0.000E+00   HCNOH+      =   5.619E+01   HCP         =   7.826E+04
 CH3CHO+     =   2.940E-03   CH3CHO      =   7.249E+00   H2OCN+      =   8.810E+01
 CO2+        =   2.262E+02   SiO         =   5.684E+16   H2NCO+      =   1.293E+03
 CH2CHOH     =   7.197E+00   N2O+        =   1.088E+07   N2O         =   2.493E+10
 HNCOH+      =   8.146E+05   CO2         =   6.476E+14   SiO+        =   1.124E+11
 CH2CHOH+    =   8.595E-05   HCP+        =   4.357E+00   SiCH4+      =   1.038E+02
 CS          =   1.125E+14   H2CNO+      =   5.599E+01   SiNH2+      =   5.029E+10
 CS+         =   3.905E+06   HCO2+       =   1.511E+08   NH2CHO+     =   1.284E-03
 HCS         =   1.533E+11   CH3OCH2     =   3.786E-02   PCH2+       =   1.266E+04
 CH2CH2OH    =   8.845E-07   SiOH        =   2.234E+04   CH3CHOH     =   1.904E-07
 HN2O+       =   2.800E+04   NH2CHO      =   1.146E+00   SiOH+       =   3.095E+13
 CH3OCH2+    =   1.858E-09   PN+         =   8.858E+06   CH3CHOH+    =   9.467E-01
 HSiO        =   7.201E+01   CH2CHOH2+   =   2.406E-04   HCS+        =   4.010E+09
 PN          =   3.379E+13   NH3CHO+     =   9.405E-05   HCOOH       =   1.557E+08
 CH3OCH3     =   1.844E+00   H2CS        =   5.270E+10   CH2PH       =   7.568E-02
 H2SiO+      =   1.533E+03   NO2+        =   3.686E+04   PCH3+       =   3.763E-02
 HCOOH+      =   8.615E+04   NO2         =   4.041E+08   C2H5OH+     =   7.476E-09
 H2SiO       =   1.037E+03   HPN+        =   9.182E+08   CH3OCH3+    =   1.663E-03
 NS+         =   2.764E+10   H2CS+       =   1.376E+08   NS          =   4.428E+12
 C2H5OH      =   1.407E-05   AlF         =   0.000E+00   PO+         =   5.843E+09
 HCOOH2+     =   1.923E+07   PO          =   1.655E+14   HNS+        =   2.312E+06
 CH3OCH4+    =   4.548E+00   C2H5OH2+    =   2.470E-06   CCl         =   1.061E+04
 SiF+        =   2.896E+10   CCl+        =   1.435E+06   H2CSH+      =   4.543E+10
 H3SiO+      =   1.050E+00   PNH2+       =   2.104E+06   PCH4+       =   2.678E-03
 Ti          =   0.000E+00   HPO+        =   3.937E+09   Ti+         =   0.000E+00
 MgC2        =   2.703E-04   SO          =   6.457E+15   HCCl+       =   2.342E-04
 CH3SH+      =   8.150E-03   SO+         =   1.155E+13   HCCl        =   1.831E+04
 PNH3+       =   5.859E+03   C4-         =   2.082E+01   HPO         =   6.881E+07
 C4          =   7.378E+03   C4+         =   3.142E+02   CH3SH       =   2.377E-16
 C4H-        =   6.640E-05   H2CCl+      =   9.036E+03   C4H+        =   5.216E+02
 CH2Cl       =   3.630E+04   MgC2H       =   7.102E-04   C4H         =   2.158E+04
 HSO+        =   1.108E+10   H2PO+       =   1.117E+06   CH3SH2+     =   5.071E-21
 MgC2H+      =   1.925E-09   NaCN        =   2.646E+05   C4H2        =   2.061E+03
 C3N+        =   2.708E+00   NaCNH+      =   2.321E+01   MgNC        =   3.767E+02
 MgC2H2+     =   9.003E-07   C3N-        =   3.689E+00   CH3Cl       =   3.639E+04
 MgCN        =   1.886E+02   C3N         =   6.391E+04   C4H2+       =   1.042E+02
 CH3Cl+      =   3.787E+01   CH3ClH+     =   3.757E+04   HCCNC+      =   6.073E-04
 HC3N        =   6.512E+03   C4H3        =   1.746E+01   ClO+        =   6.344E-09
 HC3N+       =   7.964E+00   C4H3+       =   8.645E+01   ClO         =   1.694E-04
 HCCNC       =   8.488E+00   HNC3        =   1.247E+00   HMgNC       =   4.894E-06
 MgNCH+      =   8.776E+00   C4H4+       =   3.298E-01   SiC2        =   1.020E+09
 C3O         =   3.876E+01   C2N2+       =   1.167E+02   NCCN        =   2.843E+08
 HC3NH+      =   1.636E+00   C3O+        =   4.453E-03   HCCNCH+     =   6.874E-05
 HMgNCH+     =   9.203E-11   SiC2+       =   3.671E+05   CH2CHCCH    =   1.147E-07
 CH2CHCN     =   6.591E+00   SiC2H       =   1.667E+04   HC3O        =   5.849E+01
 CH2CHCN+    =   3.255E-03   NCCNH+      =   4.749E+03   HC3O+       =   9.959E-02
 CH2CHCCH2+  =   2.977E-14   C4H5+       =   2.091E-05   SiC2H+      =   7.469E+06
 SiNC        =   2.554E+07   SiC2H2      =   4.087E+04   SiC2H2+     =   5.082E+01
 HC3OH+      =   4.084E+00   HCCCHO      =   4.489E+00   CH2CHCNH+   =   5.023E-02
 CH2CHCHCH2  =   5.452E-12   SiNC+       =   8.927E+08   CCP+        =   1.596E+00
 C4H7+       =   1.595E-12   HCCCHOH+    =   3.131E-05   HCOCN+      =   4.023E-01
 SiC2H3+     =   2.016E+02   H2C3OH+     =   8.167E-01   C2H5CN      =   2.515E+02
 CCP         =   3.298E+03   HCOCN       =   8.011E+03   SiNCH+      =   7.048E+05
 Fe+         =   1.384E+12   C2S+        =   3.397E+04   H2COCN+     =   4.828E-02
 CaO         =   0.000E+00   Fe          =   2.077E+13   HNCOCH+     =   4.828E-02
 HC2P        =   9.489E-02   C2H5CNH+    =   9.031E+01   CH2CHCHO    =   1.701E-05
 C2S         =   8.442E+07   HC2P+       =   5.561E+01   CH2CHCHO+   =   2.518E-08
 CaOH        =   0.000E+00   HC2S+       =   4.731E+05   HCCS        =   1.711E+07
 CH2CHCHOH+  =   8.575E-11   PC2H2+      =   3.021E-03   CH3NCO+     =   8.108E-07
 CH3NCO      =   1.139E+00   NCS+        =   2.854E-04   H2C2S+      =   6.888E+02
 CH3NCOH+    =   7.456E-05   CH3COCH3    =   3.670E-09   CH3COCH3+   =   1.971E-12
 PC2H3+      =   4.389E-07   NaCl        =   4.458E+09   H2CCS       =   5.854E+00
 NCS         =   2.382E+08   NaClH+      =   1.808E+06   PC2H4+      =   8.822E-09
 HNCS+       =   2.373E-02   HSCN+       =   2.434E-02   HSCN        =   4.839E+03
 AlO2        =   0.000E+00   H3C2S+      =   3.526E-05   CH3CS+      =   3.775E+00
 HNCS        =   5.081E+03   CH3COCH4+   =   2.617E-09   HOCHCHOH+   =   2.267E-05
 H2SCN+      =   2.567E+01   SiS         =   2.222E+15   HOCHCHOH    =   1.825E+10
 H2NCS+      =   3.020E+01   C5-         =   6.534E-01   HNCSH+      =   5.992E+01
 OCS         =   9.071E+11   C5          =   6.990E+01   HOCH2CHO    =   2.087E-07
 HOCH2CHO+   =   8.806E-13   CH3COOH+    =   1.215E-13   HCOOCH3     =   5.630E-01
 C5+         =   2.744E+00   HCOOCH3+    =   1.536E-07   OCS+        =   1.292E+09
 CH3COOH     =   7.263E-08   SiO2        =   3.251E+12   SiS+        =   1.084E+08
 C3CCH       =   3.373E+00   HOCHCHOH2+  =   3.637E-04   C5H         =   6.226E+01
 HSiS        =   1.524E+12   CH3COOH2+   =   1.820E-12   C3CCH+      =   2.936E-04
 C5H-        =   4.468E-01   HOCH2CH2O+  =   3.208E-12   H2COOCH3+   =   5.227E-01
 SiSH+       =   4.898E+08   C5H+        =   4.322E+00   OCSH+       =   1.919E+07
 HSiO2+      =   1.129E+06   C4N         =   3.709E+01   C3CCH2+     =   2.392E-07
 C5H2+       =   9.797E-02   H2SiS+      =   5.420E+06   C5H2        =   1.082E+03
 C3HCCH      =   1.656E-02   H2SiS       =   1.068E+08   C3HCCH+     =   1.430E-06
 C4N+        =   8.001E-02   AlCl        =   0.000E+00   HC4N+       =   3.481E-04
 C5H3+       =   6.383E-05   C3HCCH2+    =   1.338E-09   AlHCl       =   0.000E+00
 H3SiS+      =   1.760E+02   HC4N        =   5.223E+00   CH2C3N      =   5.020E+00
 H2C4N+      =   3.187E-04   CH3C4H      =   5.691E-07   SO2         =   7.537E+15
 TiO         =   0.000E+00   S2+         =   2.335E+12   CH3C4H+     =   2.213E-07
 C4O+        =   1.039E-02   SiC3        =   1.232E+05   S2          =   5.500E+13
 C4O         =   1.153E+01   C5H4+       =   2.095E-22   TiO+        =   0.000E+00
 SiC3+       =   1.434E+03   SO2+        =   5.823E+09   H2CCCHCCH   =   5.842E-07
 AlH2Cl      =   0.000E+00   CH3C3N      =   2.990E-01   HC4O+       =   2.168E-01
 H2CCCHCN    =   1.503E-03   HCCCH2CN    =   1.072E-04   SiC3H       =   6.466E+00
 CH3C3N+     =   2.916E-04   C5H5+       =   3.023E-09   HS2         =   4.393E+12
 TiOH+       =   0.000E+00   HS2+        =   3.240E+11   CH2C3NH+    =   3.154E-04
 C5H5        =   3.428E-15   SiC3H+      =   1.316E+03   HOSO+       =   3.133E+10
 HC4O        =   4.357E+00   SiC3H2+     =   9.381E-02   C5H6+       =   1.292E-19
 HC4OH+      =   9.009E-03   H2S2+       =   5.890E+11   CH3C3NH+    =   1.089E-03
 H2S2        =   5.137E+11   C5H6        =   1.580E-15   HCCCH2CNH+  =   6.142E-11
 H2CCCHCNH+  =   1.028E-09   SiC3H3+     =   4.838E-04   C3P         =   7.322E-03
 H2C4OH+     =   2.653E-02   CH3CHCHCN   =   3.673E-16   CH3CHCHCN+  =   4.427E-20
 H3S2+       =   5.112E+10   C5H7+       =   7.324E-16   NCCNCH3+    =   2.815E-04
 C3S         =   1.939E+05   CH3CHCHCNH+ =   6.597E-21   PC3H+       =   9.407E-05
 C3S+        =   1.318E+03   HC3S+       =   1.363E+03   HC3S        =   4.624E+02
 HC3SH+      =   7.679E-01   Al2O        =   0.000E+00   H2CCCS      =   1.772E+00
 HCSC2H      =   2.811E+00   Cl2         =   1.113E-30   H3C3S+      =   6.345E-05
 HCSCN       =   6.903E+06   HCSC2H2+    =   1.292E-04   FeO         =   6.286E+07
 C6          =   7.572E+00   C6+         =   8.309E-01   HCSCNH+     =   1.574E+02
 C6-         =   4.811E-01   C6H+        =   8.621E-01   C6H-        =   2.865E+00
 FeOH        =   3.911E+08   MgC4H       =   3.636E-06   C6H         =   9.531E+01
 C5N-        =   5.331E-04   NaC3NH+     =   1.805E-07   MgC3N       =   3.224E-04
 C6H2        =   8.664E+02   C5N+        =   2.246E-04   C6H2+       =   5.813E-01
 MgC4H2+     =   2.355E-09   C5N         =   1.522E-02   HC5N        =   5.677E-02
 MgC3NH+     =   2.959E-06   HC4NC+      =   3.820E-07   HC5N+       =   3.089E-04
 C6H3+       =   4.103E-06   HC4NC       =   3.379E-03   C5O         =   2.282E-01
 NC4N        =   4.821E+01   SiC4+       =   3.049E+01   C6H4+       =   2.040E-08
 HC4NCH+     =   3.719E-11   HC5NH+      =   3.885E-04   C6H4        =   1.005+247
 C5O+        =   3.535E-04   SiC4        =   8.313E-03   H3C5N+      =   2.825E-08
 HCCCHCHCN+  =   2.689E-14   SiC4H+      =   3.157E-05   C6H5        =   1.472E-09
 HC5O        =   1.577E-01   C6H5+       =  -3.291E+63   HC5O+       =   1.314E-04
 HCCCHCHCN   =   2.032E-08   H2CCHC3N    =   5.249E-09   NC4NH+      =   1.061E-03
 H2CCHC3N+   =   2.208E-13   HCCCHCHCNH+ =   1.549E-12   C6H6        =   1.082E-08
 H2CCHC3NH+  =   1.351E-14   HC5OH+      =   4.672E-04   C6H6+       =   2.503E-12
 C4P+        =   5.260E-10   C6H7+       =   1.089E-11   H2C5OH+     =   3.889E-05
 C4P         =   1.071E-04   TiO2+       =   3.015-314   PC4H+       =   2.072E-06
 C4S+        =   3.898E+01   C4S         =   4.103E+01   TiO2        =   3.015-314
 TiO2H+      =   6.098+279   HC4S        =   1.126E+00   HC4S+       =   5.425E-01
 HC4SH+      =   4.880E-03   C7+         =   2.690E-01   C7          =   1.625E+00
 C7-         =   6.400E-01   C7H+        =   4.036E-01   C7H-        =   1.336E+00
 C7H         =   1.413E+01   C7H2        =   3.565E+02   Al2O2       =   3.015-314
 C7H2+       =   2.918E-01   C7H3+       =   1.264E-06   C6O+        =   3.716E-04
 H2CCCHC4H   =   4.641E-10   C7H4+       =   2.841E-10   C6O         =   1.670E-01
 CH3C6H      =   9.678E-10   CH3C6H2+    =   3.289E-12   H2CCCHC3N+  =   2.659E-16
 HC6O        =   3.355E-01   H2CCCHC3N   =   3.043E-11   HC6O+       =   5.834E-04
 CH3C5N      =  -6.000E+01   H2CCCHC4H2+ =   3.289E-12   CH3C5NH+    =   1.902E-11
 H2CCCHC3NH+ =   2.767E-17   C5H5CCH     =   1.509E-16   HC6OH+      =   5.767E-09
 C5H4CCH2    =   1.336E-17   C5H5CCH2+   =   1.274E-21   C5H5CN      =   2.555E-18
 H2C6OH+     =   5.813E-13   C5H4CCH3+   =   4.498E-25   C5S         =   3.585E-03
 C5S+        =   1.102E-03   C5H5CNH+    =   4.290E-23   HC5S+       =   4.422E-08
 C8-         =   5.213E-01   C8          =   3.022E+00   C8+         =   2.242E-01
 C8H-        =   5.766E-01   MgC6H       =   4.621E-04   AlCl2       =   2.964-323
 C8H+        =   1.771E-01   C8H         =   2.144E+01   C8H2        =   1.748E+02
 AlHCl2      =   1.299+147   MgC6H2+     =   5.821E-07   NaC5NH+     =   1.994E-09
 MgC5N       =   2.475E-06   C7N         =   9.028E-04   C7N+        =   1.502E-05
 C8H2+       =   1.951E-01   C7N-        =   4.928E-05   MgC5NH+     =   5.564E-08
 HC7N        =   1.393E-02   C8H3+       =   4.826E-07   HC7N+       =   3.038E-05
 C7O+        =   1.903E-04   C8H4+       =   4.784E-11   C7O         =   5.515E-02
 HC7NH+      =   1.202E-07   HC7O        =   7.823E-02   H3C7N+      =   4.912E-14
 HC7O+       =   1.808E-04   C8H5+       =   2.097E-15   Al2O3       =   5.471-315
 C6H5CCH     =   8.944E-16   C6H5CCH+    =   6.065E-19   HC7OH+      =   2.421E-05
 H2C7OH+     =   1.986E-10   C6H5CN      =   3.137E-14   C6H5CCH2+   =   4.119E-24
 C6H5CNH+    =   1.050E-19   C9-         =   2.998E-01   C9          =   3.976E-01
 C9+         =   1.291E-01   C9H-        =   2.353E-01   C9H+        =   1.163E-01
 C9H         =   2.275E+00   C9H2        =  -3.501+241   C9H2+       =   5.508E-02
 C9H3+       =   8.606E-08   C9H4+       =   9.674E-12   C8O+        =   1.086E-04
 CH3C8H      =   2.770E-19   C8O         =  -5.179+183   HC8O+       =   6.927E-05
 CH3C7N      =   4.448E-10   HC8O        =   3.098E-02   C9H5+       =   9.522E-22
 HC8OH+      =   9.050E-06   CH3C7NH+    =   4.993E-12   H2C8OH+     =   6.214E-11
 C10         =   4.955E-02   C10+        =   8.912E-02   C10-        =   1.074E-02
 C10H        =   3.163E-01   C10H-       =   9.517E-03   C10H+       =   7.054E-03
 MgC8H       =   3.752E-03   C9N         =   1.156E-04   C10H2+      =   1.090E-02
 C9N-        =   8.706E-06   C10H2       =   3.351E+00   MgC7N       =   4.476E-07
 NaC7NH+     =   4.210E-08   C9N+        =   5.100E-06   MgC8H2+     =   6.810E-06
 HC9N        =   1.462E-03   MgC7NH+     =   2.658E-08   HC9N+       =   3.726E-06
 C10H3+      =   3.114E-10   C9O+        =   6.373E-05   C9O         =   1.226E-02
 HC9NH+      =   6.430E-09   HC9O        =   2.054E-02   C10H5+      =   4.384E-16
 H3C9N+      =   7.258E-15   HC9O+       =   1.181E-05   HC9OH+      =   5.878E-06
 H2C9OH+     =   2.329E-11   C11+        =   2.336E-03   C11-        =   6.554E-04
 C11         =   2.926E-03   AlCl3       =   4.852-314   C11H+       =   4.082E-04
 C11H-       =   6.050E-04   C11H        =   1.931E-02   C11H2       =   2.072E-01
 C11H2+      =   6.768E-04   C11H3+      =   2.561E-11   CH3C9N      =   2.067E-11
 CH3C9NH+    =   2.774E-13   C12+        =   1.470E-04   C12         =   1.084E-05
 C11N-       =   5.265E-09   NaC9NH+     =   3.866E-09   C11N        =   5.809E-08
 HC11N+      =   1.389E-09   HC11N       =   1.448E-06   HC11NH+     =   5.924E-13
 H2C11NH+    =   3.096E-16   e-          =   6.393E+15   H2          =   2.184E+21
