


                   **  CALCULATED COLUMN DENSITIES  **


 H+          =   9.572E+13   H           =   1.840E+20   H-          =   1.437E+08
 H2+         =   6.781E+08   H3+         =   1.439E+11   He          =   1.255E+22
 He+         =   4.780E+12   HeH+        =   2.191E+07   C-          =   3.161E+05
 C           =   8.598E+14   C+          =   1.057E+16   CH-         =   2.342E+03
 CH          =   6.499E+11   CH+         =   9.841E+08   CH2         =   8.913E+12
 N           =   1.136E+16   CH2+        =   1.193E+09   N+          =   1.115E+10
 CH3         =   1.043E+10   NH+         =   9.636E+06   NH          =   2.855E+13
 CH3+        =   9.522E+09   O+          =   7.192E+07   NH2         =   5.562E+13
 CH4+        =   3.410E+05   O           =   6.590E+16   O-          =   9.936E+06
 CH4         =   6.934E+10   NH2+        =   1.335E+08   NH3         =   4.588E+16
 OH+         =   6.796E+08   OH          =   1.477E+16   OH-         =   2.051E+10
 CH5+        =   3.503E+06   NH3+        =   2.354E+11   H2O         =   1.581E+19
 NH4+        =   2.533E+13   H2O+        =   8.251E+09   F           =   2.799E+13
 F+          =   7.347E+04   H3O+        =   5.812E+12   HF          =   7.103E+14
 HF+         =   1.080E+04   H2F+        =   2.273E+09   Na+         =   2.442E+12
 Na          =   7.341E+14   Mg          =   7.356E+14   Mg+         =   2.325E+12
 C2-         =   3.190E+01   C2+         =   5.819E+07   C2          =   3.666E+10
 C2H-        =   6.900E+00   C2H+        =   2.726E+07   C2H         =   4.099E+09
 CN          =   3.154E+13   CN+         =   4.683E+05   C2H2        =   2.654E+09
 CN-         =   2.406E+10   C2H2+       =   1.039E+08   HCN+        =   1.162E+06
 Al          =   0.000E+00   Al+         =   0.000E+00   HNC         =   1.161E+13
 C2H3        =   5.447E+05   C2H3+       =   1.045E+06   HCN         =   1.903E+16
 H2NC        =   3.802E+10   AlH         =   0.000E+00   HCNH+       =   6.086E+11
 Si          =   2.118E+15   C2H4+       =   2.384E+05   Si+         =   4.930E+15
 H2CN        =   3.802E+10   H2NC+       =   5.392E+09   CO          =   2.214E+19
 N2          =   2.948E+18   C2H4        =   2.074E+05   AlH+        =   0.000E+00
 N2+         =   1.272E+06   CO+         =   5.204E+08   C2H5        =   1.038E+01
 HCO         =   1.612E+10   HOC+        =   4.764E+09   SiH         =   8.717E+09
 CH2NH       =   4.176E+09   N2H+        =   5.389E+09   H2CNH+      =   6.224E+06
 AlH2        =   0.000E+00   HCO+        =   1.240E+11   SiH+        =   2.528E+09
 H2NCH+      =   1.037E+07   C2H5+       =   3.085E+01   CH2NH2      =   9.142E+05
 SiH2+       =   3.892E+08   H2CO+       =   1.721E+06   CH3NH       =   3.057E+05
 CH4N+       =   2.462E+10   CH2NH2+     =   4.135E+05   H2CO        =   2.296E+09
 CH3CH3+     =   7.564E-07   AlH3        =   0.000E+00   NO+         =   1.279E+11
 SiH2        =   3.187E+07   CH3CH3      =   4.511E-06   NO          =   1.561E+14
 CH3NH2      =   8.810E+06   P+          =   9.750E+12   CH3O        =   3.116E+08
 P           =   4.362E+12   H2COH+      =   3.177E+05   SiH3+       =   4.316E+06
 CH3NH2+     =   1.163E+04   CH2OH       =   3.129E+08   C2H7+       =   1.024E-13
 HNO+        =   2.218E+07   SiH3        =   1.135E+02   HNO         =   1.001E+13
 CF+         =   1.370E+09   SiH4        =   1.610E+03   O2          =   1.034E+15
 S           =   5.514E+15   H2NO+       =   1.626E+08   O2+         =   1.070E+11
 CH3NH3+     =   7.856E+06   O2-         =   6.572E-08   S+          =   4.111E+15
 CH3OH       =   5.376E+10   PH+         =   3.717E+07   PH          =   5.341E+11
 SiH4+       =   4.931E-08   S-          =   1.720E+07   CH3OH+      =   5.431E+04
 HS          =   2.866E+14   PH2+        =   8.479E+06   HS+         =   1.026E+12
 SiH5+       =   9.395E+00   O2H         =   4.653E+04   CH3OH2+     =   2.793E+09
 O2H+        =   1.102E+04   PH2         =   4.423E+05   PH3+        =   8.474E+03
 H2S         =   1.284E+18   H2O2+       =   4.976E-03   PH3         =   1.816E-08
 H2S+        =   1.764E+12   H2O2        =   7.690E+02   H3S+        =   1.123E+13
 PH4+        =   1.625E-13   Cl          =   2.961E+13   Cl+         =   1.307E+11
 C3          =   6.003E+06   C3+         =   3.371E+05   HCl+        =   2.267E+08
 C3-         =   1.316E-02   HCl         =   7.068E+14   C3H         =   3.402E+06
 H2Cl+       =   3.118E+08   C3H+        =   2.306E+05   C3H-        =   1.515E-01
 C3H2+       =   2.654E+03   C2N         =   6.383E+08   CNC+        =   3.119E+07
 H2CCC       =   1.216E+04   C2N+        =   8.463E+05   C3H2        =   5.053E+06
 H2CCCH+     =   1.292E+05   C3H3+       =   1.782E+04   HCCN        =   1.031E+09
 C2NH+       =   1.244E+06   CH2CCH      =   1.326E+03   CH2CN+      =   2.797E+05
 SiC+        =   1.454E+08   MgO         =   2.164E+06   C2O+        =   4.252E+02
 Ca          =   0.000E+00   Ca+         =   0.000E+00   Ar          =   0.000E+00
 CH2CN       =   1.732E+04   SiC         =   1.610E+11   C2O         =   6.954E+05
 Ar+         =   0.000E+00   C3H4+       =   1.335E-02   CH2CCH2     =   4.800E+00
 CH3CCH      =   4.747E+00   CH3CN+      =   2.319E+02   ArH+        =   0.000E+00
 C3H5+       =   3.317E-02   MgOH        =   4.488E+11   CH2CCH3+    =   1.660E-04
 HCSi        =   1.404E+11   CH3CN       =   9.761E+10   HCCO        =   2.832E+04
 HC2O+       =   1.419E+04   HCSi+       =   1.244E+08   C3H5        =   5.555E-12
 H2CCO+      =   1.759E+04   OCN+        =   6.995E+02   CH3CHCH2    =   4.302E-11
 SiCH2       =   1.494E+07   SiN+        =   6.303E+10   CH2CO       =   4.440E+08
 C3H6+       =   1.838E-13   CNO         =   5.825E-04   SiCH2+      =   7.576E+09
 CH2CO+      =   0.000E+00   SiN         =   3.381E+12   OCN         =   2.072E+10
 CH3CNH+     =   4.503E+10   HCNO+       =   9.417E-04   AlO         =   0.000E+00
 HONC        =   8.172E+02   SiCH3+      =   2.273E+02   CP          =   4.167E+08
 HOCN+       =   7.535E+02   HNCO        =   2.541E+07   HNSi+       =   8.479E+03
 CP+         =   1.871E+02   HOCN        =   2.449E+07   C3H7+       =   7.476E-16
 SiCH3       =   4.570E+04   CH3CO+      =   2.777E+08   HNSi        =   3.137E+12
 HNCO+       =   2.299E+07   HCNO        =   7.897E+06   HONC+       =   4.065E-07
 AlOH        =   0.000E+00   HCNOH+      =   4.598E+02   HCP         =   5.406E+05
 CH3CHO+     =   5.460E-02   CH3CHO      =   2.830E+02   H2OCN+      =   3.040E+03
 CO2+        =   1.270E+03   SiO         =   1.994E+18   H2NCO+      =   1.905E+03
 CH2CHOH     =   2.130E+02   N2O+        =   6.465E+06   N2O         =   2.113E+10
 HNCOH+      =   2.256E+07   CO2         =   2.207E+16   SiO+        =   4.166E+11
 CH2CHOH+    =   1.511E-03   HCP+        =   1.708E+02   SiCH4+      =   9.236E+02
 CS          =   4.091E+15   H2CNO+      =   4.455E+02   SiNH2+      =   9.599E+10
 CS+         =   1.516E+08   HCO2+       =   4.721E+08   NH2CHO+     =   8.312E-06
 HCS         =   1.003E+13   CH3OCH2     =   4.461E-02   PCH2+       =   5.584E+03
 CH2CH2OH    =   6.780E-04   SiOH        =   6.243E+03   CH3CHOH     =   1.501E-04
 HN2O+       =   1.783E+04   NH2CHO      =   2.113E-01   SiOH+       =   7.323E+13
 CH3OCH2+    =   8.544E-09   PN+         =   7.042E+07   CH3CHOH+    =   3.962E+01
 HSiO        =   5.535E+01   CH2CHOH2+   =   1.433E-02   HCS+        =   4.760E+10
 PN          =   1.109E+15   NH3CHO+     =   1.188E-05   HCOOH       =   9.732E+09
 CH3OCH3     =   4.651E+01   H2CS        =   8.253E+11   CH2PH       =   7.164E-02
 H2SiO+      =   1.430E+04   NO2+        =   4.513E+05   PCH3+       =   1.706E-02
 HCOOH+      =   2.413E+06   NO2         =   1.312E+10   C2H5OH+     =   3.423E-06
 H2SiO       =   5.988E+02   HPN+        =   1.460E+10   CH3OCH3+    =   2.333E-03
 NS+         =   3.875E+10   H2CS+       =   4.028E+08   NS          =   2.848E+12
 C2H5OH      =   5.515E-03   AlF         =   0.000E+00   PO+         =   1.170E+10
 HCOOH2+     =   4.760E+08   PO          =   5.706E+15   HNS+        =   3.059E+06
 CH3OCH4+    =   8.455E+01   C2H5OH2+    =   6.714E-04   CCl         =   2.252E+04
 SiF+        =   4.626E+10   CCl+        =   2.291E+07   H2CSH+      =   4.699E+11
 H3SiO+      =   5.846E+00   PNH2+       =   4.746E+06   PCH4+       =   3.863E-03
 Ti          =   0.000E+00   HPO+        =   7.360E+09   Ti+         =   0.000E+00
 MgC2        =   4.823E-03   SO          =   2.250E+17   HCCl+       =   1.091E-03
 CH3SH+      =   2.958E-02   SO+         =   1.810E+13   HCCl        =   1.572E+05
 PNH3+       =   1.200E+04   C4-         =   3.786E+02   HPO         =   1.234E+08
 C4          =   6.711E+04   C4+         =   3.229E+03   CH3SH       =   2.936E-14
 C4H-        =   1.001E-03   H2CCl+      =   1.014E+04   C4H+        =   4.183E+03
 CH2Cl       =   6.737E+05   MgC2H       =   1.493E-02   C4H         =   1.648E+05
 HSO+        =   3.846E+11   H2PO+       =   2.049E+06   CH3SH2+     =   1.581E-18
 MgC2H+      =   2.968E-08   NaCN        =   7.583E+06   C4H2        =   4.871E+03
 C3N+        =   6.217E+00   NaCNH+      =   4.422E+03   MgNC        =   2.243E+03
 MgC2H2+     =   2.156E-05   C3N-        =   1.407E+02   CH3Cl       =   6.714E+05
 MgCN        =   1.124E+03   C3N         =   7.184E+05   C4H2+       =   2.809E+02
 CH3Cl+      =   2.381E+02   CH3ClH+     =   6.567E+05   HCCNC+      =   2.476E-03
 HC3N        =   3.918E+04   C4H3        =   5.752E+01   ClO+        =   3.078E-12
 HC3N+       =   1.116E+01   C4H3+       =   1.314E+02   ClO         =   2.333E-06
 HCCNC       =   4.572E+01   HNC3        =   1.015E+01   HMgNC       =   1.535E-04
 MgNCH+      =   2.110E+02   C4H4+       =   6.951E-01   SiC2        =   1.862E+09
 C3O         =   2.544E+03   C2N2+       =   1.088E+03   NCCN        =   1.795E+09
 HC3NH+      =   1.127E+01   C3O+        =   4.858E-01   HCCNCH+     =   4.387E-03
 HMgNCH+     =   4.957E-09   SiC2+       =   1.389E+06   CH2CHCCH    =   1.667E-05
 CH2CHCN     =   2.970E+01   SiC2H       =   1.298E+05   HC3O        =   3.091E+03
 CH2CHCN+    =   1.541E-02   NCCNH+      =   3.234E+04   HC3O+       =   3.325E+00
 CH2CHCCH2+  =   8.859E-12   C4H5+       =   1.407E-03   SiC2H+      =   9.970E+06
 SiNC        =   1.289E+08   SiC2H2      =   1.558E+05   SiC2H2+     =   9.335E+02
 HC3OH+      =   1.947E+02   HCCCHO      =   5.790E+00   CH2CHCNH+   =   9.516E-03
 CH2CHCHCH2  =   1.432E-10   SiNC+       =   1.571E+09   CCP+        =   1.005E+01
 C4H7+       =   1.986E-11   HCCCHOH+    =   2.677E-04   HCOCN+      =   6.537E-01
 SiC2H3+     =   6.669E+03   H2C3OH+     =   2.565E+01   C2H5CN      =   1.791E+03
 CCP         =   1.059E+04   HCOCN       =   3.825E+03   SiNCH+      =   4.348E+06
 Fe+         =   2.717E+12   C2S+        =   1.988E+05   H2COCN+     =   2.481E-02
 CaO         =   0.000E+00   Fe          =   7.354E+14   HNCOCH+     =   2.481E-02
 HC2P        =   7.428E-02   C2H5CNH+    =   6.276E+02   CH2CHCHO    =   6.313E-04
 C2S         =   2.899E+08   HC2P+       =   1.349E+02   CH2CHCHO+   =   7.069E-07
 CaOH        =   0.000E+00   HC2S+       =   9.923E+05   HCCS        =   5.777E+07
 CH2CHCHOH+  =   1.319E-08   PC2H2+      =   2.302E-03   CH3NCO+     =   3.581E-06
 CH3NCO      =   1.097E+00   NCS+        =   8.850E-01   H2C2S+      =   4.308E+03
 CH3NCOH+    =   1.907E-04   CH3COCH3    =   1.156E-07   CH3COCH3+   =   6.569E-11
 PC2H3+      =   8.014E-07   NaCl        =   1.785E+12   H2CCS       =   5.849E+02
 NCS         =   1.840E+10   NaClH+      =   3.433E+08   PC2H4+      =   5.786E-08
 HNCS+       =   2.560E+00   HSCN+       =   2.594E+00   HSCN        =   8.232E+05
 AlO2        =   0.000E+00   H3C2S+      =   7.253E-04   CH3CS+      =   2.712E+00
 HNCS        =   8.634E+05   CH3COCH4+   =   6.933E-08   HOCHCHOH+   =   5.530E-04
 H2SCN+      =   3.870E+04   SiS         =   7.053E+16   HOCHCHOH    =   1.409E+02
 H2NCS+      =   4.499E+04   C5-         =   9.910E+00   HNCSH+      =   8.930E+04
 OCS         =   3.269E+12   C5          =   5.659E+02   HOCH2CHO    =   6.433E-05
 HOCH2CHO+   =   3.778E-10   CH3COOH+    =   5.842E-11   HCOOCH3     =   3.001E+00
 C5+         =   3.928E+01   HCOOCH3+    =   1.803E-06   OCS+        =   2.996E+09
 CH3COOH     =   2.222E-05   SiO2        =   4.135E+10   SiS+        =   1.277E+10
 C3CCH       =   4.408E+00   HOCHCHOH2+  =   5.836E-03   C5H         =   5.200E+02
 HSiS        =   4.002E+12   CH3COOH2+   =   9.436E-10   C3CCH+      =   5.332E-04
 C5H-        =   7.099E+00   HOCH2CH2O+  =   1.596E-09   H2COOCH3+   =   3.354E+00
 SiSH+       =   3.924E+09   C5H+        =   3.291E+01   OCSH+       =   2.058E+07
 HSiO2+      =   2.127E+05   C4N         =   2.033E+02   C3CCH2+     =   3.004E-07
 C5H2+       =   1.228E+00   H2SiS+      =   6.201E+07   C5H2        =   9.824E+03
 C3HCCH      =   1.016E-01   H2SiS       =   2.212E+08   C3HCCH+     =   1.260E-05
 C4N+        =   3.329E-01   AlCl        =   0.000E+00   HC4N+       =   1.056E-03
 C5H3+       =   5.408E-04   C3HCCH2+    =   7.375E-09   AlHCl       =   0.000E+00
 H3SiS+      =   1.634E+03   HC4N        =   1.125E+01   CH2C3N      =   9.896E+00
 H2C4N+      =   8.930E-04   CH3C4H      =   6.608E-05   SO2         =   2.733E+17
 TiO         =   0.000E+00   S2+         =   4.410E+12   CH3C4H+     =   1.271E-06
 C4O+        =   4.474E-01   SiC3        =   9.785E+05   S2          =   1.262E+13
 C4O         =   4.954E+02   C5H4+       =   6.939E-21   TiO+        =   0.000E+00
 SiC3+       =   6.154E+03   SO2+        =   1.437E+10   H2CCCHCCH   =   1.018E-04
 AlH2Cl      =   0.000E+00   CH3C3N      =   7.028E-01   HC4O+       =   4.568E+00
 H2CCCHCN    =   2.410E-02   HCCCH2CN    =   1.742E-03   SiC3H       =   1.072E+01
 CH3C3N+     =   7.555E-04   C5H5+       =   2.478E-07   HS2         =   2.598E+12
 TiOH+       =   0.000E+00   HS2+        =   4.194E+11   CH2C3NH+    =   2.076E-03
 C5H5        =   1.242E-13   SiC3H+      =   7.266E+03   HOSO+       =   3.617E+10
 HC4O        =   3.959E+02   SiC3H2+     =   9.548E-02   C5H6+       =   6.069E-19
 HC4OH+      =   3.942E-01   H2S2+       =   3.219E+10   CH3C3NH+    =   1.800E-03
 H2S2        =   1.800E+12   C5H6        =   8.289E-15   HCCCH2CNH+  =   2.306E-09
 H2CCCHCNH+  =   3.814E-08   SiC3H3+     =   9.156E-03   C3P         =   3.948E-03
 H2C4OH+     =   2.793E+00   CH3CHCHCN   =   3.815E-14   CH3CHCHCN+  =   4.300E-18
 H3S2+       =   1.812E+11   C5H7+       =   7.370E-15   NCCNCH3+    =   2.372E-03
 C3S         =   1.202E+06   CH3CHCHCNH+ =   1.007E-18   PC3H+       =   7.801E-05
 C3S+        =   6.227E+03   HC3S+       =   7.662E+03   HC3S        =   1.188E+03
 HC3SH+      =   2.808E-01   Al2O        =   0.000E+00   H2CCCS      =   1.293E+00
 HCSC2H      =   2.155E+01   Cl2         =   1.590E-34   H3C3S+      =   8.404E-05
 HCSCN       =   4.073E+07   HCSC2H2+    =   2.393E-03   FeO         =   9.389E+08
 C6          =   7.085E+01   C6+         =   9.632E+00   HCSCNH+     =   5.234E+03
 C6-         =   7.313E+00   C6H+        =   9.691E+00   C6H-        =   3.621E+01
 FeOH        =   2.233E+11   MgC4H       =   4.732E-05   C6H         =   7.868E+02
 C5N-        =   3.754E-03   NaC3NH+     =   6.829E-06   MgC3N       =   1.020E-02
 C6H2        =   1.108E+04   C5N+        =   1.107E-03   C6H2+       =   5.484E+00
 MgC4H2+     =   2.224E-08   C5N         =   5.376E-02   HC5N        =   2.596E-01
 MgC3NH+     =   1.006E-04   HC4NC+      =   8.160E-07   HC5N+       =   1.387E-03
 C6H3+       =   4.588E-05   HC4NC       =   9.448E-03   C5O         =   5.306E+00
 NC4N        =   1.499E+03   SiC4+       =   2.272E+02   C6H4+       =   2.298E-07
 HC4NCH+     =   7.687E-11   HC5NH+      =   5.681E-04   C6H4        =  -3.066+295
 C5O+        =   7.346E-03   SiC4        =   2.279E-02   H3C5N+      =   4.069E-08
 HCCCHCHCN+  =   6.583+304   SiC4H+      =   7.891E-05   C6H5        =   4.194E-09
 HC5O        =   4.834E+00   C6H5+       =   9.888+179   HC5O+       =   3.591E-03
 HCCCHCHCN   =   5.123E-07   H2CCHC3N    =   4.487E-08   NC4NH+      =  -7.666+111
 H2CCHC3N+   =   6.069E-13   HCCCHCHCNH+ =   1.176E-10   C6H6        =   2.509E-08
 H2CCHC3NH+  =   2.984E-12   HC5OH+      =   2.482E-02   C6H6+       =   4.146E-12
 C4P+        =   1.081E-09   C6H7+       =   1.568E-10   H2C5OH+     =   1.160E-03
 C4P         =   1.675E-04   TiO2+       =   3.012-314   PC4H+       =   2.203E-06
 C4S+        =   2.897E+02   C4S         =   5.645E+01   TiO2        =   3.012-314
 TiO2H+      =   1.976+301   HC4S        =   1.793E+00   HC4S+       =   5.915E-01
 HC4SH+      =   7.232E-03   C7+         =   3.749E+00   C7          =   1.837E+01
 C7-         =   6.918E+00   C7H+        =   5.645E+00   C7H-        =   1.867E+01
 C7H         =   1.384E+02   C7H2        =   3.503E+98   Al2O2       =   3.012-314
 C7H2+       =   3.451E+00   C7H3+       =   1.848E-05   C6O+        =   6.783E-03
 H2CCCHC4H   =   5.679E-08   C7H4+       =   9.500E+48   C6O         =   4.333E+00
 CH3C6H      =   1.378E-07   CH3C6H2+    =   4.592E-10   H2CCCHC3N+  =   1.177E-14
 HC6O        =   3.740E+00   H2CCCHC3N   =   1.903E-09   HC6O+       =   3.316E-02
 CH3C5N      =   5.900E-08   H2CCCHC4H2+ =   4.592E-10   CH3C5NH+    =   3.560E-10
 H2CCCHC3NH+ =   5.520E-15   C5H5CCH     =   8.805E-16   HC6OH+      =   2.707E-07
 C5H4CCH2    =   7.899E-17   C5H5CCH2+   =   5.863E-21   C5H5CN      =   1.921E-17
 H2C6OH+     =   1.455E-10   C5H4CCH3+   =   5.491E-23   C5S         =   3.143E-02
 C5S+        =   1.934E-03   C5H5CNH+    =   1.700E-21   HC5S+       =   2.126E-06
 C8-         =   6.451E+00   C8          =   4.272E+01   C8+         =   3.811E+00
 C8H-        =   1.073E+01   MgC6H       =   2.064E-02   AlCl2       =   2.964-323
 C8H+        =   3.072E+00   C8H         =   2.943E+02   C8H2        =   3.908E+03
 AlHCl2      =   8.307+178   MgC6H2+     =   1.828E-05   NaC5NH+     =   3.291E-08
 MgC5N       =   2.225E-05   C7N         =   5.967E-03   C7N+        =   1.724E-04
 C8H2+       =   3.191E+00   C7N-        =   5.188E-04   MgC5NH+     =   4.017E-07
 HC7N        =   1.350E-01   C8H3+       =   7.655E-06   HC7N+       =   2.717E-04
 C7O+        =   3.529E-03   C8H4+       =   1.087E-09   C7O         =   1.445E+00
 HC7NH+      =   7.720E-07   HC7O        =  -3.945+107   H3C7N+      =   9.107E-12
 HC7O+       =   1.037E-02   C8H5+       =   5.222E-14   Al2O3       =   5.471-315
 C6H5CCH     =   4.689E-15   C6H5CCH+    =   1.684E-18   HC7OH+      =   3.942E-03
 H2C7OH+     =   4.088E-08   C6H5CN      =   6.906E-14   C6H5CCH2+   =   7.999E-24
 C6H5CNH+    =   6.286E-18   C9-         =   4.045E+00   C9          =   7.099E+00
 C9+         =   2.924E+00   C9H-        =   4.701E+00   C9H+        =   2.755E+00
 C9H         =   3.433E+01   C9H2        =   7.999+144   C9H2+       =   1.017E+00
 C9H3+       =   2.133E-06   C9H4+       =   3.231E-10   C8O+        =   2.075E-03
 CH3C8H      =   5.104E-17   C8O         =  -2.039E+82   HC8O+       =   4.978E-03
 CH3C7N      =   1.158E-08   HC8O        =   7.162E-01   C9H5+       =   1.805E-19
 HC8OH+      =   1.826E-03   CH3C7NH+    =   1.152E-10   H2C8OH+     =   1.596E-08
 C10         =   6.674E-01   C10+        =   2.335E+00   C10-        =   1.187E-01
 C10H        =   5.481E+00   C10H-       =   2.066E-01   C10H+       =   1.195E-01
 MgC8H       =   6.367E-02   C9N         =   1.329E-03   C10H2+      =   2.369E-01
 C9N-        =   1.321E-04   C10H2       =   1.003E+02   MgC7N       =   7.247E-06
 NaC7NH+     =   4.615E-07   C9N+        =   1.002E-04   MgC8H2+     =   8.790E-05
 HC9N        =   2.476E-02   MgC7NH+     =   3.627E-07   HC9N+       =   6.243E-05
 C10H3+      =   1.036E-08   C9O+        =   1.382E-03   C9O         =   3.271E-01
 HC9NH+      =   9.246E-08   HC9O        =   7.361E-01   C10H5+      =   7.140E-14
 H3C9N+      =   3.587E-12   HC9O+       =   1.642E-03   HC9OH+      =   1.606E-03
 H2C9OH+     =   6.285E-09   C11+        =   4.547E-02   C11-        =   8.482E-03
 C11         =   4.602E-02   AlCl3       =   4.852-314   C11H+       =   8.093E-03
 C11H-       =   1.528E-02   C11H        =   3.884E-01   C11H2       =   6.983E+00
 C11H2+      =   1.694E-02   C11H3+      =   1.379E-09   CH3C9N      =   8.726E-10
 CH3C9NH+    =   1.039E-11   C12+        =   3.330E-03   C12         =   1.912E-04
 C11N-       =   7.448E-08   NaC9NH+     =   5.858E-08   C11N        =   6.399E-07
 HC11N+      =   2.892E-08   HC11N       =   3.287E-05   HC11NH+     =   1.456E-11
 H2C11NH+    =   2.836E-13   e-          =   1.992E+16   H2          =   7.372E+22
