


                   **  CALCULATED COLUMN DENSITIES  **


 H+          =   4.911E+13   H           =   7.351E+21   H-          =   4.079E+10
 H2+         =   6.685E+08   H3+         =   1.140E+11   He          =   1.255E+22
 He+         =   2.732E+12   HeH+        =   1.628E+07   C-          =   7.402E+06
 C           =   1.173E+18   C+          =   2.604E+16   CH-         =   8.389E+02
 CH          =   1.230E+15   CH+         =   3.579E+10   CH2         =   8.215E+14
 N           =   3.105E+18   CH2+        =   1.523E+10   N+          =   9.281E+09
 CH3         =   1.658E+11   NH+         =   2.833E+06   NH          =   7.113E+14
 CH3+        =   7.576E+10   O+          =   5.555E+07   NH2         =   4.506E+13
 CH4+        =   5.340E+06   O           =   1.946E+16   O-          =   1.268E+07
 CH4         =   9.220E+15   NH2+        =   5.789E+06   NH3         =   3.723E+14
 OH+         =   5.518E+06   OH          =   6.124E+12   OH-         =   5.944E+03
 CH5+        =   4.736E+07   NH3+        =   8.304E+08   H2O         =   7.133E+15
 NH4+        =   6.781E+08   H2O+        =   6.879E+05   F           =   4.971E+12
 F+          =   2.725E+04   H3O+        =   1.335E+07   HF          =   1.218E+15
 HF+         =   5.174E+03   H2F+        =   9.858E+07   Na+         =   3.098E+14
 Na          =   3.145E+13   Mg          =   2.680E+13   Mg+         =   1.834E+14
 C2-         =   2.082E+06   C2+         =   3.524E+11   C2          =   1.345E+15
 C2H-        =   4.540E+03   C2H+        =   1.217E+11   C2H         =   9.963E+13
 CN          =   6.675E+15   CN+         =   3.133E+06   C2H2        =   1.157E+17
 CN-         =   3.081E+08   C2H2+       =   5.451E+11   HCN+        =   2.132E+07
 Al          =   0.000E+00   Al+         =   0.000E+00   HNC         =   1.738E+13
 C2H3        =   6.520E+09   C2H3+       =   1.080E+10   HCN         =   3.486E+18
 H2NC        =   4.375E+08   AlH         =   0.000E+00   HCNH+       =   1.038E+12
 Si          =   1.232E+18   C2H4+       =   1.798E+09   Si+         =   3.389E+17
 H2CN        =   5.469E+08   H2NC+       =   2.635E+07   CO          =   5.958E+19
 N2          =   1.055E+18   C2H4        =   1.804E+14   AlH+        =   0.000E+00
 N2+         =   3.643E+05   CO+         =   3.104E+07   C2H5        =   1.312E+05
 HCO         =   7.986E+07   HOC+        =   1.617E+08   SiH         =   1.653E+13
 CH2NH       =   4.061E+12   N2H+        =   1.724E+09   H2CNH+      =   3.799E+02
 AlH2        =   0.000E+00   HCO+        =   1.981E+11   SiH+        =   2.585E+09
 H2NCH+      =   8.270E+00   C2H5+       =   1.668E+02   CH2NH2      =   1.253E+01
 SiH2+       =   5.874E+11   H2CO+       =   4.827E+05   CH3NH       =   4.323E+01
 CH4N+       =   1.771E+03   CH2NH2+     =   2.040E+05   H2CO        =   1.474E+09
 CH3CH3+     =   4.600E-03   AlH3        =   0.000E+00   NO+         =   6.006E+07
 SiH2        =   2.182E+07   CH3CH3      =   1.149E-05   NO          =   9.082E+11
 CH3NH2      =   9.682E+02   P+          =   1.065E+14   CH3O        =   2.396E-01
 P           =   1.433E+15   H2COH+      =   1.100E+02   SiH3+       =   1.662E+06
 CH3NH2+     =   1.395E-01   CH2OH       =   7.135E-01   C2H7+       =   9.061E-16
 HNO+        =   1.096E+04   SiH3        =   4.262E+02   HNO         =   6.354E+07
 CF+         =   4.663E+09   SiH4        =   1.497E+03   O2          =   1.993E+08
 S           =   1.045E+18   H2NO+       =   1.056E+01   O2+         =   1.541E+04
 CH3NH3+     =   4.996E+01   O2-         =   2.197E-14   S+          =   5.016E+15
 CH3OH       =   2.456E+01   PH+         =   1.085E+08   PH          =   2.247E+09
 SiH4+       =   3.563E-08   S-          =   1.636E+09   CH3OH+      =   2.452E-05
 HS          =   4.577E+15   PH2+        =   1.747E+07   HS+         =   1.365E+12
 SiH5+       =   5.500E+01   O2H         =   5.887E-04   CH3OH2+     =   3.794E+00
 O2H+        =   1.507E-03   PH2         =   1.010E+06   PH3+        =   1.693E+05
 H2S         =   1.591E+13   H2O2+       =   1.241E-24   PH3         =   2.720E+02
 H2S+        =   1.618E+10   H2O2        =   1.281E-14   H3S+        =   2.343E+10
 PH4+        =   2.393E-04   Cl          =   1.794E+15   Cl+         =   4.198E+12
 C3          =   1.886E+17   C3+         =   7.331E+09   HCl+        =   5.145E+09
 C3-         =   1.645E+07   HCl         =   2.220E+16   C3H         =   1.564E+14
 H2Cl+       =   4.924E+09   C3H+        =   1.190E+10   C3H-        =   3.742E+05
 C3H2+       =   3.300E+09   C2N         =   3.269E+14   CNC+        =   1.325E+11
 H2CCC       =   2.643E+11   C2N+        =   1.323E+08   C3H2        =   1.906E+12
 H2CCCH+     =   3.511E+10   C3H3+       =   7.943E+09   HCCN        =   1.897E+12
 C2NH+       =   1.119E+08   CH2CCH      =   1.357E+09   CH2CN+      =   9.393E+06
 SiC+        =   2.383E+10   MgO         =   7.842E+03   C2O+        =   1.390E+05
 Ca          =   0.000E+00   Ca+         =   0.000E+00   Ar          =   0.000E+00
 CH2CN       =   1.944E+08   SiC         =   1.082E+15   C2O         =   8.114E+08
 Ar+         =   0.000E+00   C3H4+       =   4.568E+04   CH2CCH2     =   2.751E+08
 CH3CCH      =   2.921E+08   CH3CN+      =   1.542E+05   ArH+        =   0.000E+00
 C3H5+       =   9.370E+02   MgOH        =   8.743E-03   CH2CCH3+    =   4.292E+00
 HCSi        =   2.397E+17   CH3CN       =   9.358E+11   HCCO        =   2.137E+06
 HC2O+       =   3.672E+06   HCSi+       =   3.357E+10   C3H5        =   1.979E-02
 H2CCO+      =   3.254E+05   OCN+        =   5.302E+02   CH3CHCH2    =   2.020E-03
 SiCH2       =   2.456E+11   SiN+        =   3.542E+12   CH2CO       =   3.846E+08
 C3H6+       =   1.154E-07   CNO         =   1.823E-03   SiCH2+      =   4.523E+12
 CH2CO+      =   4.192E+07   SiN         =   1.293E+17   OCN         =   8.388E+07
 CH3CNH+     =   1.558E+09   HCNO+       =   9.045E-04   AlO         =   0.000E+00
 HONC        =   1.521E+03   SiCH3+      =   1.380E+05   CP          =   8.624E+10
 HOCN+       =   4.484E+02   HNCO        =   2.067E+10   HNSi+       =   3.678E+06
 CP+         =   2.083E+04   HOCN        =   2.983E+07   C3H7+       =   6.408E-15
 SiCH3       =   3.318E+06   CH3CO+      =   3.262E+06   HNSi        =   5.811E+15
 HNCO+       =   7.075E+05   HCNO        =   3.308E+08   HONC+       =   1.141E-07
 AlOH        =   0.000E+00   HCNOH+      =   4.467E+01   HCP         =   6.588E+13
 CH3CHO+     =   1.592E-03   CH3CHO      =   3.715E+01   H2OCN+      =   4.471E+01
 CO2+        =   4.941E-02   SiO         =   1.864E+16   H2NCO+      =   1.732E+03
 CH2CHOH     =   9.968E+03   N2O+        =   2.581E+00   N2O         =   8.531E+05
 HNCOH+      =   7.087E+05   CO2         =   3.239E+11   SiO+        =   3.450E+08
 CH2CHOH+    =   7.925E-03   HCP+        =   1.993E+04   SiCH4+      =   8.461E+04
 CS          =   3.273E+16   H2CNO+      =   4.100E+01   SiNH2+      =   4.695E+11
 CS+         =   3.892E+10   HCO2+       =   2.862E+03   NH2CHO+     =   4.160E-08
 HCS         =   3.075E+10   CH3OCH2     =   5.852E-02   PCH2+       =   8.098E+05
 CH2CH2OH    =   1.363E-11   SiOH        =   1.242E+08   CH3CHOH     =   1.184E-10
 HN2O+       =   3.589E-03   NH2CHO      =   7.691E-02   SiOH+       =   3.327E+11
 CH3OCH2+    =   4.854E-10   PN+         =   4.182E+06   CH3CHOH+    =   1.728E-02
 HSiO        =   1.303E+06   CH2CHOH2+   =   8.506E-04   HCS+        =   6.822E+10
 PN          =   2.001E+14   NH3CHO+     =   1.141E-08   HCOOH       =   1.069E+06
 CH3OCH3     =   2.536E-08   H2CS        =   2.371E+13   CH2PH       =   4.275E+00
 H2SiO+      =   1.816E+01   NO2+        =   3.031E-02   PCH3+       =   2.574E-01
 HCOOH+      =   1.723E+00   NO2         =   7.336E+02   C2H5OH+     =   1.470E-10
 H2SiO       =   1.423E+07   HPN+        =   1.976E+07   CH3OCH3+    =   8.608E-09
 NS+         =   5.136E+10   H2CS+       =   4.216E+06   NS          =   2.689E+16
 C2H5OH      =   1.414E-07   AlF         =   0.000E+00   PO+         =   9.644E+07
 HCOOH2+     =   9.725E+02   PO          =   6.232E+11   HNS+        =   6.759E+06
 CH3OCH4+    =   1.008E-10   C2H5OH2+    =   2.334E-09   CCl         =   6.597E+10
 SiF+        =   3.260E+13   CCl+        =   5.172E+08   H2CSH+      =   2.448E+06
 H3SiO+      =   2.836E+00   PNH2+       =   1.702E+05   PCH4+       =   1.851E-02
 Ti          =   0.000E+00   HPO+        =   3.383E+08   Ti+         =   0.000E+00
 MgC2        =   6.251E+12   SO          =   5.022E+10   HCCl+       =   6.600E+01
 CH3SH+      =   2.592E-03   SO+         =   3.370E+08   HCCl        =   9.684E+10
 PNH3+       =   8.411E+01   C4-         =   4.154E+10   HPO         =   4.020E+04
 C4          =   2.032E+13   C4+         =   8.541E+08   CH3SH       =   3.747E-05
 C4H-        =   1.366E+06   H2CCl+      =   6.488E+04   C4H+        =   6.980E+08
 CH2Cl       =   2.929E+07   MgC2H       =   6.261E+12   C4H         =   9.831E+13
 HSO+        =   1.494E+04   H2PO+       =   5.972E+02   CH3SH2+     =   1.951E-13
 MgC2H+      =   9.676E+06   NaCN        =   3.968E+14   C4H2        =   5.112E+09
 C3N+        =   8.383E+05   NaCNH+      =   9.352E+08   MgNC        =   3.328E+14
 MgC2H2+     =   9.233E+05   C3N-        =   1.543E+11   CH3Cl       =   2.970E+07
 MgCN        =   9.110E+09   C3N         =   2.875E+14   C4H2+       =   1.613E+08
 CH3Cl+      =   1.479E+03   CH3ClH+     =   6.831E+05   HCCNC+      =   1.609E+04
 HC3N        =   3.382E+15   C4H3        =   1.120E+09   ClO+        =   4.909E-02
 HC3N+       =   3.433E+08   C4H3+       =   1.082E+08   ClO         =   1.504E+05
 HCCNC       =   5.238E+10   HNC3        =   5.842E+08   HMgNC       =   3.329E+12
 MgNCH+      =   4.906E+08   C4H4+       =   6.418E+05   SiC2        =   1.165E+17
 C3O         =   6.525E+07   C2N2+       =   7.647E+04   NCCN        =   3.773E+11
 HC3NH+      =   1.544E+09   C3O+        =   9.188E+03   HCCNCH+     =   6.900E+04
 HMgNCH+     =   4.574E+06   SiC2+       =   4.494E+09   CH2CHCCH    =   2.047E+08
 CH2CHCN     =   2.712E+05   SiC2H       =   3.339E+12   HC3O        =   9.805E+07
 CH2CHCN+    =   7.087E+01   NCCNH+      =   9.714E+05   HC3O+       =   7.291E+04
 CH2CHCCH2+  =   1.279E+01   C4H5+       =   5.356E+01   SiC2H+      =   7.221E+11
 SiNC        =   1.578E+14   SiC2H2      =   8.927E+11   SiC2H2+     =   7.091E+07
 HC3OH+      =   2.405E+06   HCCCHO      =   1.766E+06   CH2CHCNH+   =   6.777E+00
 CH2CHCHCH2  =   2.981E-03   SiNC+       =   1.565E+13   CCP+        =   4.995E+05
 C4H7+       =   2.343E-05   HCCCHOH+    =   4.079E-01   HCOCN+      =   5.275E+02
 SiC2H3+     =   2.948E+08   H2C3OH+     =   3.896E+05   C2H5CN      =   7.975E+07
 CCP         =   4.016E+13   HCOCN       =   1.027E+08   SiNCH+      =   3.882E+10
 Fe+         =   7.109E+14   C2S+        =   1.426E+09   H2COCN+     =   1.455E+01
 CaO         =   0.000E+00   Fe          =   2.745E+13   HNCOCH+     =   1.455E+01
 HC2P        =   2.232E+07   C2H5CNH+    =   9.604E+00   CH2CHCHO    =   4.329E+01
 C2S         =   5.394E+14   HC2P+       =   8.057E+08   CH2CHCHO+   =   3.987E-02
 CaOH        =   0.000E+00   HC2S+       =   2.649E+10   HCCS        =   1.534E+12
 CH2CHCHOH+  =   4.908E-06   PC2H2+      =   1.860E+02   CH3NCO+     =   3.768E-04
 CH3NCO      =   5.302E+03   NCS+        =   1.827E-02   H2C2S+      =   2.832E+04
 CH3NCOH+    =   2.062E-03   CH3COCH3    =   3.348E-06   CH3COCH3+   =   1.676E-10
 PC2H3+      =   7.104E-02   NaCl        =   1.070E+11   H2CCS       =   1.055E+08
 NCS         =   1.018E+10   NaClH+      =   2.364E+05   PC2H4+      =   9.703E-07
 HNCS+       =   3.468E+00   HSCN+       =  -1.224E+02   HSCN        =   5.517E+05
 AlO2        =   0.000E+00   H3C2S+      =   3.353E+00   CH3CS+      =   2.665E+04
 HNCS        =   5.973E+05   CH3COCH4+   =   2.424E-09   HOCHCHOH+   =   4.862E-06
 H2SCN+      =   6.065E+02   SiS         =   1.019E+17   HOCHCHOH    =   3.193E+02
 H2NCS+      =   7.054E+02   C5-         =   5.010E+10   HNCSH+      =   1.412E+03
 OCS         =   2.077E+11   C5          =   5.856E+12   HOCH2CHO    =   2.022E-14
 HOCH2CHO+   =   3.709E-17   CH3COOH+    =   3.810E-16   HCOOCH3     =   4.850E-03
 C5+         =   2.205E+09   HCOOCH3+    =   2.709E-10   OCS+        =   4.970E+05
 CH3COOH     =   2.226E-13   SiO2        =   6.025E+10   SiS+        =   3.438E+09
 C3CCH       =   3.140E+09   HOCHCHOH2+  =   6.465E-05   C5H         =   1.024E+14
 HSiS        =   1.263E+09   CH3COOH2+   =   2.004E-20   C3CCH+      =   2.689E+03
 C5H-        =   1.431E+11   HOCH2CH2O+  =   2.169E-21   H2COOCH3+   =   1.088E-09
 SiSH+       =   5.992E+10   C5H+        =   2.144E+09   OCSH+       =   6.264E+04
 HSiO2+      =   7.102E+03   C4N         =   2.097E+13   C3CCH2+     =   4.721E+02
 C5H2+       =   8.639E+08   H2SiS+      =   8.713E+00   C5H2        =   3.464E+16
 C3HCCH      =   1.030E+09   H2SiS       =   2.295E+10   C3HCCH+     =   8.436E+02
 C4N+        =   1.992E+08   AlCl        =   0.000E+00   HC4N+       =   1.229E+06
 C5H3+       =   7.018E+09   C3HCCH2+    =   1.846E+02   AlHCl       =   0.000E+00
 H3SiS+      =   8.167E+03   HC4N        =   3.701E+12   CH2C3N      =   5.456E+09
 H2C4N+      =   1.163E+06   CH3C4H      =   1.783E+05   SO2         =   7.433E+04
 TiO         =   0.000E+00   S2+         =   1.590E+09   CH3C4H+     =   8.020E+02
 C4O+        =   3.144E+05   SiC3        =   8.657E+15   S2          =   2.772E+15
 C4O         =   1.119E+09   C5H4+       =   1.874E-09   TiO+        =   0.000E+00
 SiC3+       =   5.310E+11   SO2+        =   6.591E-01   H2CCCHCCH   =   1.441E+05
 AlH2Cl      =   0.000E+00   CH3C3N      =   4.815E+09   HC4O+       =   7.864E+05
 H2CCCHCN    =   1.726E+08   HCCCH2CN    =   1.195E+07   SiC3H       =   4.648E+11
 CH3C3N+     =   1.101E+06   C5H5+       =   7.904E+01   HS2         =   2.145E+13
 TiOH+       =   0.000E+00   HS2+        =   4.203E+08   CH2C3NH+    =   5.825E+03
 C5H5        =   7.809E-01   SiC3H+      =   9.364E+09   HOSO+       =   1.688E-01
 HC4O        =   8.734E+08   SiC3H2+     =   1.440E+09   C5H6+       =   6.327E-08
 HC4OH+      =   4.120E+06   H2S2+       =   9.550E+07   CH3C3NH+    =   7.476E+06
 H2S2        =   7.501E+09   C5H6        =   5.674E-06   HCCCH2CNH+  =   3.787E+00
 H2CCCHCNH+  =   6.576E+01   SiC3H3+     =   1.305E+06   C3P         =   1.937E+07
 H2C4OH+     =   1.218E+07   CH3CHCHCN   =   1.661E-05   CH3CHCHCN+  =   3.320E-08
 H3S2+       =   1.983E+08   C5H7+       =   1.753E-12   NCCNCH3+    =   1.289E+00
 C3S         =   6.031E+14   CH3CHCHCNH+ =   2.362E-12   PC3H+       =   7.774E+05
 C3S+        =   2.437E+09   HC3S+       =   2.088E+09   HC3S        =   2.923E+11
 HC3SH+      =   7.215E+08   Al2O        =   0.000E+00   H2CCCS      =   1.576E+08
 HCSC2H      =   6.544E+10   Cl2         =   2.720E-14   H3C3S+      =   2.570E+01
 HCSCN       =   6.444E+11   HCSC2H2+    =   1.907E+04   FeO         =   7.956E+01
 C6          =   1.758E+12   C6+         =   3.199E+10   HCSCNH+     =   2.946E+05
 C6-         =   1.530E+11   C6H+        =   3.376E+10   C6H-        =   1.928E+12
 FeOH        =   6.016E-03   MgC4H       =   6.111E+01   C6H         =   2.625E+14
 C5N-        =   7.138E+10   NaC3NH+     =   1.794E+04   MgC3N       =   3.009+113
 C6H2        =   1.073E+17   C5N+        =   8.642E+05   C6H2+       =   6.007E+10
 MgC4H2+     =   1.042E-02   C5N         =   6.826E+11   HC5N        =   4.818E+15
 MgC3NH+     =   4.144E+04   HC4NC+      =   3.894E+03   HC5N+       =   1.260E+06
 C6H3+       =   3.009+113   HC4NC       =   3.882E+09   C5O         =   3.704E+08
 NC4N        =   2.649E+15   SiC4+       =   3.163E+11   C6H4+       =   8.951E+03
 HC4NCH+     =   1.764E+03   HC5NH+      =   5.286E+08   C6H4        =   2.855E+07
 C5O+        =   9.710E+05   SiC4        =   1.454E+10   H3C5N+      =   1.533E+04
 HCCCHCHCN+  =  -4.457+178   SiC4H+      =   3.165E+06   C6H5        =   8.206E+01
 HC5O        =   4.201E+08   C6H5+       =   7.017E-01   HC5O+       =   4.427E+05
 HCCCHCHCN   =   9.746E+06   H2CCHC3N    =   9.736E+06   NC4NH+      =   1.130E+20
 H2CCHC3N+   =   4.300E-01   HCCCHCHCNH+ =   4.941E+00   C6H6        =   1.190E+05
 H2CCHC3NH+  =   5.922E+00   HC5OH+      =   9.445E+04   C6H6+       =   3.858E-02
 C4P+        =   6.983E-03   C6H7+       =   6.893E+00   H2C5OH+     =   1.508E+04
 C4P         =   3.759E+05   TiO2+       =   3.026-314   PC4H+       =   1.580E+04
 C4S+        =   8.174E+09   C4S         =   4.597E+54   TiO2        =   3.026-314
 TiO2H+      =  -2.747-104   HC4S        =   7.299E+08   HC4S+       =   8.377E+08
 HC4SH+      =   1.138E+07   C7+         =   4.848E+10   C7          =   2.051E+12
 C7-         =   3.556E+11   C7H+        =   9.729E+10   C7H-        =   1.347E+12
 C7H         =   8.629E+13   C7H2        =   1.819+126   Al2O2       =   3.026-314
 C7H2+       =   7.964E+10   C7H3+       =   3.602E+09   C6O+        =   4.423E+06
 H2CCCHC4H   =   7.084E+06   C7H4+       =  -1.255E+59   C6O         =   2.921E+09
 CH3C6H      =   4.542E+06   CH3C6H2+    =   8.207E+03   H2CCCHC3N+  =   6.999E+00
 HC6O        =   7.760E+09   H2CCCHC3N   =   6.213E+07   HC6O+       =   2.204E+07
 CH3C5N      =   3.698+270   H2CCCHC4H2+ =   8.208E+03   CH3C5NH+    =   4.639E+04
 H2CCCHC3NH+ =   3.002E+01   C5H5CCH     =   4.696E+00   HC6OH+      =   2.879E+03
 C5H4CCH2    =   4.421E-01   C5H5CCH2+   =   1.042E-03   C5H5CN      =   6.650E-06
 H2C6OH+     =   2.822E+04   C5H4CCH3+   =   5.766E-08   C5S         =   1.524E+14
 C5S+        =   2.291E+07   C5H5CNH+    =   7.674E-13   HC5S+       =   8.745E+07
 C8-         =   5.277E+11   C8          =   4.084E+12   C8+         =   1.200E+11
 C8H-        =   1.232E+12   MgC6H       =   1.714E+11   AlCl2       =   2.964-323
 C8H+        =   7.212E+10   C8H         =   2.357E+14   C8H2        =   7.780E+16
 AlHCl2      =   8.203-304   MgC6H2+     =   1.634E+06   NaC5NH+     =   1.108E+07
 MgC5N       =   3.009+113   C7N         =   5.961E+11   C7N+        =   3.498E+06
 C8H2+       =   1.726E+11   C7N-        =   1.203E+11   MgC5NH+     =   5.990E+07
 HC7N        =   1.113E+16   C8H3+       =   2.137E+09   HC7N+       =   7.299E+09
 C7O+        =   2.785E+07   C8H4+       =   5.137E+07   C7O         =   3.307E+10
 HC7NH+      =   3.079E+09   HC7O        =   2.723+280   H3C7N+      =   2.029E+03
 HC7O+       =   7.179E+07   C8H5+       =   2.419E-03   Al2O3       =   5.471-315
 C6H5CCH     =   1.054E+01   C6H5CCH+    =   4.477E-04   HC7OH+      =   2.124E+08
 H2C7OH+     =   5.970E+07   C6H5CN      =   1.316E+04   C6H5CCH2+   =   3.956E-07
 C6H5CNH+    =   6.825E-03   C9-         =   7.880E+11   C9          =   2.032E+12
 C9+         =   1.926E+11   C9H-        =   1.330E+12   C9H+        =   2.146E+11
 C9H         =   7.110E+13   C9H2        =   5.524E+59   C9H2+       =   1.170E+11
 C9H3+       =   8.867E+09   C9H4+       =   7.350E+05   C8O+        =   5.185E+07
 CH3C8H      =   1.411E+00   C8O         =   4.566E+10   HC8O+       =   1.908E+08
 CH3C7N      =   1.333E+08   HC8O        =   3.586E+10   C9H5+       =   3.091E-02
 HC8OH+      =   2.099E+08   CH3C7NH+    =   2.364E+05   H2C8OH+     =   7.471E+07
 C10         =   1.246E+12   C10+        =   2.716E+11   C10-        =   6.829E+10
 C10H        =   1.794E+14   C10H-       =   6.239E+11   C10H+       =   2.317E+10
 MgC8H       =   6.240E+13   C9N         =   6.594E+11   C10H2+      =   1.452E+11
 C9N-        =   1.389E+11   C10H2       =   1.090E+17   MgC7N       =   1.165E+14
 NaC7NH+     =   4.656E+09   C9N+        =   7.152E+06   MgC8H2+     =   4.412E+08
 HC9N        =   2.108E+16   MgC7NH+     =   1.762E+10   HC9N+       =   7.877E+09
 C10H3+      =   1.914E+09   C9O+        =   9.335E+07   C9O         =   5.013E+10
 HC9NH+      =   5.880E+09   HC9O        =   1.138E+11   C10H5+      =   2.969E+03
 H3C9N+      =   3.072E+05   HC9O+       =   1.213E+08   HC9OH+      =   3.909E+08
 H2C9OH+     =   4.424E+07   C11+        =   2.238E+10   C11-        =   6.154E+10
 C11         =   2.906E+12   AlCl3       =   4.852-314   C11H+       =   8.022E+09
 C11H-       =   3.521E+11   C11H        =   9.431E+13   C11H2       =   1.028E+17
 C11H2+      =   1.218E+11   C11H3+      =   1.707E+09   CH3C9N      =   1.575E+08
 CH3C9NH+    =   3.510E+05   C12+        =   2.093E+10   C12         =   1.607E+16
 C11N-       =   1.393E+10   NaC9NH+     =   1.694E+11   C11N        =   1.016E+11
 HC11N+      =   6.697E+09   HC11N       =   1.185E+16   HC11NH+     =   4.006E+09
 H2C11NH+    =   3.170E+05   e-          =   3.710E+17   H2          =   7.016E+22
