


                   **  CALCULATED COLUMN DENSITIES  **


 H+          =   1.762E+13   H           =   6.103E+19   H-          =   2.081E+08
 H2+         =   9.684E+07   H3+         =   1.877E+10   He          =   3.765E+20
 He+         =   1.071E+12   HeH+        =   4.001E+06   C-          =   2.946E+06
 C           =   5.343E+15   C+          =   9.994E+15   CH-         =   3.685E+03
 CH          =   2.859E+12   CH+         =   3.486E+08   CH2         =   1.131E+13
 N           =   6.438E+15   CH2+        =   2.184E+09   N+          =   3.126E+09
 CH3         =   2.806E+13   NH+         =   8.745E+05   NH          =   2.895E+12
 CH3+        =   4.330E+10   O+          =   7.380E+07   NH2         =   2.825E+12
 CH4+        =   4.873E+08   O           =   5.840E+15   O-          =   3.319E+06
 CH4         =   7.208E+15   NH2+        =   1.122E+07   NH3         =   1.226E+14
 OH+         =   3.839E+06   OH          =   9.431E+13   OH-         =   6.330E+05
 CH5+        =   4.959E+09   NH3+        =   8.906E+09   H2O         =   5.386E+15
 NH4+        =   1.393E+11   H2O+        =   3.484E+07   F           =   5.574E+11
 F+          =   4.970E+03   H3O+        =   9.611E+10   HF          =   3.701E+13
 HF+         =   7.737E+02   H2F+        =   1.008E+08   Na+         =   1.367E+12
 Na          =   2.064E+13   Mg          =   2.105E+13   Mg+         =   1.072E+12
 C2-         =   5.459E+05   C2+         =   3.762E+10   C2          =   1.280E+15
 C2H-        =   1.555E+08   C2H+        =   2.718E+10   C2H         =   3.927E+14
 CN          =   2.234E+15   CN+         =   2.670E+06   C2H2        =   9.045E+16
 CN-         =   3.017E+08   C2H2+       =   2.184E+12   HCN+        =   7.122E+06
 Al          =   0.000E+00   Al+         =   0.000E+00   HNC         =   5.085E+13
 C2H3        =   9.090E+09   C2H3+       =   8.877E+12   HCN         =   8.518E+16
 H2NC        =   1.305E+09   AlH         =   0.000E+00   HCNH+       =   2.047E+13
 Si          =   3.127E+14   C2H4+       =   6.491E+09   Si+         =   1.945E+15
 H2CN        =   4.035E+09   H2NC+       =   5.137E+08   CO          =   1.767E+18
 N2          =   8.668E+16   C2H4        =   1.357E+14   AlH+        =   0.000E+00
 N2+         =   8.738E+04   CO+         =   8.216E+07   C2H5        =   1.151E+05
 HCO         =   1.333E+09   HOC+        =   5.783E+08   SiH         =   1.061E+12
 CH2NH       =   2.037E+09   N2H+        =   7.368E+08   H2CNH+      =   6.979E+04
 AlH2        =   0.000E+00   HCO+        =   1.359E+11   SiH+        =   3.195E+07
 H2NCH+      =   4.731E+04   C2H5+       =   1.682E+09   CH2NH2      =   1.460E+04
 SiH2+       =   5.892E+08   H2CO+       =   4.308E+08   CH3NH       =   7.428E+04
 CH4N+       =   3.570E+07   CH2NH2+     =   9.075E+04   H2CO        =   3.921E+11
 CH3CH3+     =   1.929E-02   AlH3        =   0.000E+00   NO+         =   3.088E+09
 SiH2        =   6.068E+04   CH3CH3      =   2.833E-01   NO          =   2.697E+12
 CH3NH2      =   3.614E+05   P+          =   1.016E+12   CH3O        =   6.248E+04
 P           =   2.294E+11   H2COH+      =   3.594E+07   SiH3+       =   1.786E+04
 CH3NH2+     =   3.595E+03   CH2OH       =   1.008E+05   C2H7+       =   5.535E-08
 HNO+        =   3.604E+05   SiH3        =   3.050E+00   HNO         =   4.240E+09
 CF+         =   2.945E+10   SiH4        =   6.026E+00   O2          =   5.280E+11
 S           =   1.202E+15   H2NO+       =   1.781E+04   O2+         =   1.396E+08
 CH3NH3+     =   5.796E+04   O2-         =   2.784E-05   S+          =   9.483E+14
 CH3OH       =   1.123E+06   PH+         =   3.148E+05   PH          =   3.428E+07
 SiH4+       =   1.923E-10   S-          =   3.130E+06   CH3OH+      =   2.316E+02
 HS          =   9.290E+11   PH2+        =   3.907E+05   HS+         =   4.241E+08
 SiH5+       =   1.285E+00   O2H         =   7.829E+01   CH3OH2+     =   1.774E+06
 O2H+        =   3.590E+01   PH2         =   1.621E+01   PH3+        =   1.952E+01
 H2S         =   7.376E+12   H2O2+       =   5.809E-11   PH3         =   1.577E-02
 H2S+        =   2.103E+08   H2O2        =   9.656E-08   H3S+        =   4.656E+08
 PH4+        =   5.098E-08   Cl          =   4.344E+13   Cl+         =   9.236E+11
 C3          =   3.096E+14   C3+         =   1.385E+10   HCl+        =   1.620E+09
 C3-         =   1.344E+05   HCl         =   6.754E+14   C3H         =   3.031E+14
 H2Cl+       =   6.598E+09   C3H+        =   1.672E+11   C3H-        =   2.792E+06
 C3H2+       =   1.071E+11   C2N         =   1.296E+13   CNC+        =   4.916E+11
 H2CCC       =   4.878E+12   C2N+        =   7.390E+09   C3H2        =   1.455E+13
 H2CCCH+     =   7.006E+11   C3H3+       =   1.996E+11   HCCN        =   3.374E+11
 C2NH+       =   1.899E+10   CH2CCH      =   1.237E+12   CH2CN+      =   1.690E+08
 SiC+        =   1.982E+09   MgO         =   2.663E+04   C2O+        =   1.063E+06
 Ca          =   0.000E+00   Ca+         =   0.000E+00   Ar          =   0.000E+00
 CH2CN       =   6.832E+08   SiC         =   6.817E+13   C2O         =   1.715E+10
 Ar+         =   0.000E+00   C3H4+       =   4.537E+08   CH2CCH2     =   1.112E+11
 CH3CCH      =   3.379E+11   CH3CN+      =   2.758E+05   ArH+        =   0.000E+00
 C3H5+       =   7.718E+10   MgOH        =   9.398E+06   CH2CCH3+    =   4.038E+05
 HCSi        =   1.682E+13   CH3CN       =   6.045E+11   HCCO        =   3.141E+09
 HC2O+       =   2.869E+09   HCSi+       =   1.984E+09   C3H5        =   1.195E+03
 H2CCO+      =   5.413E+08   OCN+        =   2.856E+02   CH3CHCH2    =   4.426E+05
 SiCH2       =   2.122E+11   SiN+        =   9.255E+09   CH2CO       =   4.828E+08
 C3H6+       =   3.224E+01   CNO         =   1.506E-04   SiCH2+      =   3.127E+11
 CH2CO+      =   0.000E+00   SiN         =   1.661E+12   OCN         =   7.662E+09
 CH3CNH+     =   1.075E+11   HCNO+       =   6.139E-04   AlO         =   0.000E+00
 HONC        =   1.870E+02   SiCH3+      =   4.258E+06   CP          =   9.452E+11
 HOCN+       =   1.388E+02   HNCO        =   6.017E+07   HNSi+       =   1.236E+03
 CP+         =   1.772E+06   HOCN        =   1.741E+06   C3H7+       =   7.021E-01
 SiCH3       =   1.012E+08   CH3CO+      =   1.760E+07   HNSi        =   1.292E+11
 HNCO+       =   1.246E+06   HCNO        =   4.633E+06   HONC+       =   2.775E-08
 AlOH        =   0.000E+00   HCNOH+      =   1.381E+01   HCP         =   5.254E+13
 CH3CHO+     =   1.070E+05   CH3CHO      =   9.914E+07   H2OCN+      =   1.273E+01
 CO2+        =   2.200E+00   SiO         =   1.031E+16   H2NCO+      =   2.562E+02
 CH2CHOH     =   2.184E+08   N2O+        =   6.486E+04   N2O         =   1.101E+08
 HNCOH+      =   1.241E+06   CO2         =   1.107E+12   SiO+        =   2.510E+09
 CH2CHOH+    =   3.991E+04   HCP+        =   2.722E+06   SiCH4+      =   4.320E+06
 CS          =   2.164E+16   H2CNO+      =   1.342E+01   SiNH2+      =   6.718E+09
 CS+         =   1.389E+10   HCO2+       =   1.389E+07   NH2CHO+     =   3.019E-02
 HCS         =   4.208E+09   CH3OCH2     =   2.665E-03   PCH2+       =   6.735E+08
 CH2CH2OH    =   3.896E+00   SiOH        =   2.027E+04   CH3CHOH     =   1.808E+00
 HN2O+       =   8.912E+00   NH2CHO      =   8.759E+00   SiOH+       =   4.439E+12
 CH3OCH2+    =   8.557E-10   PN+         =   7.346E+05   CH3CHOH+    =   3.114E+07
 HSiO        =   4.315E+01   CH2CHOH2+   =   8.229E+02   HCS+        =   4.324E+11
 PN          =   6.278E+11   NH3CHO+     =   6.180E-05   HCOOH       =   7.250E+06
 CH3OCH3     =   1.766E-01   H2CS        =   2.509E+12   CH2PH       =   5.137E+03
 H2SiO+      =   8.190E+00   NO2+        =   9.489E+00   PCH3+       =   8.408E+02
 HCOOH+      =   9.816E+03   NO2         =   8.739E+04   C2H5OH+     =   1.451E+00
 H2SiO       =   5.994E+02   HPN+        =   1.748E+05   CH3OCH3+    =   6.090E-04
 NS+         =   2.200E+09   H2CS+       =   2.962E+09   NS          =   1.433E+11
 C2H5OH      =   9.589E+02   AlF         =   0.000E+00   PO+         =   3.719E+07
 HCOOH2+     =   1.978E+06   PO          =   1.837E+09   HNS+        =   1.464E+05
 CH3OCH4+    =   6.080E-04   C2H5OH2+    =   2.739E+02   CCl         =   3.322E+07
 SiF+        =   5.598E+10   CCl+        =   1.433E+09   H2CSH+      =   4.587E+10
 H3SiO+      =   4.160E-03   PNH2+       =   7.823E+04   PCH4+       =   2.936E+02
 Ti          =   0.000E+00   HPO+        =   2.148E+07   Ti+         =   0.000E+00
 MgC2        =   1.362E+08   SO          =   9.829E+11   HCCl+       =   3.773E+00
 CH3SH+      =   2.414E+04   SO+         =   6.610E+10   HCCl        =   1.264E+07
 PNH3+       =   2.111E+01   C4-         =   2.191E+10   HPO         =   1.413E+04
 C4          =   1.741E+13   C4+         =   1.194E+09   CH3SH       =   3.479E+01
 C4H-        =   2.861E+05   H2CCl+      =   1.187E+06   C4H+        =   2.562E+09
 CH2Cl       =   9.810E+06   MgC2H       =   3.027E+08   C4H         =   1.436E+14
 HSO+        =   1.567E+06   H2PO+       =   4.793E+02   CH3SH2+     =   1.702E-04
 MgC2H+      =   6.063E+02   NaCN        =   4.108E+09   C4H2        =   2.811E+13
 C3N+        =   1.311E+06   NaCNH+      =   4.406E+04   MgNC        =   1.665E+10
 MgC2H2+     =   3.259E+02   C3N-        =   4.285E+09   CH3Cl       =   8.224E+06
 MgCN        =   1.803E+06   C3N         =   9.643E+13   C4H2+       =   4.353E+10
 CH3Cl+      =   3.244E+04   CH3ClH+     =   1.871E+06   HCCNC+      =   2.465E+05
 HC3N        =   2.863E+14   C4H3        =   2.393E+11   ClO+        =   2.763E-06
 HC3N+       =   1.886E+10   C4H3+       =   2.265E+12   ClO         =   4.737E-03
 HCCNC       =   3.121E+11   HNC3        =   3.371E+10   HMgNC       =   1.910E+08
 MgNCH+      =   1.010E+05   C4H4+       =   6.272E+09   SiC2        =   4.036E+16
 C3O         =   7.929E+08   C2N2+       =   1.186E+06   NCCN        =   7.164E+12
 HC3NH+      =   1.324E+11   C3O+        =   6.405E+02   HCCNCH+     =   2.040E+06
 HMgNCH+     =   9.777E+02   SiC2+       =   1.108E+10   CH2CHCCH    =   2.809E+10
 CH2CHCN     =   2.720E+11   SiC2H       =   2.376E+11   HC3O        =   2.163E+09
 CH2CHCN+    =   1.537E+08   NCCNH+      =   3.479E+08   HC3O+       =   9.399E+06
 CH2CHCCH2+  =   4.538E+04   C4H5+       =   2.095E+09   SiC2H+      =   3.834E+12
 SiNC        =   1.553E+09   SiC2H2      =   8.185E+11   SiC2H2+     =   9.665E+09
 HC3OH+      =   8.579E+06   HCCCHO      =   3.053E+10   CH2CHCNH+   =   8.795E+07
 CH2CHCHCH2  =   4.078E+06   SiNC+       =   1.238E+11   CCP+        =   1.237E+08
 C4H7+       =   1.218E+06   HCCCHOH+    =   2.117E+05   HCOCN+      =   3.610E+04
 SiC2H3+     =   2.003E+10   H2C3OH+     =   1.732E+08   C2H5CN      =   1.247E+05
 CCP         =   1.667E+10   HCOCN       =   4.086E+07   SiNCH+      =   7.677E+07
 Fe+         =   1.249E+12   C2S+        =   2.282E+09   H2COCN+     =   8.709E+01
 CaO         =   0.000E+00   Fe          =   2.090E+13   HNCOCH+     =   8.709E+01
 HC2P        =   6.776E+06   C2H5CNH+    =   4.771E+03   CH2CHCHO    =   1.536E+05
 C2S         =   1.361E+14   HC2P+       =   5.895E+08   CH2CHCHO+   =   1.053E+02
 CaOH        =   0.000E+00   HC2S+       =   3.268E+12   HCCS        =   4.622E+11
 CH2CHCHOH+  =   9.221E-01   PC2H2+      =   2.640E+05   CH3NCO+     =   9.835E-02
 CH3NCO      =   5.252E+04   NCS+        =   1.022E-04   H2C2S+      =   1.007E+07
 CH3NCOH+    =   2.934E-01   CH3COCH3    =   6.721E+00   CH3COCH3+   =   1.000E-02
 PC2H3+      =   1.571E+01   NaCl        =   1.435E+11   H2CCS       =   2.550E+08
 NCS         =   6.300E+07   NaClH+      =   8.209E+06   PC2H4+      =   4.176E+00
 HNCS+       =   3.884E-02   HSCN+       =  -3.482+267   HSCN        =   3.130E+03
 AlO2        =   0.000E+00   H3C2S+      =   5.227E+02   CH3CS+      =   5.465E+08
 HNCS        =   3.596E+03   CH3COCH4+   =   9.598E-01   HOCHCHOH+   =   5.004E+00
 H2SCN+      =   1.911E+01   SiS         =   1.274E+16   HOCHCHOH    =   3.091E+06
 H2NCS+      =   2.207E+01   C5-         =   1.061E+10   HNCSH+      =   4.431E+01
 OCS         =   3.594E+12   C5          =   2.343E+12   HOCH2CHO    =   4.984E-02
 HOCH2CHO+   =   4.124E-05   CH3COOH+    =   2.115E-05   HCOOCH3     =   2.014E-01
 C5+         =   5.617E+08   HCOOCH3+    =   3.846E-05   OCS+        =   1.357E+10
 CH3COOH     =   3.907E-02   SiO2        =   9.106E+09   SiS+        =   4.502E+09
 C3CCH       =   1.149E+13   HOCHCHOH2+  =   5.440E+00   C5H         =   3.166E+12
 HSiS        =   9.890E+07   CH3COOH2+   =   1.451E-07   C3CCH+      =   1.399E+07
 C5H-        =   1.017E+10   HOCH2CH2O+  =   1.257E-07   H2COOCH3+   =   2.045E-02
 SiSH+       =   2.725E+10   C5H+        =   1.567E+10   OCSH+       =   5.566E+06
 HSiO2+      =   2.617E+04   C4N         =   9.993E+11   C3CCH2+     =   4.230E+07
 C5H2+       =   7.959E+10   H2SiS+      =   4.754E+02   C5H2        =   2.360E+13
 C3HCCH      =   2.100E+11   H2SiS       =   2.863E+06   C3HCCH+     =   3.783E+05
 C4N+        =   2.092E+09   AlCl        =   0.000E+00   HC4N+       =   2.896E+07
 C5H3+       =   7.609E+10   C3HCCH2+    =   5.210E+05   AlHCl       =   0.000E+00
 H3SiS+      =   1.816E+01   HC4N        =   5.037E+12   CH2C3N      =   2.497E+11
 H2C4N+      =   2.876E+07   CH3C4H      =   2.505E+11   SO2         =   1.496E+09
 TiO         =   0.000E+00   S2+         =   2.407E+09   CH3C4H+     =   4.614E+08
 C4O+        =   6.181E+05   SiC3        =   1.397E+13   S2          =   4.157E+09
 C4O         =   1.657E+09   C5H4+       =   9.939E+00   TiO+        =   0.000E+00
 SiC3+       =   4.852E+11   SO2+        =   3.324E+04   H2CCCHCCH   =   2.375E+11
 AlH2Cl      =   0.000E+00   CH3C3N      =   1.892E+11   HC4O+       =   2.562E+06
 H2CCCHCN    =   8.862E+10   HCCCH2CN    =   4.810E+09   SiC3H       =   5.799E+10
 CH3C3N+     =   2.835E+07   C5H5+       =   9.522E+10   HS2         =   3.478E+07
 TiOH+       =   0.000E+00   HS2+        =   4.283E+06   CH2C3NH+    =   1.941E+06
 C5H5        =   1.329E+09   SiC3H+      =   3.365E+10   HOSO+       =   1.430E+05
 HC4O        =   5.050E+08   SiC3H2+     =   1.781E+09   C5H6+       =   1.263E+03
 HC4OH+      =   4.129E+06   H2S2+       =   5.190E+06   CH3C3NH+    =   9.227E+08
 H2S2        =   5.398E+06   C5H6        =   9.423E+06   HCCCH2CNH+  =   1.121E+04
 H2CCCHCNH+  =   2.828E+05   SiC3H3+     =   4.780E+08   C3P         =   4.042E+06
 H2C4OH+     =   1.996E+07   CH3CHCHCN   =   2.380E+04   CH3CHCHCN+  =   4.958E+01
 H3S2+       =   7.409E+05   C5H7+       =   2.612E+06   NCCNCH3+    =   4.986E+03
 C3S         =   8.343E+12   CH3CHCHCNH+ =   1.439E-01   PC3H+       =   1.300E+05
 C3S+        =   2.307E+11   HC3S+       =   1.773E+10   HC3S        =   8.565E+11
 HC3SH+      =   1.402E+09   Al2O        =   0.000E+00   H2CCCS      =   4.376E+10
 HCSC2H      =   1.270E+11   Cl2         =   2.421E-29   H3C3S+      =   1.816E+05
 HCSCN       =   2.874E+11   HCSC2H2+    =   5.195E+05   FeO         =   1.191E+06
 C6          =   2.177E+11   C6+         =   3.857E+09   HCSCNH+     =   8.126E+05
 C6-         =   1.087E+10   C6H+        =   8.420E+09   C6H-        =   5.366E+10
 FeOH        =   4.632E+06   MgC4H       =   1.175E+04   C6H         =   3.859E+12
 C5N-        =   4.554E+10   NaC3NH+     =   1.398E+04   MgC3N       =  -7.486+211
 C6H2        =   8.676E+13   C5N+        =   1.937E+07   C6H2+       =   2.190E+10
 MgC4H2+     =   3.315E+01   C5N         =   4.290E+12   HC5N        =   2.818E+13
 MgC3NH+     =   1.350E+05   HC4NC+      =   5.968E+05   HC5N+       =   2.872E+07
 C6H3+       =  -7.486+211   HC4NC       =   3.569E+09   C5O         =   8.182E+08
 NC4N        =   1.603E+13   SiC4+       =   2.514E+11   C6H4+       =   5.392E+09
 HC4NCH+     =   4.467E+02   HC5NH+      =   5.452E+08   C6H4        =  -1.588+280
 C5O+        =   4.008E+05   SiC4        =   3.735E+11   H3C5N+      =   1.013E+07
 HCCCHCHCN+  =   4.126E+04   SiC4H+      =   1.209E+11   C6H5        =   9.092E+10
 HC5O        =   7.162E+08   C6H5+       =   2.218E+30   HC5O+       =   1.941E+05
 HCCCHCHCN   =   4.734E+10   H2CCHC3N    =   1.252E+10   NC4NH+      =   4.812E+07
 H2CCHC3N+   =   2.234E+04   HCCCHCHCNH+ =   7.100E+05   C6H6        =   4.127E+12
 H2CCHC3NH+  =   6.207E+04   HC5OH+      =   3.443E+06   C6H6+       =   5.575E+07
 C4P+        =   7.202E-02   C6H7+       =  -3.382+111   H2C5OH+     =   3.476E+07
 C4P         =   6.280E+05   TiO2+       =   3.015-314   PC4H+       =   4.644E+04
 C4S+        =   1.478E+11   C4S         =   2.320+161   TiO2        =   3.015-314
 TiO2H+      =  -1.006-248   HC4S        =   1.942E+12   HC4S+       =   4.778E+10
 HC4SH+      =   2.057E+10   C7+         =   3.499E+09   C7          =   8.555E+10
 C7-         =   3.339E+10   C7H+        =   1.377E+10   C7H-        =   4.813E+10
 C7H         =   1.468E+12   C7H2        =  -3.022E+25   Al2O2       =   3.015-314
 C7H2+       =   7.150E+09   C7H3+       =   5.023E+09   C6O+        =   6.009E+05
 H2CCCHC4H   =   8.139E+09   C7H4+       =  -9.170+144   C6O         =   5.647E+08
 CH3C6H      =   5.515E+09   CH3C6H2+    =   1.317E+08   H2CCCHC3N+  =   6.225E+04
 HC6O        =   1.801E+09   H2CCCHC3N   =   3.933E+10   HC6O+       =   8.008E+06
 CH3C5N      =   6.663E+09   H2CCCHC4H2+ =   1.317E+08   CH3C5NH+    =   1.857E+05
 H2CCCHC3NH+ =   1.720E+05   C5H5CCH     =   2.786E+09   HC6OH+      =   1.658E+04
 C5H4CCH2    =   9.495E+08   C5H5CCH2+   =   4.327E+07   C5H5CN      =   9.070+164
 H2C6OH+     =   3.015E+04   C5H4CCH3+   =   1.150E+03   C5S         =   2.631E+13
 C5S+        =   5.072E+09   C5H5CNH+    =   1.401E+01   HC5S+       =   4.582E+08
 C8-         =   5.671E+10   C8          =   3.871+255   C8+         =   9.511E+09
 C8H-        =   4.307E+10   MgC6H       =   2.666E+07   AlCl2       =   2.964-323
 C8H+        =   4.137E+09   C8H         =   2.707E+12   C8H2        =   4.422E+13
 AlHCl2      =  -3.535+130   MgC6H2+     =   5.279E+04   NaC5NH+     =   9.776E+05
 MgC5N       =  -7.486+211   C7N         =   1.311E+11   C7N+        =   3.572E+05
 C8H2+       =   1.284E+10   C7N-        =   2.354E+09   MgC5NH+     =   2.928E+07
 HC7N        =   1.506E+13   C8H3+       =   1.487E+09   HC7N+       =   1.653E+09
 C7O+        =   1.092E+06   C8H4+       =   6.875E+08   C7O         =   8.463E+08
 HC7NH+      =   1.023E+09   HC7O        =  -3.078+257   H3C7N+      =   5.760E+05
 HC7O+       =   1.986E+06   C8H5+       =   1.469E+05   Al2O3       =   5.471-315
 C6H5CCH     =   1.080E+11   C6H5CCH+    =   4.362E+07   HC7OH+      =   1.364E+07
 H2C7OH+     =   3.292E+06   C6H5CN      =   8.131E+11   C6H5CCH2+   =   1.540E+05
 C6H5CNH+    =   5.316E+06   C9-         =   7.699E+10   C9          =   9.070E+10
 C9+         =   1.445E+10   C9H-        =   3.063E+10   C9H+        =   1.849E+10
 C9H         =   6.238E+11   C9H2        =   8.974E+77   C9H2+       =   5.418E+09
 C9H3+       =   4.928E+08   C9H4+       =   1.838E+08   C8O+        =   1.360E+06
 CH3C8H      =   4.850E+04   C8O         =  -6.240+150   HC8O+       =   2.351E+06
 CH3C7N      =   1.012E+07   HC8O        =   7.842E+08   C9H5+       =   2.212E+03
 HC8OH+      =   1.768E+06   CH3C7NH+    =   5.926E+04   H2C8OH+     =   6.109E+06
 C10         =   3.636E+10   C10+        =   2.283E+10   C10-        =   6.915E+09
 C10H        =   5.187E+11   C10H-       =   6.017E+09   C10H+       =   4.175E+09
 MgC8H       =   2.353E+09   C9N         =   2.426E+10   C10H2+      =   5.308E+09
 C9N-        =   5.868E+08   C10H2       =   1.166E+13   MgC7N       =   4.694E+09
 NaC7NH+     =   6.236E+07   C9N+        =   3.961E+05   MgC8H2+     =   3.461E+06
 HC9N        =   3.405E+12   MgC7NH+     =   2.062E+08   HC9N+       =   3.812E+08
 C10H3+      =   2.695E+07   C9O+        =   1.681E+06   C9O         =   5.872E+08
 HC9NH+      =   1.317E+08   HC9O        =   1.218E+09   C10H5+      =   2.650E+05
 H3C9N+      =   2.048E+05   HC9O+       =   4.372E+05   HC9OH+      =   1.919E+06
 H2C9OH+     =   1.563E+06   C11+        =   3.207E+09   C11-        =   1.772E+09
 C11         =   1.018E+10   AlCl3       =   4.852-314   C11H+       =   1.060E+09
 C11H-       =   1.840E+09   C11H        =   1.589E+11   C11H2       =   4.292E+12
 C11H2+      =   1.721E+09   C11H3+      =   1.917E+07   CH3C9N      =   1.738E+06
 CH3C9NH+    =   8.866E+03   C12+        =   1.342E+09   C12         =   2.256E+10
 C11N-       =   4.043E+07   NaC9NH+     =   5.153E+07   C11N        =   1.349E+09
 HC11N+      =   1.515E+08   HC11N       =   1.404E+12   HC11NH+     =   1.737E+07
 H2C11NH+    =   3.100E+04   e-          =   1.299E+16   H2          =   2.184E+21
