  **  PHYSICAL PARAMETERS  **


   RADIUS      n(Htot)     TEMP        A_UV EFF    RAD. EFF    CO K(PH)    CO K(IP)    CO K(AP)    DELTA_AUV   
   1.020E+014  4.333E+007  1.415E+003  1.099E+001  1.904E-006  0.000E+000  0.000E+000  0.000E+000  2.198E-001
   1.093E+014  3.774E+007  1.348E+003  1.026E+001  4.195E-006  1.717E-019  0.000E+000  0.000E+000  9.534E-001
   1.171E+014  3.287E+007  1.284E+003  9.572E+000  8.802E-006  3.642E-019  0.000E+000  0.000E+000  1.638E+000
   1.255E+014  2.863E+007  1.224E+003  8.933E+000  1.764E-005  7.707E-019  0.000E+000  0.000E+000  2.277E+000
   1.345E+014  2.493E+007  1.166E+003  8.337E+000  3.388E-005  1.519E-018  0.000E+000  0.000E+000  2.873E+000
   1.441E+014  2.172E+007  1.111E+003  7.781E+000  6.250E-005  2.927E-018  0.000E+000  0.000E+000  3.430E+000
   1.544E+014  1.892E+007  1.058E+003  7.261E+000  1.110E-004  5.753E-018  0.000E+000  0.000E+000  3.949E+000
   1.654E+014  1.647E+007  1.008E+003  6.777E+000  1.905E-004  1.043E-017  0.000E+000  0.000E+000  4.434E+000
   1.773E+014  1.435E+007  9.608E+002  6.324E+000  3.160E-004  1.767E-017  0.000E+000  0.000E+000  4.886E+000
   1.899E+014  1.250E+007  9.154E+002  5.902E+000  5.082E-004  2.990E-017  0.000E+000  0.000E+000  5.308E+000
   2.035E+014  1.088E+007  8.722E+002  5.508E+000  7.940E-004  5.000E-017  0.000E+000  0.000E+000  5.702E+000
   2.181E+014  9.480E+006  8.310E+002  5.141E+000  1.207E-003  7.792E-017  0.000E+000  0.000E+000  6.070E+000
   2.337E+014  8.257E+006  7.918E+002  4.798E+000  1.788E-003  1.301E-016  0.000E+000  0.000E+000  6.413E+000
   2.504E+014  7.191E+006  7.544E+002  4.477E+000  2.587E-003  1.922E-016  0.000E+000  0.000E+000  6.733E+000
   2.683E+014  6.263E+006  7.188E+002  4.178E+000  3.659E-003  2.880E-016  0.000E+000  0.000E+000  7.032E+000
   2.875E+014  5.455E+006  6.849E+002  3.900E+000  5.069E-003  4.369E-016  0.000E+000  0.000E+000  7.311E+000
   3.080E+014  4.751E+006  6.526E+002  3.639E+000  6.886E-003  6.414E-016  0.000E+000  0.000E+000  7.571E+000
   3.301E+014  4.138E+006  6.217E+002  3.396E+000  9.184E-003  8.833E-016  0.000E+000  0.000E+000  7.814E+000
   3.537E+014  3.604E+006  5.924E+002  3.170E+000  1.204E-002  1.251E-015  0.000E+000  0.000E+000  8.041E+000
   3.790E+014  3.139E+006  5.644E+002  2.958E+000  1.554E-002  1.765E-015  0.000E+000  0.000E+000  8.252E+000
   4.061E+014  2.734E+006  5.378E+002  2.761E+000  1.975E-002  2.375E-015  0.000E+000  0.000E+000  8.450E+000
   4.351E+014  2.381E+006  5.124E+002  2.576E+000  2.476E-002  3.269E-015  0.000E+000  0.000E+000  8.634E+000
   4.662E+014  2.074E+006  4.882E+002  2.404E+000  3.063E-002  4.243E-015  0.000E+000  0.000E+000  8.806E+000
   4.996E+014  1.806E+006  4.652E+002  2.244E+000  3.743E-002  5.481E-015  0.000E+000  0.000E+000  8.966E+000
   5.353E+014  1.573E+006  4.432E+002  2.094E+000  4.521E-002  7.144E-015  0.000E+000  0.000E+000  9.116E+000
   5.736E+014  1.370E+006  4.223E+002  1.954E+000  5.402E-002  9.161E-015  0.000E+000  0.000E+000  9.256E+000
   6.146E+014  1.193E+006  4.024E+002  1.824E+000  6.388E-002  1.160E-014  0.000E+000  0.000E+000  9.386E+000
   6.586E+014  1.039E+006  3.834E+002  1.702E+000  7.482E-002  1.463E-014  0.000E+000  0.000E+000  9.508E+000
   7.057E+014  9.053E+005  3.653E+002  1.589E+000  8.685E-002  1.821E-014  0.000E+000  0.000E+000  9.622E+000
   7.561E+014  7.885E+005  3.480E+002  1.483E+000  9.994E-002  2.225E-014  0.000E+000  0.000E+000  9.728E+000
   8.102E+014  6.868E+005  3.316E+002  1.384E+000  1.141E-001  2.747E-014  0.000E+000  0.000E+000  9.827E+000
   8.682E+014  5.981E+005  3.159E+002  1.291E+000  1.292E-001  3.338E-014  0.000E+000  0.000E+000  9.919E+000
   9.303E+014  5.210E+005  3.010E+002  1.205E+000  1.454E-001  4.001E-014  0.000E+000  0.000E+000  1.001E+001
   9.968E+014  4.537E+005  2.868E+002  1.125E+000  1.624E-001  4.792E-014  0.000E+000  0.000E+000  1.009E+001
   1.068E+015  3.952E+005  2.733E+002  1.050E+000  1.803E-001  5.692E-014  0.000E+000  0.000E+000  1.016E+001
   1.144E+015  3.442E+005  2.604E+002  9.795E-001  1.990E-001  6.761E-014  0.000E+000  0.000E+000  1.023E+001
   1.226E+015  2.998E+005  2.481E+002  9.142E-001  2.183E-001  8.049E-014  0.000E+000  0.000E+000  1.030E+001
   1.314E+015  2.611E+005  2.364E+002  8.531E-001  2.383E-001  9.321E-014  0.000E+000  0.000E+000  1.036E+001
   1.408E+015  2.274E+005  2.252E+002  7.962E-001  2.588E-001  1.085E-013  0.000E+000  0.000E+000  1.041E+001
   1.509E+015  1.981E+005  2.146E+002  7.431E-001  2.798E-001  1.250E-013  0.000E+000  0.000E+000  1.047E+001
   1.617E+015  1.725E+005  2.045E+002  6.935E-001  3.011E-001  1.442E-013  0.000E+000  0.000E+000  1.052E+001
   1.732E+015  1.502E+005  1.948E+002  6.472E-001  3.228E-001  1.663E-013  0.000E+000  0.000E+000  1.056E+001
   1.856E+015  1.309E+005  1.856E+002  6.040E-001  3.446E-001  1.891E-013  0.000E+000  0.000E+000  1.061E+001
   1.989E+015  1.140E+005  1.769E+002  5.637E-001  3.666E-001  2.171E-013  0.000E+000  0.000E+000  1.065E+001
   2.131E+015  9.927E+004  1.685E+002  5.260E-001  3.886E-001  2.448E-013  0.000E+000  0.000E+000  1.068E+001
   2.283E+015  8.646E+004  1.606E+002  4.909E-001  4.106E-001  2.772E-013  0.000E+000  0.000E+000  1.072E+001
   2.447E+015  7.530E+004  1.530E+002  4.582E-001  4.326E-001  3.122E-013  0.000E+000  0.000E+000  1.075E+001
   2.622E+015  6.559E+004  1.458E+002  4.276E-001  4.543E-001  3.516E-013  0.000E+000  0.000E+000  1.078E+001
   2.809E+015  5.712E+004  1.389E+002  3.990E-001  4.759E-001  3.932E-013  0.000E+000  0.000E+000  1.081E+001
   3.010E+015  4.975E+004  1.323E+002  3.724E-001  4.972E-001  4.423E-013  0.000E+000  0.000E+000  1.084E+001
   3.226E+015  4.333E+004  1.261E+002  3.476E-001  5.181E-001  4.914E-013  0.000E+000  0.000E+000  1.086E+001
   3.456E+015  3.774E+004  1.201E+002  3.244E-001  5.387E-001  5.498E-013  0.000E+000  0.000E+000  1.089E+001
   3.703E+015  3.287E+004  1.144E+002  3.027E-001  5.589E-001  6.066E-013  0.000E+000  0.000E+000  1.091E+001
   3.968E+015  2.863E+004  1.090E+002  2.825E-001  5.786E-001  6.730E-013  0.000E+000  0.000E+000  1.093E+001
   4.252E+015  2.493E+004  1.039E+002  2.636E-001  5.978E-001  7.442E-013  0.000E+000  0.000E+000  1.095E+001
   4.556E+015  2.172E+004  9.900E+001  2.460E-001  6.165E-001  8.208E-013  0.000E+000  0.000E+000  1.096E+001
   4.882E+015  1.892E+004  9.432E+001  2.296E-001  6.347E-001  9.089E-013  0.000E+000  0.000E+000  1.098E+001
   5.231E+015  1.647E+004  8.987E+001  2.143E-001  6.523E-001  9.973E-013  0.000E+000  0.000E+000  1.100E+001
   5.605E+015  1.435E+004  8.563E+001  2.000E-001  6.693E-001  1.099E-012  0.000E+000  0.000E+000  1.101E+001
   6.006E+015  1.250E+004  8.159E+001  1.866E-001  6.857E-001  1.208E-012  0.000E+000  0.000E+000  1.102E+001
   6.436E+015  1.088E+004  7.773E+001  1.742E-001  7.015E-001  1.321E-012  0.000E+000  0.000E+000  1.104E+001
   6.896E+015  9.480E+003  7.407E+001  1.626E-001  7.167E-001  1.449E-012  0.000E+000  0.000E+000  1.105E+001
   7.389E+015  8.257E+003  7.057E+001  1.517E-001  7.314E-001  1.583E-012  0.000E+000  0.000E+000  1.106E+001
   7.918E+015  7.191E+003  6.724E+001  1.416E-001  7.454E-001  1.733E-012  0.000E+000  0.000E+000  1.107E+001
   8.484E+015  6.263E+003  6.406E+001  1.321E-001  7.588E-001  1.898E-012  0.000E+000  0.000E+000  1.108E+001
   9.091E+015  5.455E+003  6.104E+001  1.233E-001  7.717E-001  2.070E-012  0.000E+000  0.000E+000  1.109E+001
   9.741E+015  4.751E+003  5.816E+001  1.151E-001  7.840E-001  2.260E-012  0.000E+000  0.000E+000  1.110E+001
   1.044E+016  4.138E+003  5.541E+001  1.074E-001  7.957E-001  2.459E-012  0.000E+000  0.000E+000  1.110E+001
   1.118E+016  3.604E+003  5.280E+001  1.002E-001  8.069E-001  2.704E-012  0.000E+000  0.000E+000  1.111E+001
   1.198E+016  3.139E+003  5.031E+001  9.354E-002  8.176E-001  2.925E-012  0.000E+000  0.000E+000  1.112E+001
   1.284E+016  2.734E+003  4.793E+001  8.730E-002  8.278E-001  3.201E-012  0.000E+000  0.000E+000  1.112E+001
   1.376E+016  2.381E+003  4.567E+001  8.147E-002  8.375E-001  3.485E-012  0.000E+000  0.000E+000  1.113E+001
   1.474E+016  2.074E+003  4.351E+001  7.604E-002  8.467E-001  3.811E-012  0.000E+000  0.000E+000  1.113E+001
   1.580E+016  1.806E+003  4.146E+001  7.096E-002  8.554E-001  4.155E-012  0.000E+000  0.000E+000  1.114E+001
   1.693E+016  1.573E+003  3.950E+001  6.622E-002  8.637E-001  4.546E-012  0.000E+000  0.000E+000  1.114E+001
   1.814E+016  1.370E+003  3.764E+001  6.180E-002  8.716E-001  5.002E-012  0.000E+000  0.000E+000  1.115E+001
   1.944E+016  1.193E+003  3.586E+001  5.768E-002  8.791E-001  5.435E-012  0.000E+000  0.000E+000  1.115E+001
   2.083E+016  1.039E+003  3.417E+001  5.383E-002  8.861E-001  5.975E-012  0.000E+000  0.000E+000  1.116E+001
   2.232E+016  9.053E+002  3.255E+001  5.024E-002  8.928E-001  6.556E-012  0.000E+000  0.000E+000  1.116E+001
   2.391E+016  7.885E+002  3.102E+001  4.688E-002  8.992E-001  7.228E-012  0.000E+000  0.000E+000  1.116E+001
   2.562E+016  6.868E+002  2.955E+001  4.375E-002  9.052E-001  8.017E-012  0.000E+000  0.000E+000  1.117E+001
   2.745E+016  5.981E+002  2.816E+001  4.083E-002  9.109E-001  8.960E-012  0.000E+000  0.000E+000  1.117E+001
   2.942E+016  5.210E+002  2.683E+001  3.811E-002  9.162E-001  9.981E-012  0.000E+000  0.000E+000  1.117E+001
   3.152E+016  4.537E+002  2.556E+001  3.556E-002  9.213E-001  1.130E-011  0.000E+000  0.000E+000  1.117E+001
   3.378E+016  3.952E+002  2.436E+001  3.319E-002  9.261E-001  1.286E-011  0.000E+000  0.000E+000  1.118E+001
   3.619E+016  3.442E+002  2.321E+001  3.098E-002  9.306E-001  1.469E-011  0.000E+000  0.000E+000  1.118E+001
   3.878E+016  2.998E+002  2.211E+001  2.891E-002  9.349E-001  1.718E-011  0.000E+000  0.000E+000  1.118E+001
   4.155E+016  2.611E+002  2.107E+001  2.698E-002  9.389E-001  2.069E-011  0.000E+000  0.000E+000  1.118E+001
   4.452E+016  2.274E+002  2.007E+001  2.518E-002  9.427E-001  2.525E-011  0.000E+000  0.000E+000  1.119E+001
   4.771E+016  1.981E+002  1.913E+001  2.350E-002  9.463E-001  3.271E-011  0.000E+000  0.000E+000  1.119E+001
   5.112E+016  1.725E+002  1.822E+001  2.193E-002  9.496E-001  4.675E-011  0.000E+000  0.000E+000  1.119E+001
   5.478E+016  1.502E+002  1.736E+001  2.047E-002  9.528E-001  7.146E-011  0.000E+000  0.000E+000  1.119E+001
   5.869E+016  1.309E+002  1.654E+001  1.910E-002  9.557E-001  1.259E-010  0.000E+000  0.000E+000  1.119E+001
   6.289E+016  1.140E+002  1.576E+001  1.782E-002  9.585E-001  1.947E-010  0.000E+000  0.000E+000  1.119E+001
   6.739E+016  9.927E+001  1.502E+001  1.663E-002  9.612E-001  2.241E-010  0.000E+000  0.000E+000  1.119E+001
   7.221E+016  8.646E+001  1.431E+001  1.552E-002  9.636E-001  2.288E-010  0.000E+000  0.000E+000  1.119E+001
   7.737E+016  7.530E+001  1.363E+001  1.449E-002  9.659E-001  2.298E-010  0.000E+000  0.000E+000  1.120E+001
   8.291E+016  6.559E+001  1.299E+001  1.352E-002  9.681E-001  2.305E-010  0.000E+000  0.000E+000  1.120E+001
   8.884E+016  5.712E+001  1.238E+001  1.262E-002  9.702E-001  2.310E-010  0.000E+000  0.000E+000  1.120E+001
   9.519E+016  4.975E+001  1.179E+001  1.178E-002  9.721E-001  2.315E-010  0.000E+000  0.000E+000  1.120E+001
   1.020E+017  4.333E+001  1.124E+001  1.099E-002  9.739E-001  2.320E-010  0.000E+000  0.000E+000  1.120E+001
   1.093E+017  3.774E+001  1.071E+001  1.026E-002  9.756E-001  2.324E-010  0.000E+000  0.000E+000  1.120E+001
   1.171E+017  3.287E+001  1.020E+001  9.572E-003  9.771E-001  2.329E-010  0.000E+000  0.000E+000  1.120E+001
   1.255E+017  2.863E+001  1.000E+001  8.933E-003  9.786E-001  2.333E-010  0.000E+000  0.000E+000  1.120E+001
   1.345E+017  2.493E+001  1.000E+001  8.337E-003  9.800E-001  2.337E-010  0.000E+000  0.000E+000  1.120E+001
   1.441E+017  2.172E+001  1.000E+001  7.781E-003  9.813E-001  2.340E-010  0.000E+000  0.000E+000  1.120E+001
   1.544E+017  1.892E+001  1.000E+001  7.261E-003  9.825E-001  2.344E-010  0.000E+000  0.000E+000  1.120E+001
   1.654E+017  1.647E+001  1.000E+001  6.777E-003  9.837E-001  2.347E-010  0.000E+000  0.000E+000  1.120E+001
   1.773E+017  1.435E+001  1.000E+001  6.324E-003  9.847E-001  2.350E-010  0.000E+000  0.000E+000  1.120E+001
   1.899E+017  1.250E+001  1.000E+001  5.902E-003  9.857E-001  2.353E-010  0.000E+000  0.000E+000  1.120E+001
   2.035E+017  1.088E+001  1.000E+001  5.508E-003  9.867E-001  2.356E-010  0.000E+000  0.000E+000  1.120E+001
   2.181E+017  9.480E+000  1.000E+001  5.141E-003  9.875E-001  2.358E-010  0.000E+000  0.000E+000  1.121E+001
   2.337E+017  8.257E+000  1.000E+001  4.798E-003  9.884E-001  2.360E-010  0.000E+000  0.000E+000  1.121E+001
   2.504E+017  7.191E+000  1.000E+001  4.477E-003  9.891E-001  2.363E-010  0.000E+000  0.000E+000  1.121E+001
   2.683E+017  6.263E+000  1.000E+001  4.178E-003  9.898E-001  2.365E-010  0.000E+000  0.000E+000  1.121E+001
   2.875E+017  5.455E+000  1.000E+001  3.900E-003  9.905E-001  2.367E-010  0.000E+000  0.000E+000  1.121E+001
   3.080E+017  4.751E+000  1.000E+001  3.639E-003  9.911E-001  2.369E-010  0.000E+000  0.000E+000  1.121E+001
   3.301E+017  4.138E+000  1.000E+001  3.396E-003  9.917E-001  2.371E-010  0.000E+000  0.000E+000  1.121E+001
   3.537E+017  3.604E+000  1.000E+001  3.170E-003  9.923E-001  2.372E-010  0.000E+000  0.000E+000  1.121E+001
   3.790E+017  3.139E+000  1.000E+001  2.958E-003  9.928E-001  2.374E-010  0.000E+000  0.000E+000  1.121E+001
   4.061E+017  2.734E+000  1.000E+001  2.761E-003  9.933E-001  2.375E-010  0.000E+000  0.000E+000  1.121E+001
   4.351E+017  2.381E+000  1.000E+001  2.576E-003  9.937E-001  2.377E-010  0.000E+000  0.000E+000  1.121E+001
   4.662E+017  2.074E+000  1.000E+001  2.404E-003  9.941E-001  2.378E-010  0.000E+000  0.000E+000  1.121E+001
   4.996E+017  1.806E+000  1.000E+001  2.244E-003  9.945E-001  2.379E-010  0.000E+000  0.000E+000  1.121E+001
   5.353E+017  1.573E+000  1.000E+001  2.094E-003  9.949E-001  2.381E-010  0.000E+000  0.000E+000  1.121E+001
   5.736E+017  1.370E+000  1.000E+001  1.954E-003  9.952E-001  2.382E-010  0.000E+000  0.000E+000  1.121E+001
   6.146E+017  1.193E+000  1.000E+001  1.824E-003  9.955E-001  2.383E-010  0.000E+000  0.000E+000  1.121E+001
   6.586E+017  1.039E+000  1.000E+001  1.702E-003  9.958E-001  2.384E-010  0.000E+000  0.000E+000  1.121E+001
   7.057E+017  9.053E-001  1.000E+001  1.589E-003  9.961E-001  2.385E-010  0.000E+000  0.000E+000  1.121E+001
   7.561E+017  7.885E-001  1.000E+001  1.483E-003  9.964E-001  2.385E-010  0.000E+000  0.000E+000  1.121E+001
   8.102E+017  6.868E-001  1.000E+001  1.384E-003  9.966E-001  2.386E-010  0.000E+000  0.000E+000  1.121E+001
   8.682E+017  5.981E-001  1.000E+001  1.291E-003  9.968E-001  2.387E-010  0.000E+000  0.000E+000  1.121E+001
   9.303E+017  5.210E-001  1.000E+001  1.205E-003  9.970E-001  2.388E-010  0.000E+000  0.000E+000  1.121E+001
   9.968E+017  4.537E-001  1.000E+001  1.125E-003  9.972E-001  2.389E-010  0.000E+000  0.000E+000  1.121E+001
   1.068E+018  3.952E-001  1.000E+001  1.050E-003  9.974E-001  2.389E-010  0.000E+000  0.000E+000  1.121E+001
