


                   **  CALCULATED COLUMN DENSITIES  **


 H+          =   9.551E+13   H           =   1.529E+22   H-          =   4.975E+08
 H2+         =   6.764E+08   H3+         =   1.418E+11   He          =   1.255E+22
 He+         =   4.784E+12   HeH+        =   2.188E+07   C-          =   3.111E+05
 C           =   8.638E+14   C+          =   1.056E+16   CH-         =   6.719E-04
 CH          =   5.157E+11   CH+         =   9.765E+08   CH2         =   1.488E+09
 N           =   1.618E+18   CH2+        =   1.183E+09   N+          =   1.099E+10
 CH3         =   7.045E+08   NH+         =   3.078E+06   NH          =   1.468E+14
 CH3+        =   6.231E+09   O+          =   7.055E+07   NH2         =   4.057E+12
 CH4+        =   3.405E+05   O           =   1.430E+17   O-          =   9.936E+06
 CH4         =   5.075E+08   NH2+        =   6.471E+06   NH3         =   1.660E+15
 OH+         =   6.495E+08   OH          =   6.745E+16   OH-         =   8.006E+06
 CH5+        =   2.665E+06   NH3+        =   2.496E+09   H2O         =   1.624E+19
 NH4+        =   6.981E+09   H2O+        =   8.417E+09   F           =   2.804E+13
 F+          =   7.512E+04   H3O+        =   2.970E+12   HF          =   7.090E+14
 HF+         =   1.128E+04   H2F+        =   2.029E+08   Na+         =   7.111E+14
 Na          =   2.725E+13   Mg          =   2.716E+13   Mg+         =   7.112E+14
 C2-         =   2.448E+01   C2+         =   5.639E+07   C2          =   2.894E+10
 C2H-        =   2.810E-02   C2H+        =   2.594E+07   C2H         =   3.383E+09
 CN          =   7.329E+11   CN+         =   4.033E+04   C2H2        =   1.246E+08
 CN-         =   7.760E+01   C2H2+       =   9.416E+07   HCN+        =   1.170E+05
 Al          =   0.000E+00   Al+         =   0.000E+00   HNC         =   6.283E+08
 C2H3        =   4.581E+05   C2H3+       =   8.391E+05   HCN         =   6.892E+14
 H2NC        =   2.156E+05   AlH         =   0.000E+00   HCNH+       =   7.047E+07
 Si          =   2.169E+16   C2H4+       =   2.031E+05   Si+         =   5.836E+16
 H2CN        =   2.904E+05   H2NC+       =   7.279E+08   CO          =   2.218E+19
 N2          =   2.145E+18   C2H4        =   5.908E+01   AlH+        =   0.000E+00
 N2+         =   1.135E+06   CO+         =   4.981E+08   C2H5        =   5.565E-04
 HCO         =   2.126E+07   HOC+        =   4.660E+09   SiH         =   9.107E+09
 CH2NH       =   4.610E+05   N2H+        =   4.158E+09   H2CNH+      =   1.456E+01
 AlH2        =   0.000E+00   HCO+        =   1.170E+11   SiH+        =   3.900E+08
 H2NCH+      =   2.276E+01   C2H5+       =   1.994E-02   CH2NH2      =   1.568E+02
 SiH2+       =   2.528E+10   H2CO+       =   1.250E+06   CH3NH       =   5.225E+01
 CH4N+       =   8.314E+04   CH2NH2+     =   8.156E-01   H2CO        =   1.240E+08
 CH3CH3+     =   2.651E-11   AlH3        =   0.000E+00   NO+         =   5.817E+11
 SiH2        =   2.856E+06   CH3CH3      =   1.678E-08   NO          =   3.599E+16
 CH3NH2      =   1.703E+03   P+          =   3.086E+12   CH3O        =   1.704E+04
 P           =   4.208E+14   H2COH+      =   3.559E+05   SiH3+       =   1.105E+05
 CH3NH2+     =   5.758E-01   CH2OH       =   5.125E+04   C2H7+       =   1.026E-16
 HNO+        =   3.939E+07   SiH3        =   6.965E+00   HNO         =   1.597E+10
 CF+         =   8.705E+08   SiH4        =   4.117E+01   O2          =   9.163E+14
 S           =   1.760E+18   H2NO+       =   9.363E+04   O2+         =   8.226E+10
 CH3NH3+     =   7.472E+01   O2-         =   2.906E-05   S+          =   4.391E+15
 CH3OH       =   6.892E+08   PH+         =   9.192E+06   PH          =   1.894E+11
 SiH4+       =   3.082E-09   S-          =   1.321E+08   CH3OH+      =   3.055E+02
 HS          =   3.117E+15   PH2+        =   1.587E+06   HS+         =   5.767E+09
 SiH5+       =   1.815E-01   O2H         =   1.460E+04   CH3OH2+     =   6.053E+07
 O2H+        =   9.180E+03   PH2         =   1.249E+05   PH3+        =   6.564E+03
 H2S         =   4.610E+16   H2O2+       =   1.366E-14   PH3         =   8.229E-14
 H2S+        =   1.527E+09   H2O2        =   5.186E-08   H3S+        =   2.421E+07
 PH4+        =   3.069E-19   Cl          =   1.320E+14   Cl+         =   1.307E+11
 C3          =   5.003E+06   C3+         =   3.114E+05   HCl+        =   2.269E+08
 C3-         =   9.747E-03   HCl         =   6.062E+14   C3H         =   2.791E+06
 H2Cl+       =   2.874E+08   C3H+        =   2.049E+05   C3H-        =   1.220E-01
 C3H2+       =   2.201E+03   C2N         =   7.635E+06   CNC+        =   5.543E+04
 H2CCC       =   9.352E+03   C2N+        =   5.087E+04   C3H2        =   4.164E+06
 H2CCCH+     =   1.082E+05   C3H3+       =   1.506E+04   HCCN        =   2.515E+03
 C2NH+       =   1.040E+04   CH2CCH      =   3.369E-02   CH2CN+      =   1.167E+02
 SiC+        =   9.738E+07   MgO         =   2.262E+04   C2O+        =   2.156E+02
 Ca          =   0.000E+00   Ca+         =   0.000E+00   Ar          =  -7.426E-12
 CH2CN       =   2.434E+03   SiC         =   4.712E+10   C2O         =   5.002E+05
 Ar+         =  -6.179E-20   C3H4+       =   1.785E-04   CH2CCH2     =   1.125E-01
 CH3CCH      =   1.116E-01   CH3CN+      =   1.189E+01   ArH+        =  -4.620E-18
 C3H5+       =   1.162E-04   MgOH        =   2.481E+01   CH2CCH3+    =   2.312E-08
 HCSi        =   3.661E+10   CH3CN       =   1.291E+07   HCCO        =   1.421E+03
 HC2O+       =   1.248E+04   HCSi+       =   7.870E+07   C3H5        =   9.114E-14
 H2CCO+      =   6.622E+03   OCN+        =   2.212E+02   CH3CHCH2    =   1.857E-12
 SiCH2       =   9.632E+06   SiN+        =   2.301E+11   CH2CO       =   7.770E+06
 C3H6+       =   1.504E-16   CNO         =   7.202E-04   SiCH2+      =   3.866E+08
 CH2CO+      =   2.862E+06   SiN         =   3.799E+11   OCN         =   1.324E+08
 CH3CNH+     =   7.297E+04   HCNO+       =   2.173E-03   AlO         =   0.000E+00
 HONC        =   1.318E+04   SiCH3+      =   8.778E+01   CP          =   9.880E+07
 HOCN+       =   1.918E+02   HNCO        =   1.365E+08   HNSi+       =   4.621E+05
 CP+         =   2.359E+01   HOCN        =   2.427E+07   C3H7+       =   3.361E-20
 SiCH3       =   2.571E+04   CH3CO+      =   1.755E+06   HNSi        =   5.147E+12
 HNCO+       =   1.786E+06   HCNO        =   3.004E+08   HONC+       =   2.135E-06
 AlOH        =   0.000E+00   HCNOH+      =   1.123E+03   HCP         =   2.324E+08
 CH3CHO+     =   4.443E-05   CH3CHO      =   2.698E-01   H2OCN+      =   5.893E+02
 CO2+        =   2.513E+02   SiO         =   1.833E+18   H2NCO+      =   6.070E+02
 CH2CHOH     =   1.007E+00   N2O+        =   9.580E+04   N2O         =   2.519E+10
 HNCOH+      =   1.787E+06   CO2         =   3.088E+15   SiO+        =   1.383E+12
 CH2CHOH+    =   2.064E-04   HCP+        =   2.146E+01   SiCH4+      =   1.954E+02
 CS          =   1.472E+14   H2CNO+      =   1.085E+03   SiNH2+      =   1.983E+08
 CS+         =   1.421E+08   HCO2+       =   2.587E+08   NH2CHO+     =   7.716E-09
 HCS         =   4.941E+05   CH3OCH2     =   7.262E-02   PCH2+       =   2.138E+06
 CH2CH2OH    =   4.370E-08   SiOH        =   6.067E+05   CH3CHOH     =   9.591E-09
 HN2O+       =   6.293E+02   NH2CHO      =   1.614E-03   SiOH+       =   8.940E+14
 CH3OCH2+    =   1.952E-09   PN+         =   1.661E+08   CH3CHOH+    =   1.135E-02
 HSiO        =   6.898E+04   CH2CHOH2+   =   2.530E-06   HCS+        =   4.321E+09
 PN          =   6.127E+15   NH3CHO+     =   5.926E-09   HCOOH       =   4.051E+09
 CH3OCH3     =   1.662E-03   H2CS        =   8.669E+09   CH2PH       =   4.749E-03
 H2SiO+      =   1.277E+02   NO2+        =   7.379E+02   PCH3+       =   1.400E-03
 HCOOH+      =   7.580E+05   NO2         =   1.900E+07   C2H5OH+     =   1.631E-10
 H2SiO       =   2.751E+06   HPN+        =   1.022E+10   CH3OCH3+    =   9.073E-07
 NS+         =   2.464E+10   H2CS+       =   1.162E+07   NS          =   2.033E+16
 C2H5OH      =   4.098E-07   AlF         =   0.000E+00   PO+         =   2.620E+09
 HCOOH2+     =   1.468E+08   PO          =   2.784E+14   HNS+        =   3.507E+08
 CH3OCH4+    =   2.037E-03   C2H5OH2+    =   1.766E-08   CCl         =   2.009E+05
 SiF+        =   1.329E+12   CCl+        =   7.018E+06   H2CSH+      =   2.912E+04
 H3SiO+      =   9.357E+00   PNH2+       =   1.397E+03   PCH4+       =   1.850E-04
 Ti          =   0.000E+00   HPO+        =   3.189E+09   Ti+         =   0.000E+00
 MgC2        =   4.092E-03   SO          =   1.127E+16   HCCl+       =   1.398E-03
 CH3SH+      =   8.529E-05   SO+         =   2.186E+13   HCCl        =   4.431E+06
 PNH3+       =   1.092E+01   C4-         =   3.242E+02   HPO         =   3.927E+08
 C4          =   5.805E+04   C4+         =   2.891E+03   CH3SH       =   1.728E-20
 C4H-        =   8.526E-04   H2CCl+      =   3.065E+03   C4H+        =   3.707E+03
 CH2Cl       =   3.088E+05   MgC2H       =   1.241E-02   C4H         =   1.376E+05
 HSO+        =   1.032E+09   H2PO+       =   6.047E+06   CH3SH2+     =   6.938E-27
 MgC2H+      =   5.465E-08   NaCN        =   4.233E+02   C4H2        =   4.034E+03
 C3N+        =   5.764E+00   NaCNH+      =   1.775E+01   MgNC        =   4.467E+03
 MgC2H2+     =   2.536E-05   C3N-        =   1.650E+00   CH3Cl       =   3.103E+05
 MgCN        =   2.234E+03   C3N         =   1.072E+04   C4H2+       =   2.361E+02
 CH3Cl+      =   3.167E+01   CH3ClH+     =   1.145E+04   HCCNC+      =   2.163E-03
 HC3N        =   3.213E+02   C4H3        =   4.873E+01   ClO+        =   6.562E-10
 HC3N+       =   5.149E+00   C4H3+       =   1.119E+02   ClO         =   1.163E-02
 HCCNC       =   1.401E+02   HNC3        =   1.997E+00   HMgNC       =   1.750E-06
 MgNCH+      =   1.989E+02   C4H4+       =   6.038E-01   SiC2        =   1.043E+09
 C3O         =   2.161E+03   C2N2+       =   3.677E-03   NCCN        =   2.895E+03
 HC3NH+      =   1.418E+00   C3O+        =   4.628E-01   HCCNCH+     =   3.738E-04
 HMgNCH+     =   1.172E-11   SiC2+       =   1.138E+06   CH2CHCCH    =   4.229E-07
 CH2CHCN     =   1.534E-04   SiC2H       =   2.497E+06   HC3O        =   3.316E+03
 CH2CHCN+    =   1.338E-07   NCCNH+      =   3.866E-02   HC3O+       =   2.728E+00
 CH2CHCCH2+  =   1.145E-15   C4H5+       =   6.110E-07   SiC2H+      =   6.705E+06
 SiNC        =   4.578E+06   SiC2H2      =   1.009E+07   SiC2H2+     =   7.400E+02
 HC3OH+      =   1.761E+02   HCCCHO      =   5.474E+00   CH2CHCNH+   =   1.539E-07
 CH2CHCHCH2  =   2.148E-12   SiNC+       =   5.542E+06   CCP+        =   2.424E+00
 C4H7+       =   3.013E-14   HCCCHOH+    =   3.007E-05   HCOCN+      =   4.076E-01
 SiC2H3+     =   2.541E+02   H2C3OH+     =   1.452E+01   C2H5CN      =   1.144E-01
 CCP         =   1.284E+03   HCOCN       =   5.811E+03   SiNCH+      =   2.084E+03
 Fe+         =   7.111E+14   C2S+        =   1.729E+05   H2COCN+     =   1.406E-02
 CaO         =   0.000E+00   Fe          =   2.724E+13   HNCOCH+     =   1.406E-02
 HC2P        =   3.142E-03   C2H5CNH+    =   6.274E-04   CH2CHCHO    =   1.928E-04
 C2S         =   2.088E+08   HC2P+       =   1.770E+01   CH2CHCHO+   =   3.741E-07
 CaOH        =   0.000E+00   HC2S+       =   7.739E+05   HCCS        =   5.727E+05
 CH2CHCHOH+  =   1.632E-11   PC2H2+      =   3.421E-05   CH3NCO+     =   7.247E-08
 CH3NCO      =   1.912E-01   NCS+        =   1.856E-04   H2C2S+      =   1.073E+01
 CH3NCOH+    =   1.887E-06   CH3COCH3    =   2.076E-10   CH3COCH3+   =   2.170E-13
 PC2H3+      =   1.712E-08   NaCl        =   6.136E+08   H2CCS       =   1.303E+02
 NCS         =   9.402E+06   NaClH+      =   2.100E+04   PC2H4+      =   8.759E-12
 HNCS+       =   9.028E-03   HSCN+       =   2.442+137   HSCN        =   8.224E+02
 AlO2        =   0.000E+00   H3C2S+      =   1.125E-05   CH3CS+      =   1.836E-01
 HNCS        =   8.678E+02   CH3COCH4+   =   5.824E-12   HOCHCHOH+   =   1.628E-06
 H2SCN+      =   1.520E+00   SiS         =   3.429E+15   HOCHCHOH    =  -3.619E+77
 H2NCS+      =   1.782E+00   C5-         =   8.621E+00   HNCSH+      =   3.558E+00
 OCS         =   2.251E+10   C5          =   4.949E+02   HOCH2CHO    =   4.724E-09
 HOCH2CHO+   =   4.596E-14   CH3COOH+    =   7.032E-15   HCOOCH3     =   9.771E-04
 C5+         =   3.561E+01   HCOOCH3+    =   3.076E-10   OCS+        =   8.202E+06
 CH3COOH     =   1.581E-09   SiO2        =   1.535E+17   SiS+        =   2.233E+06
 C3CCH       =   3.475E+00   HOCHCHOH2+  =   7.910E-07   C5H         =   4.533E+02
 HSiS        =   1.428E+06   CH3COOH2+   =   1.829E-14   C3CCH+      =   4.404E-04
 C5H-        =   6.158E+00   HOCH2CH2O+  =   3.257E-14   H2COOCH3+   =   1.769E-06
 SiSH+       =   4.550E+08   C5H+        =   2.876E+01   OCSH+       =   1.408E+05
 HSiO2+      =   2.656E+10   C4N         =   1.666E+02   C3CCH2+     =   2.184E-07
 C5H2+       =   1.060E+00   H2SiS+      =   4.616E+00   C5H2        =   8.264E+03
 C3HCCH      =   7.044E-02   H2SiS       =   5.720E+02   C3HCCH+     =   9.339E-06
 C4N+        =   2.626E-01   AlCl        =   0.000E+00   HC4N+       =   4.547E-04
 C5H3+       =   4.258E-04   C3HCCH2+    =   4.595E-09   AlHCl       =   0.000E+00
 H3SiS+      =   1.895E-03   HC4N        =   8.727E-01   CH2C3N      =   4.536E-04
 H2C4N+      =   3.654E-04   CH3C4H      =   4.863E-05   SO2         =   1.357E+16
 TiO         =   0.000E+00   S2+         =   8.341E+09   CH3C4H+     =   9.646E-07
 C4O+        =   3.862E-01   SiC3        =   7.424E+05   S2          =   2.226E+15
 C4O         =   3.980E+02   C5H4+       =   3.530E-22   TiO+        =   0.000E+00
 SiC3+       =   4.987E+03   SO2+        =   1.416E+09   H2CCCHCCH   =   7.600E-05
 AlH2Cl      =   0.000E+00   CH3C3N      =   1.394E-01   HC4O+       =   4.060E+00
 H2CCCHCN    =   5.117E-07   HCCCH2CN    =   3.842E-08   SiC3H       =   1.745E+01
 CH3C3N+     =   2.958E-04   C5H5+       =   1.635E-07   HS2         =   1.168E+12
 TiOH+       =   0.000E+00   HS2+        =   4.911E+09   CH2C3NH+    =   1.774E-10
 C5H5        =   1.329E-14   SiC3H+      =   5.855E+03   HOSO+       =   1.547E+09
 HC4O        =   3.220E+02   SiC3H2+     =   1.311E-02   C5H6+       =   1.061E-20
 HC4OH+      =   1.931E-01   H2S2+       =   8.845E+07   CH3C3NH+    =   5.278E-04
 H2S2        =   1.016E+11   C5H6        =   7.083E-17   HCCCH2CNH+  =   1.461E-14
 H2CCCHCNH+  =   2.390E-13   SiC3H3+     =   2.522E-04   C3P         =   7.955E-04
 H2C4OH+     =   1.857E+00   CH3CHCHCN   =   2.255E-19   CH3CHCHCN+  =   8.812E-22
 H3S2+       =   5.557E+09   C5H7+       =   3.715E-24   NCCNCH3+    =   2.191E-09
 C3S         =   8.349E+05   CH3CHCHCNH+ =   4.369E-26   PC3H+       =   8.381E-06
 C3S+        =   4.786E+03   HC3S+       =   6.218E+03   HC3S        =   4.742E+02
 HC3SH+      =   5.891E-02   Al2O        =   0.000E+00   H2CCCS      =   5.693E-03
 HCSC2H      =   2.512E-02   Cl2         =   9.107E-29   H3C3S+      =   7.310E-08
 HCSCN       =   6.733E+02   HCSC2H2+    =   1.501E-07   FeO         =   3.798E+05
 C6          =   6.173E+01   C6+         =   8.453E+00   HCSCNH+     =   9.194E-03
 C6-         =   6.372E+00   C6H+        =   8.459E+00   C6H-        =   3.149E+01
 FeOH        =   2.729E+01   MgC4H       =   3.714E-05   C6H         =   6.833E+02
 C5N-        =   2.816E-03   NaC3NH+     =   5.516E-08   MgC3N       =   5.043E-05
 C6H2        =   9.483E+03   C5N+        =   6.945E-04   C6H2+       =   4.761E+00
 MgC4H2+     =   1.831E-08   C5N         =   4.106E-02   HC5N        =   1.680E-01
 MgC3NH+     =   8.769E-07   HC4NC+      =   4.428E-07   HC5N+       =   8.471E-04
 C6H3+       =   3.737E-05   HC4NC       =   3.527E-03   C5O         =   4.312E+00
 NC4N        =   2.494E-03   SiC4+       =   1.870E+02   C6H4+       =   1.739E-07
 HC4NCH+     =   1.914E-11   HC5NH+      =   2.655E-04   C6H4        =   8.141E+53
 C5O+        =   6.287E-03   SiC4        =   1.424E-02   H3C5N+      =   1.902E-08
 HCCCHCHCN+  =   1.177E-16   SiC4H+      =   2.916E-05   C6H5        =   2.969E-09
 HC5O        =   3.952E+00   C6H5+       =   1.079E-10   HC5O+       =   3.084E-03
 HCCCHCHCN   =   1.057E-12   H2CCHC3N    =   5.293E-13   NC4NH+      =  -3.452+135
 H2CCHC3N+   =   5.437E-17   HCCCHCHCNH+ =   3.956E-18   C6H6        =   1.720E-08
 H2CCHC3NH+  =   1.346E-19   HC5OH+      =   2.099E-02   C6H6+       =   3.014E-12
 C4P+        =   5.465E-10   C6H7+       =  -5.934E+77   H2C5OH+     =   9.975E-04
 C4P         =   5.904E-05   TiO2+       =   3.031-314   PC4H+       =   9.662E-07
 C4S+        =   2.387E+02   C4S         =  -1.625+116   TiO2        =   3.031-314
 TiO2H+      =   3.236-115   HC4S        =   1.205E+00   HC4S+       =   4.799E-01
 HC4SH+      =   5.996E-03   C7+         =   3.282E+00   C7          =   1.601E+01
 C7-         =   6.043E+00   C7H+        =   4.921E+00   C7H-        =   1.631E+01
 C7H         =   1.205E+02   C7H2        =  -3.567+261   Al2O2       =   3.031-314
 C7H2+       =   3.005E+00   C7H3+       =   1.513E-05   C6O+        =   5.922E-03
 H2CCCHC4H   =   4.217E-08   C7H4+       =   1.451+262   C6O         =   3.675E+00
 CH3C6H      =   1.035E-07   CH3C6H2+    =   3.576E-10   H2CCCHC3N+  =   6.437E-17
 HC6O        =   3.156E+00   H2CCCHC3N   =   3.902E-13   HC6O+       =   2.910E-02
 CH3C5N      =   3.533E-08   H2CCCHC4H2+ =   3.576E-10   CH3C5NH+    =   2.455E-10
 H2CCCHC3NH+ =   4.519E-20   C5H5CCH     =   5.714E-16   HC6OH+      =   2.301E-07
 C5H4CCH2    =   5.123E-17   C5H5CCH2+   =   2.727E-21   C5H5CN      =   1.617E+94
 H2C6OH+     =   7.628E-11   C5H4CCH3+   =   5.281E-26   C5S         =   1.378E-02
 C5S+        =   1.525E-03   C5H5CNH+    =   1.340E-28   HC5S+       =   1.570E-09
 C8-         =   5.635E+00   C8          =   3.719E+01   C8+         =   3.327E+00
 C8H-        =   9.359E+00   MgC6H       =   1.699E-02   AlCl2       =   2.964-323
 C8H+        =   2.694E+00   C8H         =   2.553E+02   C8H2        =   3.368E+03
 AlHCl2      =   2.654E-08   MgC6H2+     =   1.543E-05   NaC5NH+     =   1.980E-08
 MgC5N       =   8.885E-06   C7N         =   5.156E-03   C7N+        =   1.525E-04
 C8H2+       =   2.759E+00   C7N-        =   4.495E-04   MgC5NH+     =   2.322E-07
 HC7N        =   1.149E-01   C8H3+       =   6.280E-06   HC7N+       =   2.345E-04
 C7O+        =   3.069E-03   C8H4+       =   8.397E-10   C7O         =   1.232E+00
 HC7NH+      =   6.434E-07   HC7O        =   1.099+299   H3C7N+      =   6.776E-12
 HC7O+       =   9.058E-03   C8H5+       =   4.005E-14   Al2O3       =   5.471-315
 C6H5CCH     =   2.900E-15   C6H5CCH+    =   1.088E-18   HC7OH+      =   3.403E-03
 H2C7OH+     =   3.342E-08   C6H5CN      =   2.132E-15   C6H5CCH2+   =   4.208E-24
 C6H5CNH+    =   1.906E-22   C9-         =   3.529E+00   C9          =   6.170E+00
 C9+         =   2.543E+00   C9H-        =   4.100E+00   C9H+        =   2.394E+00
 C9H         =   2.979E+01   C9H2        =   1.606+195   C9H2+       =   8.831E-01
 C9H3+       =   1.744E-06   C9H4+       =   2.516E-10   C8O+        =   1.799E-03
 CH3C8H      =   3.545E-17   C8O         =   5.548E-01   HC8O+       =   4.316E-03
 CH3C7N      =   9.280E-09   HC8O        =   6.148E-01   C9H5+       =   1.304E-19
 HC8OH+      =   1.573E-03   CH3C7NH+    =   9.429E-11   H2C8OH+     =   1.305E-08
 C10         =   5.793E-01   C10+        =   2.029E+00   C10-        =   1.034E-01
 C10H        =   4.739E+00   C10H-       =   1.797E-01   C10H+       =   1.037E-01
 MgC8H       =   5.340E-02   C9N         =   1.144E-03   C10H2+      =   2.049E-01
 C9N-        =   1.143E-04   C10H2       =   8.627E+01   MgC7N       =   5.939E-06
 NaC7NH+     =   3.855E-07   C9N+        =   8.751E-05   MgC8H2+     =   7.474E-05
 HC9N        =   2.112E-02   MgC7NH+     =   3.051E-07   HC9N+       =   5.346E-05
 C10H3+      =   8.360E-09   C9O+        =   1.195E-03   C9O         =   2.802E-01
 HC9NH+      =   7.651E-08   HC9O        =   6.312E-01   C10H5+      =   5.447E-14
 H3C9N+      =   2.902E-12   HC9O+       =   1.427E-03   HC9OH+      =   1.370E-03
 H2C9OH+     =   5.130E-09   C11+        =   3.942E-02   C11-        =   7.378E-03
 C11         =   3.985E-02   AlCl3       =   4.852-314   C11H+       =   7.004E-03
 C11H-       =   1.326E-02   C11H        =   3.351E-01   C11H2       =   5.999E+00
 C11H2+      =   1.462E-02   C11H3+      =   1.105E-09   CH3C9N      =   6.999E-10
 CH3C9NH+    =   8.443E-12   C12+        =   2.879E-03   C12         =   1.634E-04
 C11N-       =   6.456E-08   NaC9NH+     =   4.938E-08   C11N        =   5.516E-07
 HC11N+      =   2.475E-08   HC11N       =   2.803E-05   HC11NH+     =   1.198E-11
 H2C11NH+    =   2.259E-13   e-          =   7.567E+16   H2          =   6.619E+22
