  **  PHYSICAL PARAMETERS  **


   RADIUS      n(Htot)     TEMP        A_UV EFF    RAD. EFF    CO K(PH)    CO K(IP)    CO K(AP)    DELTA_AUV   
   1.020E+014  1.444E+009  1.415E+003  3.664E+002  5.634E-162  0.000E+000  0.000E+000  0.000E+000  7.327E+000
   1.093E+014  1.258E+009  1.348E+003  3.419E+002  2.456E-151  0.000E+000  0.000E+000  0.000E+000  3.178E+001
   1.171E+014  1.096E+009  1.284E+003  3.191E+002  2.087E-141  0.000E+000  0.000E+000  0.000E+000  5.460E+001
   1.255E+014  9.543E+008  1.224E+003  2.978E+002  3.856E-132  0.000E+000  0.000E+000  0.000E+000  7.590E+001
   1.345E+014  8.312E+008  1.166E+003  2.779E+002  1.715E-123  0.000E+000  0.000E+000  0.000E+000  9.577E+001
   1.441E+014  7.239E+008  1.111E+003  2.594E+002  2.019E-115  0.000E+000  0.000E+000  0.000E+000  1.143E+002
   1.544E+014  6.305E+008  1.058E+003  2.420E+002  6.875E-108  0.000E+000  0.000E+000  0.000E+000  1.316E+002
   1.654E+014  5.491E+008  1.008E+003  2.259E+002  7.358E-101  0.000E+000  0.000E+000  0.000E+000  1.478E+002
   1.773E+014  4.783E+008  9.608E+002  2.108E+002  2.674E-094  0.000E+000  0.000E+000  0.000E+000  1.629E+002
   1.899E+014  4.166E+008  9.154E+002  1.967E+002  3.546E-088  0.000E+000  0.000E+000  0.000E+000  1.769E+002
   2.035E+014  3.628E+008  8.722E+002  1.836E+002  1.836E-082  0.000E+000  0.000E+000  0.000E+000  1.901E+002
   2.181E+014  3.160E+008  8.310E+002  1.714E+002  3.952E-077  0.000E+000  0.000E+000  0.000E+000  2.023E+002
   2.337E+014  2.752E+008  7.918E+002  1.599E+002  3.752E-072  0.000E+000  0.000E+000  0.000E+000  2.138E+002
   2.504E+014  2.397E+008  7.544E+002  1.492E+002  1.660E-067  0.000E+000  0.000E+000  0.000E+000  2.244E+002
   2.683E+014  2.088E+008  7.188E+002  1.393E+002  3.603E-063  0.000E+000  0.000E+000  0.000E+000  2.344E+002
   2.875E+014  1.818E+008  6.849E+002  1.300E+002  4.028E-059  0.000E+000  0.000E+000  0.000E+000  2.437E+002
   3.080E+014  1.584E+008  6.526E+002  1.213E+002  2.426E-055  0.000E+000  0.000E+000  0.000E+000  2.524E+002
   3.301E+014  1.379E+008  6.217E+002  1.132E+002  8.214E-052  0.000E+000  0.000E+000  0.000E+000  2.605E+002
   3.537E+014  1.201E+008  5.924E+002  1.057E+002  1.626E-048  0.000E+000  0.000E+000  0.000E+000  2.680E+002
   3.790E+014  1.046E+008  5.644E+002  9.860E+001  1.953E-045  0.000E+000  0.000E+000  0.000E+000  2.751E+002
   4.061E+014  9.114E+007  5.378E+002  9.202E+001  1.473E-042  0.000E+000  0.000E+000  0.000E+000  2.817E+002
   4.351E+014  7.938E+007  5.124E+002  8.588E+001  7.205E-040  0.000E+000  0.000E+000  0.000E+000  2.878E+002
   4.662E+014  6.913E+007  4.882E+002  8.015E+001  2.353E-037  0.000E+000  0.000E+000  0.000E+000  2.935E+002
   4.996E+014  6.021E+007  4.652E+002  7.480E+001  5.276E-035  0.000E+000  0.000E+000  0.000E+000  2.989E+002
   5.353E+014  5.244E+007  4.432E+002  6.981E+001  8.325E-033  0.000E+000  0.000E+000  0.000E+000  3.039E+002
   5.736E+014  4.568E+007  4.223E+002  6.515E+001  9.463E-031  0.000E+000  0.000E+000  0.000E+000  3.085E+002
   6.146E+014  3.978E+007  4.024E+002  6.080E+001  7.917E-029  0.000E+000  0.000E+000  0.000E+000  3.129E+002
   6.586E+014  3.465E+007  3.834E+002  5.674E+001  4.972E-027  0.000E+000  0.000E+000  0.000E+000  3.169E+002
   7.057E+014  3.018E+007  3.653E+002  5.295E+001  2.388E-025  0.000E+000  0.000E+000  0.000E+000  3.207E+002
   7.561E+014  2.628E+007  3.480E+002  4.942E+001  8.917E-024  0.000E+000  0.000E+000  0.000E+000  3.243E+002
   8.102E+014  2.289E+007  3.316E+002  4.612E+001  2.632E-022  0.000E+000  0.000E+000  0.000E+000  3.276E+002
   8.682E+014  1.994E+007  3.159E+002  4.304E+001  6.230E-021  0.000E+000  0.000E+000  0.000E+000  3.306E+002
   9.303E+014  1.737E+007  3.010E+002  4.017E+001  1.200E-019  0.000E+000  0.000E+000  0.000E+000  3.335E+002
   9.968E+014  1.512E+007  2.868E+002  3.749E+001  1.903E-018  0.000E+000  0.000E+000  0.000E+000  3.362E+002
   1.068E+015  1.317E+007  2.733E+002  3.499E+001  2.520E-017  0.000E+000  0.000E+000  0.000E+000  3.387E+002
   1.144E+015  1.147E+007  2.604E+002  3.265E+001  2.816E-016  0.000E+000  0.000E+000  0.000E+000  3.410E+002
   1.226E+015  9.993E+006  2.481E+002  3.047E+001  2.686E-015  0.000E+000  0.000E+000  0.000E+000  3.432E+002
   1.314E+015  8.703E+006  2.364E+002  2.844E+001  2.208E-014  0.000E+000  0.000E+000  0.000E+000  3.452E+002
   1.408E+015  7.580E+006  2.252E+002  2.654E+001  1.581E-013  0.000E+000  0.000E+000  0.000E+000  3.471E+002
   1.509E+015  6.602E+006  2.146E+002  2.477E+001  9.946E-013  0.000E+000  0.000E+000  0.000E+000  3.489E+002
   1.617E+015  5.750E+006  2.045E+002  2.312E+001  5.545E-012  0.000E+000  0.000E+000  0.000E+000  3.506E+002
   1.732E+015  5.008E+006  1.948E+002  2.157E+001  2.763E-011  0.000E+000  0.000E+000  0.000E+000  3.521E+002
   1.856E+015  4.362E+006  1.856E+002  2.013E+001  1.239E-010  0.000E+000  0.000E+000  0.000E+000  3.535E+002
   1.989E+015  3.799E+006  1.769E+002  1.879E+001  5.040E-010  0.000E+000  0.000E+000  0.000E+000  3.549E+002
   2.131E+015  3.309E+006  1.685E+002  1.753E+001  1.872E-009  7.136E-022  0.000E+000  0.000E+000  3.561E+002
   2.283E+015  2.882E+006  1.606E+002  1.636E+001  6.388E-009  2.461E-021  0.000E+000  0.000E+000  3.573E+002
   2.447E+015  2.510E+006  1.530E+002  1.527E+001  2.015E-008  6.706E-021  0.000E+000  0.000E+000  3.584E+002
   2.622E+015  2.186E+006  1.458E+002  1.425E+001  5.906E-008  2.178E-020  0.000E+000  0.000E+000  3.594E+002
   2.809E+015  1.904E+006  1.389E+002  1.330E+001  1.617E-007  6.100E-020  0.000E+000  0.000E+000  3.604E+002
   3.010E+015  1.658E+006  1.323E+002  1.241E+001  4.155E-007  1.514E-019  0.000E+000  0.000E+000  3.613E+002
   3.226E+015  1.444E+006  1.261E+002  1.159E+001  1.007E-006  3.398E-019  0.000E+000  0.000E+000  3.621E+002
   3.456E+015  1.258E+006  1.201E+002  1.081E+001  2.307E-006  7.777E-019  0.000E+000  0.000E+000  3.629E+002
   3.703E+015  1.096E+006  1.144E+002  1.009E+001  5.023E-006  1.857E-018  0.000E+000  0.000E+000  3.636E+002
   3.968E+015  9.543E+005  1.090E+002  9.417E+000  1.042E-005  3.819E-018  0.000E+000  0.000E+000  3.643E+002
   4.252E+015  8.312E+005  1.039E+002  8.788E+000  2.068E-005  8.351E-018  0.000E+000  0.000E+000  3.649E+002
   4.556E+015  7.239E+005  9.900E+001  8.202E+000  3.932E-005  1.411E-017  0.000E+000  0.000E+000  3.655E+002
   4.882E+015  6.305E+005  9.432E+001  7.654E+000  7.188E-005  2.720E-017  0.000E+000  0.000E+000  3.660E+002
   5.231E+015  5.491E+005  8.987E+001  7.143E+000  1.266E-004  5.242E-017  0.000E+000  0.000E+000  3.665E+002
   5.605E+015  4.783E+005  8.563E+001  6.666E+000  2.154E-004  8.899E-017  0.000E+000  0.000E+000  3.670E+002
   6.006E+015  4.166E+005  8.159E+001  6.222E+000  3.547E-004  1.600E-016  0.000E+000  0.000E+000  3.675E+002
   6.436E+015  3.628E+005  7.773E+001  5.806E+000  5.665E-004  2.688E-016  0.000E+000  0.000E+000  3.679E+002
   6.896E+015  3.160E+005  7.407E+001  5.419E+000  8.790E-004  4.653E-016  0.000E+000  0.000E+000  3.683E+002
   7.389E+015  2.752E+005  7.057E+001  5.057E+000  1.328E-003  6.985E-016  0.000E+000  0.000E+000  3.686E+002
   7.918E+015  2.397E+005  6.724E+001  4.720E+000  1.956E-003  1.151E-015  0.000E+000  0.000E+000  3.690E+002
   8.484E+015  2.088E+005  6.406E+001  4.405E+000  2.814E-003  1.725E-015  0.000E+000  0.000E+000  3.693E+002
   9.091E+015  1.818E+005  6.104E+001  4.111E+000  3.961E-003  2.677E-015  0.000E+000  0.000E+000  3.696E+002
   9.741E+015  1.584E+005  5.816E+001  3.836E+000  5.461E-003  3.969E-015  0.000E+000  0.000E+000  3.698E+002
   1.044E+016  1.379E+005  5.541E+001  3.580E+000  7.385E-003  5.637E-015  0.000E+000  0.000E+000  3.701E+002
   1.118E+016  1.201E+005  5.280E+001  3.341E+000  9.808E-003  7.721E-015  0.000E+000  0.000E+000  3.703E+002
   1.198E+016  1.046E+005  5.031E+001  3.118E+000  1.281E-002  1.078E-014  0.000E+000  0.000E+000  3.706E+002
   1.284E+016  9.114E+004  4.793E+001  2.910E+000  1.647E-002  1.517E-014  0.000E+000  0.000E+000  3.708E+002
   1.376E+016  7.938E+004  4.567E+001  2.716E+000  2.086E-002  2.038E-014  0.000E+000  0.000E+000  3.710E+002
   1.474E+016  6.913E+004  4.351E+001  2.535E+000  2.607E-002  2.743E-014  0.000E+000  0.000E+000  3.711E+002
   1.580E+016  6.021E+004  4.146E+001  2.365E+000  3.216E-002  3.769E-014  0.000E+000  0.000E+000  3.713E+002
   1.693E+016  5.244E+004  3.950E+001  2.207E+000  3.918E-002  4.722E-014  0.000E+000  0.000E+000  3.715E+002
   1.814E+016  4.568E+004  3.764E+001  2.060E+000  4.720E-002  6.220E-014  0.000E+000  0.000E+000  3.716E+002
   1.944E+016  3.978E+004  3.586E+001  1.923E+000  5.626E-002  7.822E-014  0.000E+000  0.000E+000  3.718E+002
   2.083E+016  3.465E+004  3.417E+001  1.794E+000  6.638E-002  9.769E-014  0.000E+000  0.000E+000  3.719E+002
   2.232E+016  3.018E+004  3.255E+001  1.675E+000  7.758E-002  1.265E-013  0.000E+000  0.000E+000  3.720E+002
   2.391E+016  2.628E+004  3.102E+001  1.563E+000  8.986E-002  1.559E-013  0.000E+000  0.000E+000  3.721E+002
   2.562E+016  2.289E+004  2.955E+001  1.458E+000  1.032E-001  1.882E-013  0.000E+000  0.000E+000  3.722E+002
   2.745E+016  1.994E+004  2.816E+001  1.361E+000  1.176E-001  2.295E-013  0.000E+000  0.000E+000  3.723E+002
   2.942E+016  1.737E+004  2.683E+001  1.270E+000  1.330E-001  2.812E-013  0.000E+000  0.000E+000  3.724E+002
   3.152E+016  1.512E+004  2.556E+001  1.185E+000  1.493E-001  3.374E-013  0.000E+000  0.000E+000  3.725E+002
   3.378E+016  1.317E+004  2.436E+001  1.106E+000  1.666E-001  4.015E-013  0.000E+000  0.000E+000  3.726E+002
   3.619E+016  1.147E+004  2.321E+001  1.033E+000  1.847E-001  4.758E-013  0.000E+000  0.000E+000  3.726E+002
   3.878E+016  9.993E+003  2.211E+001  9.636E-001  2.035E-001  5.665E-013  0.000E+000  0.000E+000  3.727E+002
   4.155E+016  8.703E+003  2.107E+001  8.993E-001  2.230E-001  6.631E-013  0.000E+000  0.000E+000  3.728E+002
   4.452E+016  7.580E+003  2.007E+001  8.393E-001  2.431E-001  7.695E-013  0.000E+000  0.000E+000  3.728E+002
   4.771E+016  6.602E+003  1.913E+001  7.832E-001  2.638E-001  8.963E-013  0.000E+000  0.000E+000  3.729E+002
   5.112E+016  5.750E+003  1.822E+001  7.310E-001  2.848E-001  1.038E-012  0.000E+000  0.000E+000  3.729E+002
   5.478E+016  5.008E+003  1.736E+001  6.822E-001  3.063E-001  1.201E-012  0.000E+000  0.000E+000  3.730E+002
   5.869E+016  4.362E+003  1.654E+001  6.366E-001  3.279E-001  1.387E-012  0.000E+000  0.000E+000  3.730E+002
   6.289E+016  3.799E+003  1.576E+001  5.942E-001  3.498E-001  1.595E-012  0.000E+000  0.000E+000  3.731E+002
   6.739E+016  3.309E+003  1.502E+001  5.545E-001  3.718E-001  1.809E-012  0.000E+000  0.000E+000  3.731E+002
   7.221E+016  2.882E+003  1.431E+001  5.175E-001  3.939E-001  2.070E-012  0.000E+000  0.000E+000  3.732E+002
   7.737E+016  2.510E+003  1.363E+001  4.829E-001  4.158E-001  2.362E-012  0.000E+000  0.000E+000  3.732E+002
   8.291E+016  2.186E+003  1.299E+001  4.507E-001  4.377E-001  2.672E-012  0.000E+000  0.000E+000  3.732E+002
   8.884E+016  1.904E+003  1.238E+001  4.206E-001  4.595E-001  3.055E-012  0.000E+000  0.000E+000  3.733E+002
   9.519E+016  1.658E+003  1.179E+001  3.926E-001  4.810E-001  3.472E-012  0.000E+000  0.000E+000  3.733E+002
   1.020E+017  1.444E+003  1.124E+001  3.664E-001  5.022E-001  3.926E-012  0.000E+000  0.000E+000  3.733E+002
   1.093E+017  1.258E+003  1.071E+001  3.419E-001  5.230E-001  4.464E-012  0.000E+000  0.000E+000  3.733E+002
   1.171E+017  1.096E+003  1.020E+001  3.191E-001  5.435E-001  5.102E-012  0.000E+000  0.000E+000  3.734E+002
   1.255E+017  9.543E+002  1.000E+001  2.978E-001  5.636E-001  5.860E-012  0.000E+000  0.000E+000  3.734E+002
   1.345E+017  8.312E+002  1.000E+001  2.779E-001  5.832E-001  6.749E-012  0.000E+000  0.000E+000  3.734E+002
   1.441E+017  7.239E+002  1.000E+001  2.594E-001  6.023E-001  7.779E-012  0.000E+000  0.000E+000  3.734E+002
   1.544E+017  6.305E+002  1.000E+001  2.420E-001  6.209E-001  9.119E-012  0.000E+000  0.000E+000  3.734E+002
   1.654E+017  5.491E+002  1.000E+001  2.259E-001  6.389E-001  1.082E-011  0.000E+000  0.000E+000  3.735E+002
   1.773E+017  4.783E+002  1.000E+001  2.108E-001  6.563E-001  1.310E-011  0.000E+000  0.000E+000  3.735E+002
   1.899E+017  4.166E+002  1.000E+001  1.967E-001  6.732E-001  1.630E-011  0.000E+000  0.000E+000  3.735E+002
   2.035E+017  3.628E+002  1.000E+001  1.836E-001  6.895E-001  2.114E-011  0.000E+000  0.000E+000  3.735E+002
   2.181E+017  3.160E+002  1.000E+001  1.714E-001  7.052E-001  2.899E-011  0.000E+000  0.000E+000  3.735E+002
   2.337E+017  2.752E+002  1.000E+001  1.599E-001  7.203E-001  4.568E-011  0.000E+000  0.000E+000  3.735E+002
   2.504E+017  2.397E+002  1.000E+001  1.492E-001  7.347E-001  8.442E-011  0.000E+000  0.000E+000  3.735E+002
   2.683E+017  2.088E+002  1.000E+001  1.393E-001  7.486E-001  1.466E-010  0.000E+000  0.000E+000  3.735E+002
   2.875E+017  1.818E+002  1.000E+001  1.300E-001  7.619E-001  1.769E-010  0.000E+000  0.000E+000  3.735E+002
   3.080E+017  1.584E+002  1.000E+001  1.213E-001  7.747E-001  1.833E-010  0.000E+000  0.000E+000  3.736E+002
   3.301E+017  1.379E+002  1.000E+001  1.132E-001  7.868E-001  1.865E-010  0.000E+000  0.000E+000  3.736E+002
   3.537E+017  1.201E+002  1.000E+001  1.057E-001  7.985E-001  1.892E-010  0.000E+000  0.000E+000  3.736E+002
   3.790E+017  1.046E+002  1.000E+001  9.860E-002  8.095E-001  1.919E-010  0.000E+000  0.000E+000  3.736E+002
   4.061E+017  9.114E+001  1.000E+001  9.202E-002  8.201E-001  1.943E-010  0.000E+000  0.000E+000  3.736E+002
   4.351E+017  7.938E+001  1.000E+001  8.588E-002  8.301E-001  1.967E-010  0.000E+000  0.000E+000  3.736E+002
   4.662E+017  6.913E+001  1.000E+001  8.015E-002  8.397E-001  1.991E-010  0.000E+000  0.000E+000  3.736E+002
   4.996E+017  6.021E+001  1.000E+001  7.480E-002  8.488E-001  2.011E-010  0.000E+000  0.000E+000  3.736E+002
   5.353E+017  5.244E+001  1.000E+001  6.981E-002  8.574E-001  2.033E-010  0.000E+000  0.000E+000  3.736E+002
   5.736E+017  4.568E+001  1.000E+001  6.515E-002  8.656E-001  2.053E-010  0.000E+000  0.000E+000  3.736E+002
   6.146E+017  3.978E+001  1.000E+001  6.080E-002  8.734E-001  2.070E-010  0.000E+000  0.000E+000  3.736E+002
   6.586E+017  3.465E+001  1.000E+001  5.674E-002  8.808E-001  2.088E-010  0.000E+000  0.000E+000  3.736E+002
   7.057E+017  3.018E+001  1.000E+001  5.295E-002  8.878E-001  2.106E-010  0.000E+000  0.000E+000  3.736E+002
   7.561E+017  2.628E+001  1.000E+001  4.942E-002  8.944E-001  2.122E-010  0.000E+000  0.000E+000  3.736E+002
   8.102E+017  2.289E+001  1.000E+001  4.612E-002  9.006E-001  2.137E-010  0.000E+000  0.000E+000  3.736E+002
   8.682E+017  1.994E+001  1.000E+001  4.304E-002  9.066E-001  2.150E-010  0.000E+000  0.000E+000  3.736E+002
   9.303E+017  1.737E+001  1.000E+001  4.017E-002  9.122E-001  2.165E-010  0.000E+000  0.000E+000  3.736E+002
   9.968E+017  1.512E+001  1.000E+001  3.749E-002  9.175E-001  2.178E-010  0.000E+000  0.000E+000  3.736E+002
   1.068E+018  1.317E+001  1.000E+001  3.499E-002  9.225E-001  2.189E-010  0.000E+000  0.000E+000  3.736E+002
