


                   **  CALCULATED COLUMN DENSITIES  **


 H+          =   7.334E+13   H           =   1.840E+20   H-          =   4.193E+08
 H2+         =   6.681E+08   H3+         =   1.372E+11   He          =   1.255E+22
 He+         =   2.771E+12   HeH+        =   1.636E+07   C-          =   8.194E+06
 C           =   1.289E+16   C+          =   3.506E+16   CH-         =   3.769E+06
 CH          =   1.176E+14   CH+         =   1.745E+10   CH2         =   2.986E+13
 N           =   1.823E+16   CH2+        =   1.439E+10   N+          =   9.432E+09
 CH3         =   4.485E+13   NH+         =   3.332E+06   NH          =   4.704E+12
 CH3+        =   1.606E+11   O+          =   5.615E+07   NH2         =   6.583E+12
 CH4+        =   2.324E+08   O           =   2.061E+16   O-          =   1.335E+07
 CH4         =   2.573E+17   NH2+        =   1.878E+07   NH3         =   4.402E+15
 OH+         =   1.205E+07   OH          =   1.904E+14   OH-         =   4.442E+07
 CH5+        =   9.633E+09   NH3+        =   2.364E+10   H2O         =   1.876E+17
 NH4+        =   4.537E+12   H2O+        =   7.233E+07   F           =   3.306E+12
 F+          =   2.393E+04   H3O+        =   7.215E+10   HF          =   1.252E+15
 HF+         =   4.291E+03   H2F+        =   2.780E+09   Na+         =   1.072E+13
 Na          =   6.720E+14   Mg          =   7.359E+14   Mg+         =   2.193E+12
 C2-         =   4.540E+06   C2+         =   1.131E+11   C2          =   3.814E+15
 C2H-        =   2.463E+10   C2H+        =   7.542E+10   C2H         =   3.149E+15
 CN          =   5.024E+15   CN+         =   7.372E+06   C2H2        =   3.214E+18
 CN-         =   1.238E+10   C2H2+       =   1.755E+12   HCN+        =   2.971E+07
 Al          =   0.000E+00   Al+         =   0.000E+00   HNC         =   9.640E+13
 C2H3        =   3.034E+11   C2H3+       =   4.082E+12   HCN         =   3.006E+18
 H2NC        =   1.421E+10   AlH         =   0.000E+00   HCNH+       =   4.926E+13
 Si          =   6.158E+14   C2H4+       =   1.527E+11   Si+         =   5.679E+15
 H2CN        =   1.942E+10   H2NC+       =   1.959E+09   CO          =   5.905E+19
 N2          =   2.948E+18   C2H4        =   5.027E+15   AlH+        =   0.000E+00
 N2+         =   6.109E+05   CO+         =   2.116E+08   C2H5        =   1.809E+06
 HCO         =   5.538E+10   HOC+        =   1.847E+09   SiH         =   4.437E+12
 CH2NH       =   2.043E+10   N2H+        =   6.627E+09   H2CNH+      =   8.159E+05
 AlH2        =   0.000E+00   HCO+        =   4.047E+11   SiH+        =   1.213E+08
 H2NCH+      =   1.112E+06   C2H5+       =   7.087E+08   CH2NH2      =   2.033E+06
 SiH2+       =   5.350E+08   H2CO+       =   1.962E+08   CH3NH       =   5.180E+06
 CH4N+       =   2.515E+08   CH2NH2+     =   5.473E+06   H2CO        =   3.943E+11
 CH3CH3+     =   8.801E-01   AlH3        =   0.000E+00   NO+         =   2.085E+09
 SiH2        =   1.129E+06   CH3CH3      =   2.945E+00   NO          =   2.603E+12
 CH3NH2      =   3.165E+07   P+          =   3.472E+12   CH3O        =   6.268E+05
 P           =   5.229E+11   H2COH+      =   1.034E+07   SiH3+       =   3.179E+05
 CH3NH2+     =   2.341E+05   CH2OH       =   6.735E+05   C2H7+       =   3.244E-07
 HNO+        =   4.850E+05   SiH3        =   8.350E+01   HNO         =   5.669E+10
 CF+         =   1.571E+10   SiH4        =   1.759E+02   O2          =   6.899E+11
 S           =   1.945E+15   H2NO+       =   1.886E+05   O2+         =   7.174E+07
 CH3NH3+     =   5.332E+06   O2-         =   5.437E-14   S+          =   2.754E+15
 CH3OH       =   3.476E+07   PH+         =   2.129E+06   PH          =   4.987E+09
 SiH4+       =   2.280E-08   S-          =   6.582E+06   CH3OH+      =   6.831E+02
 HS          =   2.718E+12   PH2+        =   3.352E+06   HS+         =   1.960E+09
 SiH5+       =   2.506E+01   O2H         =   2.183E+03   CH3OH2+     =   4.114E+06
 O2H+        =   8.101E+00   PH2         =   2.367E+04   PH3+        =   2.721E+02
 H2S         =   2.981E+14   H2O2+       =   6.131E-12   PH3         =   2.131E+01
 H2S+        =   1.954E+09   H2O2        =   5.291E-07   H3S+        =   1.122E+09
 PH4+        =   4.031E-05   Cl          =   1.064E+14   Cl+         =   4.201E+12
 C3          =   2.561E+14   C3+         =   2.089E+10   HCl+        =   4.560E+09
 C3-         =   3.217E+06   HCl         =   2.383E+16   C3H         =   1.857E+14
 H2Cl+       =   8.493E+09   C3H+        =   6.862E+10   C3H-        =   6.908E+06
 C3H2+       =   6.359E+10   C2N         =   4.819E+13   CNC+        =   7.341E+11
 H2CCC       =   3.536E+12   C2N+        =   4.070E+09   C3H2        =   4.241E+13
 H2CCCH+     =   7.783E+11   C3H3+       =   1.645E+11   HCCN        =   6.345E+12
 C2NH+       =   2.884E+09   CH2CCH      =   1.062E+13   CH2CN+      =   8.499E+08
 SiC+        =   1.214E+10   MgO         =   2.161E+05   C2O+        =   5.593E+05
 Ca          =   0.000E+00   Ca+         =   0.000E+00   Ar          =   0.000E+00
 CH2CN       =   3.921E+09   SiC         =   1.037E+14   C2O         =   8.094E+09
 Ar+         =   0.000E+00   C3H4+       =   9.431E+08   CH2CCH2     =   5.786E+11
 CH3CCH      =   6.304E+11   CH3CN+      =   1.140E+06   ArH+        =   0.000E+00
 C3H5+       =   3.375E+10   MgOH        =   5.356E+09   CH2CCH3+    =   8.655E+05
 HCSi        =   4.250E+13   CH3CN       =   2.919E+12   HCCO        =   9.443E+10
 HC2O+       =   8.060E+08   HCSi+       =   1.128E+10   C3H5        =   2.877E+04
 H2CCO+      =   4.774E+08   OCN+        =   5.838E+02   CH3CHCH2    =   9.582E+06
 SiCH2       =   2.034E+11   SiN+        =   1.605E+10   CH2CO       =   5.909E+09
 C3H6+       =   2.908E+02   CNO         =   4.751E-03   SiCH2+      =   5.408E+11
 CH2CO+      =   0.000E+00   SiN         =   1.529E+12   OCN         =   3.386E+10
 CH3CNH+     =   6.908E+11   HCNO+       =   6.732E-03   AlO         =   0.000E+00
 HONC        =   3.506E+02   SiCH3+      =   4.084E+06   CP          =   1.776E+12
 HOCN+       =   5.153E+02   HNCO        =   3.460E+07   HNSi+       =   3.521E+03
 CP+         =   2.936E+06   HOCN        =   3.384E+07   C3H7+       =   4.296E+00
 SiCH3       =   4.302E+08   CH3CO+      =   1.812E+08   HNSi        =   2.623E+11
 HNCO+       =   3.002E+07   HCNO        =   5.600E+06   HONC+       =   4.660E-07
 AlOH        =   0.000E+00   HCNOH+      =   1.519E+01   HCP         =   1.839E+15
 CH3CHO+     =   4.433E+05   CH3CHO      =   1.082E+09   H2OCN+      =   8.176E+02
 CO2+        =   3.298E+00   SiO         =   3.689E+17   H2NCO+      =   3.829E+02
 CH2CHOH     =   1.782E+09   N2O+        =   2.048E+04   N2O         =   6.983E+07
 HNCOH+      =   2.962E+07   CO2         =   4.483E+11   SiO+        =   9.427E+09
 CH2CHOH+    =   1.873E+05   HCP+        =   4.116E+06   SiCH4+      =   9.191E+06
 CS          =   7.790E+17   H2CNO+      =   1.336E+01   SiNH2+      =   1.292E+10
 CS+         =   4.498E+10   HCO2+       =   4.659E+07   NH2CHO+     =   3.400E-06
 HCS         =   1.833E+10   CH3OCH2     =   3.612E-02   PCH2+       =   6.384E+09
 CH2CH2OH    =   3.671E+02   SiOH        =   5.625E+02   CH3CHOH     =   1.773E+02
 HN2O+       =   3.067E+00   NH2CHO      =   4.337E-02   SiOH+       =   8.011E+12
 CH3OCH2+    =   3.169E-08   PN+         =   2.715E+06   CH3CHOH+    =   3.179E+08
 HSiO        =   3.545E+00   CH2CHOH2+   =   1.269E+04   HCS+        =   2.051E+12
 PN          =   1.082E+12   NH3CHO+     =   7.351E-07   HCOOH       =   1.800E+08
 CH3OCH3     =   7.407E+00   H2CS        =   2.060E+12   CH2PH       =   2.782E+04
 H2SiO+      =   1.089E+02   NO2+        =   7.631E+01   PCH3+       =   8.803E+02
 HCOOH+      =   1.208E+05   NO2         =   3.909E+06   C2H5OH+     =   1.053E+02
 H2SiO       =   3.496E+01   HPN+        =   1.383E+05   CH3OCH3+    =   2.371E-02
 NS+         =   3.123E+09   H2CS+       =   1.922E+09   NS          =   1.550E+11
 C2H5OH      =   1.068E+05   AlF         =   0.000E+00   PO+         =   8.604E+07
 HCOOH2+     =   7.116E+07   PO          =   5.419E+09   HNS+        =   1.860E+05
 CH3OCH4+    =   1.077E-02   C2H5OH2+    =   2.497E+04   CCl         =   3.268E+08
 SiF+        =   9.918E+10   CCl+        =   2.188E+09   H2CSH+      =   3.133E+10
 H3SiO+      =   3.890E-03   PNH2+       =   1.569E+05   PCH4+       =   1.585E+03
 Ti          =   0.000E+00   HPO+        =   5.171E+07   Ti+         =   0.000E+00
 MgC2        =   1.097E+09   SO          =   1.022E+12   HCCl+       =   2.394E+01
 CH3SH+      =   5.999E+04   SO+         =   1.091E+11   HCCl        =   1.056E+08
 PNH3+       =   1.143E+02   C4-         =   1.560E+11   HPO         =   1.034E+05
 C4          =   4.510E+13   C4+         =   2.677E+09   CH3SH       =   3.264E+03
 C4H-        =   6.632E+07   H2CCl+      =   3.457E+06   C4H+        =   5.546E+09
 CH2Cl       =   4.256E+08   MgC2H       =   2.220E+09   C4H         =   4.354E+14
 HSO+        =   3.436E+06   H2PO+       =   2.605E+03   CH3SH2+     =   1.576E-02
 MgC2H+      =   7.998E+03   NaCN        =   7.840E+10   C4H2        =   4.478E+14
 C3N+        =   3.111E+06   NaCNH+      =   2.999E+06   MgNC        =   1.192E+11
 MgC2H2+     =   1.068E+04   C3N-        =   8.178E+10   CH3Cl       =   3.610E+08
 MgCN        =   2.798E+07   C3N         =   5.810E+14   C4H2+       =   2.625E+11
 CH3Cl+      =   1.000E+06   CH3ClH+     =   6.562E+07   HCCNC+      =   2.020E+06
 HC3N        =   4.330E+14   C4H3        =   3.813E+11   ClO+        =   3.325E-12
 HC3N+       =   1.169E+10   C4H3+       =   1.106E+12   ClO         =   1.410E-08
 HCCNC       =   4.663E+11   HNC3        =   1.496E+11   HMgNC       =   1.328E+09
 MgNCH+      =   1.635E+06   C4H4+       =   3.400E+09   SiC2        =   1.377E+18
 C3O         =   2.036E+10   C2N2+       =   1.785E+06   NCCN        =   5.969E+12
 HC3NH+      =   2.840E+11   C3O+        =   2.023E+04   HCCNCH+     =   1.047E+07
 HMgNCH+     =   1.489E+04   SiC2+       =   2.957E+10   CH2CHCCH    =   1.054E+12
 CH2CHCN     =   1.277E+12   SiC2H       =   1.983E+12   HC3O        =   6.810E+10
 CH2CHCN+    =   6.924E+08   NCCNH+      =   1.497E+08   HC3O+       =   2.800E+07
 CH2CHCCH2+  =   3.206E+06   C4H5+       =   1.559E+10   SiC2H+      =   7.501E+12
 SiNC        =   1.798E+10   SiC2H2      =   3.179E+12   SiC2H2+     =   5.318E+09
 HC3OH+      =   1.368E+08   HCCCHO      =   3.372E+10   CH2CHCNH+   =   2.887E+08
 CH2CHCHCH2  =   6.054E+07   SiNC+       =   1.003E+11   CCP+        =   2.012E+08
 C4H7+       =   1.155E+07   HCCCHOH+    =   2.650E+05   HCOCN+      =   1.311E+05
 SiC2H3+     =   1.029E+12   H2C3OH+     =   7.388E+09   C2H5CN      =   5.522E+05
 CCP         =   4.240E+09   HCOCN       =   2.565E+08   SiNCH+      =   7.958E+08
 Fe+         =   2.706E+12   C2S+        =   4.952E+09   H2COCN+     =   1.123E+03
 CaO         =   0.000E+00   Fe          =   7.356E+14   HNCOCH+     =   1.123E+03
 HC2P        =   7.600E+06   C2H5CNH+    =   9.227E+03   CH2CHCHO    =   1.102E+06
 C2S         =   1.348E+14   HC2P+       =   2.081E+08   CH2CHCHO+   =   6.237E+02
 CaOH        =   0.000E+00   HC2S+       =   1.571E+12   HCCS        =   6.608E+11
 CH2CHCHOH+  =   9.962E+00   PC2H2+      =   3.641E+05   CH3NCO+     =   1.583E-02
 CH3NCO      =   3.901E+03   NCS+        =   8.145E-03   H2C2S+      =   9.709E+07
 CH3NCOH+    =   4.329E-02   CH3COCH3    =   1.146E+02   CH3COCH3+   =   1.366E-01
 PC2H3+      =   3.202E+01   NaCl        =   5.548E+13   H2CCS       =   3.008E+09
 NCS         =   4.421E+08   NaClH+      =   2.325E+09   PC2H4+      =   3.158E+01
 HNCS+       =   8.025E-01   HSCN+       =   8.158E-01   HSCN        =   4.935E+04
 AlO2        =   0.000E+00   H3C2S+      =   9.148E+03   CH3CS+      =   4.790E+08
 HNCS        =   5.633E+04   CH3COCH4+   =   1.603E+01   HOCHCHOH+   =   3.516E+01
 H2SCN+      =   3.226E+02   SiS         =   4.402E+17   HOCHCHOH    =  -8.263+122
 H2NCS+      =   3.753E+02   C5-         =   4.655E+10   HNCSH+      =   7.507E+02
 OCS         =   8.837E+12   C5          =   3.430E+12   HOCH2CHO    =   1.881E+00
 HOCH2CHO+   =   1.192E-03   CH3COOH+    =   6.559E-04   HCOOCH3     =   1.143E-01
 C5+         =   2.004E+09   HCOOCH3+    =   1.751E-05   OCS+        =   1.576E+10
 CH3COOH     =   1.524E+00   SiO2        =   9.873E+08   SiS+        =   2.128E+11
 C3CCH       =   3.615E+13   HOCHCHOH2+  =   5.530E+01   C5H         =   1.015E+13
 HSiS        =   2.368E+08   CH3COOH2+   =   8.048E-06   C3CCH+      =   6.254E+07
 C5H-        =   3.197E+11   HOCH2CH2O+  =   6.684E-06   H2COOCH3+   =   1.249E-02
 SiSH+       =   2.639E+11   C5H+        =   2.896E+10   OCSH+       =   2.235E+07
 HSiO2+      =   9.904E+03   C4N         =   1.695E+12   C3CCH2+     =   3.948E+08
 C5H2+       =   3.307E+10   H2SiS+      =   5.756E+03   C5H2        =   6.444E+13
 C3HCCH      =   2.547E+12   H2SiS       =   2.009E+08   C3HCCH+     =   4.868E+06
 C4N+        =   2.693E+09   AlCl        =   0.000E+00   HC4N+       =   5.156E+07
 C5H3+       =   4.758E+11   C3HCCH2+    =   2.874E+07   AlHCl       =   0.000E+00
 H3SiS+      =   2.392E+03   HC4N        =   8.233E+12   CH2C3N      =   6.821E+11
 H2C4N+      =   5.142E+07   CH3C4H      =   3.995E+11   SO2         =   1.140E+09
 TiO         =   0.000E+00   S2+         =   1.816E+09   CH3C4H+     =   1.427E+09
 C4O+        =   5.807E+06   SiC3        =   5.541E+13   S2          =   9.729E+09
 C4O         =   3.029E+10   C5H4+       =   9.636E+00   TiO+        =   0.000E+00
 SiC3+       =   2.964E+11   SO2+        =   3.578E+04   H2CCCHCCH   =   3.753E+11
 AlH2Cl      =   0.000E+00   CH3C3N      =   4.614E+11   HC4O+       =   1.953E+07
 H2CCCHCN    =   2.802E+11   HCCCH2CN    =   2.074E+10   SiC3H       =   3.884E+10
 CH3C3N+     =   5.002E+07   C5H5+       =   2.579E+11   HS2         =   2.355E+08
 TiOH+       =   0.000E+00   HS2+        =   4.459E+07   CH2C3NH+    =   5.012E+06
 C5H5        =   3.790E+08   SiC3H+      =   7.326E+10   HOSO+       =   7.753E+04
 HC4O        =   2.272E+10   SiC3H2+     =   8.408E+08   C5H6+       =   3.760E+02
 HC4OH+      =   4.596E+08   H2S2+       =   2.230E+06   CH3C3NH+    =   1.127E+09
 H2S2        =   1.682E+08   C5H6        =   7.692E+06   HCCCH2CNH+  =   7.229E+04
 H2CCCHCNH+  =   1.256E+06   SiC3H3+     =   1.922E+09   C3P         =   1.236E+06
 H2C4OH+     =   1.349E+09   CH3CHCHCN   =   6.781E+05   CH3CHCHCN+  =   1.086E+03
 H3S2+       =   1.783E+07   C5H7+       =   5.270E+06   NCCNCH3+    =   3.204E+03
 C3S         =   6.119E+13   CH3CHCHCNH+ =   5.186E+00   PC3H+       =   2.996E+04
 C3S+        =   1.050E+11   HC3S+       =   3.038E+10   HC3S        =   1.005E+12
 HC3SH+      =   6.436E+08   Al2O        =   0.000E+00   H2CCCS      =   1.837E+10
 HCSC2H      =   1.417E+11   Cl2         =   2.274E-38   H3C3S+      =   1.143E+05
 HCSCN       =   1.774E+11   HCSC2H2+    =   5.920E+05   FeO         =   1.115E+07
 C6          =   4.406E+11   C6+         =   1.053E+10   HCSCNH+     =   5.181E+05
 C6-         =   4.874E+10   C6H+        =   1.944E+10   C6H-        =   3.139E+11
 FeOH        =   2.663E+09   MgC4H       =   5.455E+05   C6H         =   1.101E+13
 C5N-        =   1.451E+12   NaC3NH+     =   4.908E+05   MgC3N       =   1.495E+07
 C6H2        =   2.237E+14   C5N+        =   3.461E+07   C6H2+       =   6.558E+10
 MgC4H2+     =   3.039E+03   C5N         =   5.122E+13   HC5N        =   2.736E+14
 MgC3NH+     =   8.564E+05   HC4NC+      =   3.880E+05   HC5N+       =   5.137E+07
 C6H3+       =   1.357E+10   HC4NC       =   7.147E+09   C5O         =   3.535E+10
 NC4N        =   4.584E+13   SiC4+       =   9.022E+11   C6H4+       =   2.608E+10
 HC4NCH+     =   4.012E+03   HC5NH+      =   1.633E+09   C6H4        =  -7.070+213
 C5O+        =   5.743E+06   SiC4        =   5.434E+12   H3C5N+      =   1.657E+08
 HCCCHCHCN+  =   4.784E+05   SiC4H+      =   3.922E+12   C6H5        =   8.323E+10
 HC5O        =   3.309E+10   C6H5+       =  -6.697+300   HC5O+       =   3.563E+06
 HCCCHCHCN   =   2.134E+11   H2CCHC3N    =   2.684E+11   NC4NH+      =   6.086E+07
 H2CCHC3N+   =   6.814E+05   HCCCHCHCNH+ =   3.200E+06   C6H6        =   5.406E+12
 H2CCHC3NH+  =   3.694E+06   HC5OH+      =   2.176E+09   C6H6+       =   1.091E+07
 C4P+        =   1.709E-01   C6H7+       =   4.759+185   H2C5OH+     =   1.389E+09
 C4P         =   1.283E+06   TiO2+       =   3.049-314   PC4H+       =   1.478E+05
 C4S+        =   3.868E+11   C4S         =   9.503E+12   TiO2        =   3.049-314
 TiO2H+      =   5.777-273   HC4S        =   1.007E+13   HC4S+       =   3.225E+10
 HC4SH+      =   3.402E+09   C7+         =   9.946E+09   C7          =   1.664E+11
 C7-         =   1.016E+11   C7H+        =   3.554E+10   C7H-        =   1.883E+11
 C7H         =   2.008E+12   C7H2        =   2.096+142   Al2O2       =   3.049-314
 C7H2+       =   1.480E+10   C7H3+       =   3.774E+09   C6O+        =   6.381E+06
 H2CCCHC4H   =   2.486E+10   C7H4+       =   7.221E+08   C6O         =   2.159E+10
 CH3C6H      =   2.047E+10   CH3C6H2+    =   3.065E+08   H2CCCHC3N+  =   3.460E+05
 HC6O        =   8.584E+09   H2CCCHC3N   =   1.303E+11   HC6O+       =   6.619E+08
 CH3C5N      =   3.292E+10   H2CCCHC4H2+ =   3.064E+08   CH3C5NH+    =   3.005E+07
 H2CCCHC3NH+ =   7.154E+05   C5H5CCH     =   6.962E+08   HC6OH+      =   5.071E+05
 C5H4CCH2    =   2.276E+08   C5H5CCH2+   =   2.751E+07   C5H5CN      =   1.047E+06
 H2C6OH+     =   8.449E+06   C5H4CCH3+   =   2.653E+02   C5S         =   5.426E+13
 C5S+        =   1.160E+10   C5H5CNH+    =   7.287E+00   HC5S+       =   1.112E+09
 C8-         =   1.565E+11   C8          =   6.239E+11   C8+         =   2.648E+10
 C8H-        =   1.742E+11   MgC6H       =   5.582E+08   AlCl2       =   2.964-323
 C8H+        =   1.218E+10   C8H         =   4.648E+12   C8H2        =   1.241E+14
 AlHCl2      =   1.147+219   MgC6H2+     =   9.481E+05   NaC5NH+     =   2.919E+08
 MgC5N       =   2.280E+10   C7N         =   3.966E+11   C7N+        =   9.954E+05
 C8H2+       =   3.529E+10   C7N-        =   2.064E+10   MgC5NH+     =   1.666E+09
 HC7N        =   4.951E+13   C8H3+       =   3.384E+09   HC7N+       =   5.870E+09
 C7O+        =   2.104E+07   C8H4+       =   1.325E+09   C7O         =   7.821E+10
 HC7NH+      =   4.127E+09   HC7O        =   2.708+126   H3C7N+      =   2.332E+08
 HC7O+       =   1.187E+08   C8H5+       =   9.002E+07   Al2O3       =   5.471-315
 C6H5CCH     =   2.426E+11   C6H5CCH+    =   2.084E+07   HC7OH+      =   3.203E+09
 H2C7OH+     =   1.297E+09   C6H5CN      =   1.467E+11   C6H5CCH2+   =   4.908E+05
 C6H5CNH+    =   2.146E+06   C9-         =  -1.846+140   C9          =   1.730E+11
 C9+         =   4.234E+10   C9H-        =   1.206E+11   C9H+        =   5.198E+10
 C9H         =   9.188E+11   C9H2        =   8.632E+13   C9H2+       =   1.010E+10
 C9H3+       =   9.805E+08   C9H4+       =   1.492E+08   C8O+        =   1.320E+07
 CH3C8H      =   2.170E+07   C8O         =   2.262E+10   HC8O+       =   1.845E+08
 CH3C7N      =   4.464E+08   HC8O        =   1.376E+10   C9H5+       =   1.636E+06
 HC8OH+      =   2.557E+08   CH3C7NH+    =   3.081E+06   H2C8OH+     =   3.119E+08
 C10         =   3.712E+10   C10+        =   6.143E+10   C10-        =   1.030E+10
 C10H        =   6.915E+11   C10H-       =   2.121E+10   C10H+       =   5.631E+09
 MgC8H       =   1.743E+10   C9N         =   8.692E+10   C10H2+      =   1.220E+10
 C9N-        =   5.390E+09   C10H2       =   3.060E+13   MgC7N       =   1.615E+10
 NaC7NH+     =   1.478E+09   C9N+        =   9.519E+05   MgC8H2+     =   2.158E+07
 HC9N        =   1.305E+13   MgC7NH+     =   5.050E+08   HC9N+       =   1.523E+09
 C10H3+      =   3.191E+07   C9O+        =   1.337E+07   C9O         =   1.811E+10
 HC9NH+      =   7.156E+08   HC9O        =   2.965E+10   C10H5+      =   1.552E+07
 H3C9N+      =   7.457E+07   HC9O+       =   1.477E+07   HC9OH+      =   4.875E+08
 H2C9OH+     =   2.782E+08   C11+        =   4.626E+09   C11-        =   2.661E+09
 C11         =   9.703E+09   AlCl3       =   4.852-314   C11H+       =   1.376E+09
 C11H-       =   7.145E+09   C11H        =   2.254E+11   C11H2       =   1.167E+13
 C11H2+      =   3.809E+09   C11H3+      =   8.178E+06   CH3C9N      =   1.099E+08
 CH3C9NH+    =   6.479E+05   C12+        =   2.045E+09   C12         =   2.201E+10
 C11N-       =   2.123E+08   NaC9NH+     =   3.155E+08   C11N        =   2.805E+09
 HC11N+      =   4.114E+08   HC11N       =   3.703E+12   HC11NH+     =   8.154E+07
 H2C11NH+    =   4.398E+06   e-          =   4.378E+16   H2          =   7.374E+22
