


                   **  CALCULATED COLUMN DENSITIES  **


 H+          =   1.122E+17   H           =   1.550E+21   H-          =   1.781E+02
 H2+         =   4.943E+06   H3+         =   7.219E+08   He          =   3.765E+20
 He+         =   1.372E+12   HeH+        =   5.296E+06   C-          =   3.149E-05
 C           =   6.806E+12   C+          =   2.202E+16   CH-         =   1.007E-19
 CH          =   4.756E+04   CH+         =   1.680E+10   CH2         =   3.656E+03
 N           =   1.728E+17   CH2+        =   8.962E+07   N+          =   2.300E+09
 CH3         =   1.207E+01   NH+         =   3.981E+01   NH          =   5.443E+06
 CH3+        =   2.348E+09   O+          =   3.063E+13   NH2         =   6.385E-03
 CH4+        =   1.121E+03   O           =   5.615E+17   O-          =   7.526E-01
 CH4         =   2.669E+00   NH2+        =   5.673E+01   NH3         =   4.939E+13
 OH+         =   6.403E+12   OH          =   3.774E+10   OH-         =   4.074E-10
 CH5+        =   5.937E+03   NH3+        =   1.782E+02   H2O         =   1.699E+16
 NH4+        =   9.952E-01   H2O+        =   9.998E+12   F           =   2.207E+13
 F+          =   1.398E+02   H3O+        =   1.866E+14   HF          =   8.108E+10
 HF+         =   9.376E+00   H2F+        =   7.650E+01   Na+         =   2.136E+13
 Na          =   7.903E+11   Mg          =   7.903E+11   Mg+         =   2.136E+13
 C2-         =   8.273E-13   C2+         =   9.530E+01   C2          =   5.825E+02
 C2H-        =   3.328E-17   C2H+        =   8.186E+01   C2H         =   6.183E-01
 CN          =   1.598E+05   CN+         =   2.317E+05   C2H2        =   2.410E-02
 CN-         =   2.805E-11   C2H2+       =   1.717E+03   HCN+        =   2.422E+05
 Al          =   0.000E+00   Al+         =   0.000E+00   HNC         =   3.010E+07
 C2H3        =   1.489E-02   C2H3+       =   1.318E+02   HCN         =   2.047E+13
 H2NC        =   2.681E-14   AlH         =   0.000E+00   HCNH+       =   9.099E+06
 Si          =   2.253E+07   C2H4+       =   2.705E-02   Si+         =   5.992E+16
 H2CN        =   8.626E-04   H2NC+       =   1.095E+06   CO          =   6.438E+17
 N2          =   3.161E+15   C2H4        =   1.322E-15   AlH+        =   0.000E+00
 N2+         =   9.385E+00   CO+         =   1.122E+08   C2H5        =   1.144E-17
 HCO         =   7.884E-02   HOC+        =   2.181E+08   SiH         =   3.819E+01
 CH2NH       =   2.189E-19   N2H+        =   5.529E+02   H2CNH+      =   7.756E-10
 AlH2        =   0.000E+00   HCO+        =   6.343E+10   SiH+        =   1.580E+02
 H2NCH+      =   4.885E-22   C2H5+       =   1.897E-10   CH2NH2      =   4.889E-32
 SiH2+       =   3.422E+09   H2CO+       =   9.263E+05   CH3NH       =   1.677E-32
 CH4N+       =   4.105E-13   CH2NH2+     =   8.836E-25   H2CO        =   1.469E-02
 CH3CH3+     =   4.907E-28   AlH3        =   0.000E+00   NO+         =   1.238E+10
 SiH2        =   1.084E-02   CH3CH3      =   9.560E-39   NO          =   1.013E+04
 CH3NH2      =   1.037E-21   P+          =   1.976E+14   CH3O        =   4.507E-07
 P           =   2.893E+07   H2COH+      =   8.711E-02   SiH3+       =   1.234E-04
 CH3NH2+     =   4.425E-20   CH2OH       =   1.339E-06   C2H7+       =   2.107E-47
 HNO+        =   3.883E+09   SiH3        =   6.767E-10   HNO         =   5.876E-04
 CF+         =   2.002E+09   SiH4        =   3.901E-16   O2          =   1.066E+02
 S           =   2.488E+10   H2NO+       =   2.717E-09   O2+         =   1.951E+06
 CH3NH3+     =   7.660E-17   O2-         =   1.761E-29   S+          =   5.402E+16
 CH3OH       =   1.473E-11   PH+         =   2.252E+00   PH          =   3.152E+02
 SiH4+       =   3.468E-21   S-          =   1.842E-06   CH3OH+      =   7.757E-11
 HS          =   7.753E+02   PH2+        =   1.022E+07   HS+         =   3.484E+06
 SiH5+       =   3.552E-12   O2H         =   2.746E-19   CH3OH2+     =   8.279E-06
 O2H+        =   3.428E-11   PH2         =   9.236E-06   PH3+        =   9.543E-07
 H2S         =   1.383E+15   H2O2+       =   2.558E-30   PH3         =   2.453E-35
 H2S+        =   1.764E+09   H2O2        =   8.752E-32   H3S+        =   8.255E+08
 PH4+        =   8.901E-44   Cl          =   1.107E+13   Cl+         =   5.572E+11
 C3          =   1.518E-07   C3+         =   1.006E-03   HCl+        =   3.970E+11
 C3-         =   7.234E-23   HCl         =   2.608E+07   C3H         =   5.677E-09
 H2Cl+       =   1.012E+13   C3H+        =   5.420E-03   C3H-        =   2.130E-24
 C3H2+       =   1.593E-04   C2N         =   8.758E+01   CNC+        =   1.681E+00
 H2CCC       =   6.118E-10   C2N+        =   5.331E+04   C3H2        =   3.163E-10
 H2CCCH+     =   6.099E-04   C3H3+       =   2.250E-04   HCCN        =   2.799E-05
 C2NH+       =   1.336E+00   CH2CCH      =   2.656E-11   CH2CN+      =   6.140E-06
 SiC+        =   2.744E+03   MgO         =   2.662E-02   C2O+        =   6.838E-02
 Ca          =   0.000E+00   Ca+         =   0.000E+00   Ar          =   0.000E+00
 CH2CN       =   2.622E-04   SiC         =   7.602E+06   C2O         =   2.324E+01
 Ar+         =   0.000E+00   C3H4+       =   7.639E-14   CH2CCH2     =   1.704E-11
 CH3CCH      =   1.641E-11   CH3CN+      =   2.228E-06   ArH+        =   0.000E+00
 C3H5+       =   6.423E-17   MgOH        =   4.920E-17   CH2CCH3+    =   5.041E-20
 HCSi        =   5.167E+06   CH3CN       =   2.491E-08   HCCO        =   9.097E-01
 HC2O+       =   1.431E+00   HCSi+       =   2.713E+03   C3H5        =   1.347E-36
 H2CCO+      =   1.610E+02   OCN+        =   5.060E-03   CH3CHCH2    =   1.817E-35
 SiCH2       =   4.971E-07   SiN+        =   5.744E+05   CH2CO       =   2.617E+05
 C3H6+       =   3.059E-39   CNO         =   5.062E-23   SiCH2+      =   8.601E+04
 CH2CO+      =   3.870E+03   SiN         =   1.889E+08   OCN         =   4.557E-03
 CH3CNH+     =   7.317E-06   HCNO+       =   1.803E-22   AlO         =   0.000E+00
 HONC        =   1.681E-17   SiCH3+      =   2.390E-09   CP          =   4.834E-01
 HOCN+       =   3.188E-03   HNCO        =   1.800E+00   HNSi+       =   4.488E+04
 CP+         =   1.323E-05   HOCN        =   1.776E+00   C3H7+       =   4.345E-45
 SiCH3       =   1.591E-06   CH3CO+      =   1.736E+03   HNSi        =   1.176E+08
 HNCO+       =   3.261E-02   HCNO        =   5.024E-13   HONC+       =   1.625E-27
 AlOH        =   0.000E+00   HCNOH+      =   9.740E-19   HCP         =   4.608E-01
 CH3CHO+     =   2.339E-17   CH3CHO      =   1.180E-17   H2OCN+      =   1.030E-07
 CO2+        =   4.302E-10   SiO         =   2.142E+15   H2NCO+      =   7.849E-08
 CH2CHOH     =   1.118E-10   N2O+        =   9.176E-13   N2O         =   5.320E-15
 HNCOH+      =   2.942E-02   CO2         =   2.371E+13   SiO+        =   1.740E+06
 CH2CHOH+    =   1.534E-13   HCP+        =   1.755E-05   SiCH4+      =   6.574E-09
 CS          =   4.402E+12   H2CNO+      =   9.707E-19   SiNH2+      =   1.523E+06
 CS+         =   4.109E+00   HCO2+       =   1.241E+01   NH2CHO+     =   5.851E-36
 HCS         =   3.492E-04   CH3OCH2     =   3.675E-23   PCH2+       =   1.870E-03
 CH2CH2OH    =   7.164E-39   SiOH        =   8.296E-14   CH3CHOH     =   5.753E-38
 HN2O+       =   5.421E-25   NH2CHO      =   1.449E-37   SiOH+       =   4.740E+07
 CH3OCH2+    =   6.097E-26   PN+         =   4.898E+05   CH3CHOH+    =   4.113E-13
 HSiO        =   2.753E-14   CH2CHOH2+   =   3.481E-17   HCS+        =   3.155E+01
 PN          =   1.186E+12   NH3CHO+     =   3.792E-44   HCOOH       =   7.552E-04
 CH3OCH3     =   2.029E-23   H2CS        =   7.389E-02   CH2PH       =   6.982E-11
 H2SiO+      =   3.029E-07   NO2+        =   3.995E+03   PCH3+       =   1.687E-16
 HCOOH+      =   2.952E-06   NO2         =   8.231E-14   C2H5OH+     =   4.641E-33
 H2SiO       =   6.132E-11   HPN+        =   5.014E+02   CH3OCH3+    =   3.690E-26
 NS+         =   8.434E+06   H2CS+       =   1.694E-03   NS          =   8.409E+01
 C2H5OH      =   1.027E-32   AlF         =   0.000E+00   PO+         =   7.903E+04
 HCOOH2+     =   2.573E-05   PO          =   6.125E+12   HNS+        =   9.041E-08
 CH3OCH4+    =   1.606E-24   C2H5OH2+    =   4.886E-29   CCl         =   2.288E-02
 SiF+        =   9.194E+08   CCl+        =   1.255E+04   H2CSH+      =   3.295E-04
 H3SiO+      =   4.573E-15   PNH2+       =   3.798E-12   PCH4+       =   5.684E-13
 Ti          =   0.000E+00   HPO+        =   2.018E+02   Ti+         =   0.000E+00
 MgC2        =   1.219E-14   SO          =   2.418E+14   HCCl+       =   2.428E-11
 CH3SH+      =   4.215E-21   SO+         =   3.392E+07   HCCl        =   1.285E-02
 PNH3+       =   3.543E-18   C4-         =   1.206E-20   HPO         =   1.902E-03
 C4          =   2.543E-13   C4+         =   7.934E-08   CH3SH       =   4.427E-56
 C4H-        =   1.069E-27   H2CCl+      =   5.289E-05   C4H+        =   1.120E-07
 CH2Cl       =   3.641E-05   MgC2H       =   4.364E-14   C4H         =   3.802E-12
 HSO+        =   9.554E+01   H2PO+       =   6.749E-06   CH3SH2+     =   5.008E-65
 MgC2H+      =   1.070E-21   NaCN        =   1.480E-05   C4H2        =   1.256E-06
 C3N+        =   1.344E-07   NaCNH+      =   3.282E-07   MgNC        =   9.968E-05
 MgC2H2+     =   2.181E-16   C3N-        =   2.810E-14   CH3Cl       =   4.578E-05
 MgCN        =   5.151E-05   C3N         =   4.938E-04   C4H2+       =   2.833E-08
 CH3Cl+      =   3.577E-08   CH3ClH+     =   4.554E-07   HCCNC+      =   6.188E-09
 HC3N        =   3.459E-12   C4H3        =   8.814E-09   ClO+        =   2.708E-15
 HC3N+       =   1.457E-06   C4H3+       =   3.067E-08   ClO         =   6.454E-12
 HCCNC       =   1.718E-06   HNC3        =   5.444E-08   HMgNC       =   2.147E-18
 MgNCH+      =   1.435E-06   C4H4+       =   8.133E-11   SiC2        =   1.804E+06
 C3O         =   2.443E-04   C2N2+       =   9.460E-12   NCCN        =   1.826E-05
 HC3NH+      =   1.184E-07   C3O+        =   5.359E-08   HCCNCH+     =   1.754E-12
 HMgNCH+     =   4.599E-25   SiC2+       =   1.714E+02   CH2CHCCH    =   6.731E-24
 CH2CHCN     =   1.460E-18   SiC2H       =   7.266E+00   HC3O        =   2.059E-04
 CH2CHCN+    =   5.825E-21   NCCNH+      =   4.610E-11   HC3O+       =   5.953E-07
 CH2CHCCH2+  =   6.545E-34   C4H5+       =   6.169E-21   SiC2H+      =   8.698E+03
 SiNC        =   2.028E-01   SiC2H2      =   2.570E+01   SiC2H2+     =   1.242E-03
 HC3OH+      =   2.303E-05   HCCCHO      =   5.552E-12   CH2CHCNH+   =   1.746E-21
 CH2CHCHCH2  =   2.333E-35   SiNC+       =   1.910E+05   CCP+        =   1.125E-04
 C4H7+       =   6.047E-37   HCCCHOH+    =   1.513E-18   HCOCN+      =   1.659E-07
 SiC2H3+     =   7.585E-02   H2C3OH+     =   1.727E-06   C2H5CN      =   1.102E-17
 CCP         =   8.292E-06   HCOCN       =   6.053E-05   SiNCH+      =   6.760E-03
 Fe+         =   2.136E+13   C2S+        =   2.904E-05   H2COCN+     =   8.734E-12
 CaO         =   0.000E+00   Fe          =   7.903E+11   HNCOCH+     =   8.734E-12
 HC2P        =   2.032E-12   C2H5CNH+    =   4.862E-20   CH2CHCHO    =   1.931E-22
 C2S         =   1.720E-01   HC2P+       =   7.911E-08   CH2CHCHO+   =   6.258E-25
 CaOH        =   0.000E+00   HC2S+       =   7.603E-04   HCCS        =   4.515E-07
 CH2CHCHOH+  =   1.410E-29   PC2H2+      =   1.397E-14   CH3NCO+     =   1.363E-20
 CH3NCO      =   6.660E-17   NCS+        =   5.045E-23   H2C2S+      =   4.553E-12
 CH3NCOH+    =   3.481E-25   CH3COCH3    =   1.221E-27   CH3COCH3+   =   4.669E-30
 PC2H3+      =   1.265E-27   NaCl        =   3.765E-17   H2CCS       =   8.022E-10
 NCS         =   3.388E-08   NaClH+      =   6.479E-23   PC2H4+      =   5.278E-28
 HNCS+       =   4.194E-19   HSCN+       =  -3.426+265   HSCN        =   2.659E-15
 AlO2        =   0.000E+00   H3C2S+      =   3.614E-18   CH3CS+      =   4.700E-12
 HNCS        =   4.008E-15   CH3COCH4+   =   4.925E-29   HOCHCHOH+   =   2.026E-21
 H2SCN+      =   6.780E-18   SiS         =   7.531E+13   HOCHCHOH    =   6.187E-19
 H2NCS+      =   7.422E-18   C5-         =   2.716E-15   HNCSH+      =   1.533E-17
 OCS         =   2.546E-12   C5          =   5.415E-07   HOCH2CHO    =   5.637E-40
 HOCH2CHO+   =   1.439E-42   CH3COOH+    =   1.368E-41   HCOOCH3     =   9.975E-24
 C5+         =   1.676E-11   HCOOCH3+    =   3.106E-26   OCS+        =   2.093E-03
 CH3COOH     =   7.941E-39   SiO2        =   2.889E-07   SiS+        =   2.490E-03
 C3CCH       =   1.501E-12   HOCHCHOH2+  =   2.001E-24   C5H         =   2.410E-18
 HSiS        =   6.992E-14   CH3COOH2+   =   4.376E-47   C3CCH+      =   4.810E-16
 C5H-        =   4.960E-26   HOCH2CH2O+  =   2.133E-48   H2COOCH3+   =   6.599E-29
 SiSH+       =   9.220E-01   C5H+        =   2.690E-10   OCSH+       =   3.329E-15
 HSiO2+      =   1.909E-15   C4N         =   1.752E-12   C3CCH2+     =   1.900E-19
 C5H2+       =   1.288E-12   H2SiS+      =   1.657E-22   C5H2        =   4.782E-14
 C3HCCH      =   3.123E-28   H2SiS       =   4.989E-16   C3HCCH+     =   4.955E-32
 C4N+        =   2.589E-11   AlCl        =   0.000E+00   HC4N+       =   4.119E-14
 C5H3+       =   5.430E-18   C3HCCH2+    =   2.798E-35   AlHCl       =   0.000E+00
 H3SiS+      =   2.767E-24   HC4N        =   3.716E-12   CH2C3N      =   6.631E-21
 H2C4N+      =   3.736E-14   CH3C4H      =   1.079E-24   SO2         =   2.940E+14
 TiO         =   0.000E+00   S2+         =   8.232E-03   CH3C4H+     =   3.121E-25
 C4O+        =   1.918E-11   SiC3        =   6.340E+00   S2          =   9.225E-11
 C4O         =   1.432E-08   C5H4+       =   1.989E-47   TiO+        =   0.000E+00
 SiC3+       =   1.218E-02   SO2+        =   3.852E-20   H2CCCHCCH   =   9.486E-25
 AlH2Cl      =   0.000E+00   CH3C3N      =   3.538E-11   HC4O+       =   1.040E-09
 H2CCCHCN    =   1.636E-23   HCCCH2CN    =   1.378E-24   SiC3H       =   7.804E-08
 CH3C3N+     =   3.418E-14   C5H5+       =   3.865E-27   HS2         =   4.400E-01
 TiOH+       =   0.000E+00   HS2+        =   2.380E-03   CH2C3NH+    =   1.388E-26
 C5H5        =   7.854E-40   SiC3H+      =   3.019E-02   HOSO+       =   2.829E-21
 HC4O        =   1.519E-08   SiC3H2+     =   3.038E-10   C5H6+       =   1.461E-49
 HC4OH+      =   4.848E-11   H2S2+       =   7.169E-03   CH3C3NH+    =   1.637E-13
 H2S2        =   3.651E-05   C5H6        =   2.206E-47   HCCCH2CNH+  =   1.937E-33
 H2CCCHCNH+  =   2.724E-32   SiC3H3+     =   3.280E-14   C3P         =   1.391E-14
 H2C4OH+     =   5.397E-11   CH3CHCHCN   =   1.044E-48   CH3CHCHCN+  =   1.563E-50
 H3S2+       =   4.005E-07   C5H7+       =   3.413E-52   NCCNCH3+    =   7.344E-18
 C3S         =   5.563E-08   CH3CHCHCNH+ =   3.950E-57   PC3H+       =   1.026E-16
 C3S+        =   9.467E-10   HC3S+       =   2.468E-12   HC3S        =   8.954E-12
 HC3SH+      =   9.149E-14   Al2O        =   0.000E+00   H2CCCS      =   1.929E-18
 HCSC2H      =   2.210E-18   Cl2         =  -5.124E-41   H3C3S+      =   7.412E-27
 HCSCN       =   1.458E-11   HCSC2H2+    =   1.611E-26   FeO         =   1.076E-07
 C6          =   3.335E-09   C6+         =   4.242E-11   HCSCNH+     =   4.881E-19
 C6-         =   1.408E-15   C6H+        =   6.229E-12   C6H-        =   1.853E-16
 FeOH        =   2.104E-17   MgC4H       =   1.094E-15   C6H         =   9.737E-10
 C5N-        =   1.009E-18   NaC3NH+     =   2.013E-23   MgC3N       =   2.004E-20
 C6H2        =   4.179E-13   C5N+        =   5.740E-15   C6H2+       =   3.914E-14
 MgC4H2+     =   4.944E-19   C5N         =   1.340E-11   HC5N        =   5.972E-12
 MgC3NH+     =   3.187E-22   HC4NC+      =   5.891E-17   HC5N+       =   8.006E-15
 C6H3+       =   2.942E-23   HC4NC       =   2.408E-13   C5O         =   4.530E-12
 NC4N        =   2.161E-14   SiC4+       =   1.969E-10   C6H4+       =   9.203E-26
 HC4NCH+     =   4.658E-23   HC5NH+      =   2.270E-14   C6H4        =  -8.301E+19
 C5O+        =   8.083E-15   SiC4        =   1.758E-15   H3C5N+      =   3.019E-21
 HCCCHCHCN+  =   1.330+116   SiC4H+      =   4.679E-18   C6H5        =   3.016E-28
 HC5O        =   5.128E-12   C6H5+       =   1.092E-29   HC5O+       =   4.806E-15
 HCCCHCHCN   =   2.955E-36   H2CCHC3N    =   3.918E-36   NC4NH+      =   8.112+175
 H2CCHC3N+   =   8.513E-40   HCCCHCHCNH+ =   2.065E-44   C6H6        =   1.775E-27
 H2CCHC3NH+  =   2.986E-44   HC5OH+      =   3.728E-14   C6H6+       =   4.947E-31
 C4P+        =   4.683E-23   C6H7+       =   1.901E+06   H2C5OH+     =   3.409E-15
 C4P         =   4.581E-18   TiO2+       =   3.041-314   PC4H+       =   5.988E-20
 C4S+        =   3.112E-11   C4S         =   9.971+276   TiO2        =   3.041-314
 TiO2H+      =   5.401-186   HC4S        =   6.464E-10   HC4S+       =   5.577E-10
 HC4SH+      =   3.751E-12   C7+         =   1.579E-13   C7          =   8.896E-11
 C7-         =   1.681E-17   C7H+        =   1.106E-13   C7H-        =   2.415E-21
 C7H         =   4.922E-14   C7H2        =   1.085E-17   Al2O2       =   3.041-314
 C7H2+       =   5.037E-20   C7H3+       =   1.318E-23   C6O+        =   4.040E-16
 H2CCCHC4H   =   1.282E-29   C7H4+       =   6.224+180   C6O         =   2.852E-13
 CH3C6H      =   3.487E-29   CH3C6H2+    =   8.311E-32   H2CCCHC3N+  =   1.955E-35
 HC6O        =   1.726E-16   H2CCCHC3N   =   1.063E-31   HC6O+       =   2.916E-15
 CH3C5N      =  -7.667+174   H2CCCHC4H2+ =   8.311E-32   CH3C5NH+    =   1.406E-23
 H2CCCHC3NH+ =   1.894E-40   C5H5CCH     =   2.109E-42   HC6OH+      =   3.164E-21
 C5H4CCH2    =   1.845E-43   C5H5CCH2+   =   1.683E-48   C5H5CN      =   2.299E-50
 H2C6OH+     =   1.043E-26   C5H4CCH3+   =   1.294E-52   C5S         =   7.018E-26
 C5S+        =   7.524E-13   C5H5CNH+    =   8.312E-59   HC5S+       =   3.164E-33
 C8-         =   6.422E-20   C8          =   1.350E-13   C8+         =   6.974E-15
 C8H-        =   2.072E-20   MgC6H       =   1.588E-19   AlCl2       =   2.964-323
 C8H+        =   2.644E-17   C8H         =   7.330E-14   C8H2        =   1.332E-16
 AlHCl2      =   2.084+241   MgC6H2+     =   8.797E-23   NaC5NH+     =   2.042E-20
 MgC5N       =   4.063E-17   C7N         =   1.455E-14   C7N+        =   2.045E-18
 C8H2+       =   1.105E-16   C7N-        =   5.069E-21   MgC5NH+     =   9.093E-19
 HC7N        =   1.190E-16   C8H3+       =   6.174E-27   HC7N+       =   1.191E-17
 C7O+        =   8.250E-18   C8H4+       =   2.400E-31   C7O         =   5.170E-15
 HC7NH+      =   2.546E-19   HC7O        =   4.672E-17   H3C7N+      =   3.503E-31
 HC7O+       =   5.666E-17   C8H5+       =   1.184E-35   Al2O3       =   5.471-315
 C6H5CCH     =   1.556E-44   C6H5CCH+    =   1.411E-47   HC7OH+      =   2.850E-19
 H2C7OH+     =   3.882E-28   C6H5CN      =   1.250E-39   C6H5CCH2+   =   2.196E-53
 C6H5CNH+    =   3.041E-47   C9-         =  -1.475+246   C9          =   2.724E-15
 C9+         =   1.791E-17   C9H-        =   4.789E-25   C9H+        =   3.112E-18
 C9H         =   8.893E-19   C9H2        =   4.066+199   C9H2+       =   3.143E-24
 C9H3+       =   3.666E-27   C9H4+       =   2.223E-35   C8O+        =   1.008E-19
 CH3C8H      =   4.114E-43   C8O         =   7.138E-17   HC8O+       =   6.870E-19
 CH3C7N      =   1.203E-25   HC8O        =   2.655E-20   C9H5+       =   9.896E-46
 HC8OH+      =   5.425E-25   CH3C7NH+    =   3.368E-28   H2C8OH+     =   1.534E-28
 C10         =   1.465E-17   C10+        =   2.087E-19   C10-        =   2.982E-24
 C10H        =   2.464E-21   C10H-       =   1.865E-27   C10H+       =   9.081E-21
 MgC8H       =   7.369E-21   C9N         =   2.721E-19   C10H2+      =   2.186E-27
 C9N-        =   8.789E-26   C10H2       =   2.900E-23   MgC7N       =   1.062E-20
 NaC7NH+     =   6.021E-23   C9N+        =   5.313E-23   MgC8H2+     =   3.699E-24
 HC9N        =   3.523E-21   MgC7NH+     =   2.563E-22   HC9N+       =   3.365E-22
 C10H3+      =   3.797E-33   C9O+        =   1.459E-22   C9O         =   9.713E-20
 HC9NH+      =   7.471E-24   HC9O        =   2.390E-19   C10H5+      =   2.976E-42
 H3C9N+      =   6.701E-36   HC9O+       =   1.732E-22   HC9OH+      =   4.846E-22
 H2C9OH+     =   4.221E-32   C11+        =   1.144E-21   C11-        =   2.073E-26
 C11         =   1.074E-19   AlCl3       =   4.852-314   C11H+       =   5.127E-23
 C11H-       =   1.265E-29   C11H        =   1.751E-23   C11H2       =   2.262E-25
 C11H2+      =   1.696E-29   C11H3+      =   6.318E-36   CH3C9N      =   3.289E-30
 CH3C9NH+    =   8.494E-33   C12+        =   8.838E-24   C12         =   2.757E-29
 C11N-       =   7.929E-34   NaC9NH+     =   8.410E-27   C11N        =   2.337E-27
 HC11N+      =   1.372E-33   HC11N       =   2.741E-29   HC11NH+     =   1.191E-35
 H2C11NH+    =   1.062E-40   e-          =   2.481E+17   H2          =   1.438E+21
