


                   **  CALCULATED COLUMN DENSITIES  **


 H+          =   1.106E+19   H           =   2.769E+21   H-          =   1.054E+04
 H2+         =   5.224E+07   H3+         =   6.698E+08   He          =   3.765E+20
 He+         =   1.079E+12   HeH+        =   1.720E+08   C-          =   1.104E-03
 C           =   3.144E+13   C+          =   4.187E+17   CH-         =  -5.652E-20
 CH          =   2.647E+05   CH+         =   1.813E+11   CH2         =   1.490E+04
 N           =   2.584E+17   CH2+        =   5.139E+08   N+          =   3.193E+09
 CH3         =   4.862E+01   NH+         =   4.973E+01   NH          =   5.176E+06
 CH3+        =   1.152E+09   O+          =   1.379E+14   NH2         =   3.306E-03
 CH4+        =   4.477E+02   O           =   4.992E+16   O-          =   2.079E+00
 CH4         =   2.766E+14   NH2+        =   2.962E+01   NH3         =   4.742E+12
 OH+         =   2.285E+13   OH          =   6.235E+09   OH-         =   3.910E-10
 CH5+        =   1.788E+03   NH3+        =   1.498E+01   H2O         =   2.015E+14
 NH4+        =   2.475E-03   H2O+        =   7.751E+12   F           =   3.623E+13
 F+          =   9.510E+01   H3O+        =   3.513E+12   HF          =   1.418E+12
 HF+         =   4.520E+00   H2F+        =   6.081E+00   Na+         =   2.136E+13
 Na          =   7.903E+11   Mg          =   7.903E+11   Mg+         =   2.136E+13
 C2-         =   1.669E-11   C2+         =   2.509E+03   C2          =   3.571E+03
 C2H-        =   1.986E-16   C2H+        =   1.224E+03   C2H         =   7.579E-01
 CN          =   1.371E+06   CN+         =   2.528E+06   C2H2        =   3.461E+15
 CN-         =   1.714E-09   C2H2+       =   1.454E+03   HCN+        =   1.095E+06
 Al          =   0.000E+00   Al+         =   0.000E+00   HNC         =   2.172E+07
 C2H3        =   9.529E-03   C2H3+       =   1.161E+01   HCN         =   3.232E+15
 H2NC        =   2.304E-15   AlH         =   0.000E+00   HCNH+       =   1.062E+06
 Si          =   1.303E+08   C2H4+       =   7.359E-03   Si+         =   6.344E+16
 H2CN        =   3.366E-03   H2NC+       =   1.212E+05   CO          =   1.738E+18
 N2          =   3.161E+15   C2H4        =   5.413E+12   AlH+        =   0.000E+00
 N2+         =   1.750E+02   CO+         =   9.558E+07   C2H5        =  -9.628E-10
 HCO         =   6.687E-03   HOC+        =   8.992E+07   SiH         =   2.223E+01
 CH2NH       =   9.540E-20   N2H+        =   2.368E+02   H2CNH+      =   6.422E-11
 AlH2        =   0.000E+00   HCO+        =   6.288E+10   SiH+        =   2.776E+02
 H2NCH+      =   8.289E-24   C2H5+       =   5.216E-11   CH2NH2      =   1.840E-32
 SiH2+       =   1.404E+08   H2CO+       =   5.246E+03   CH3NH       =   6.294E-33
 CH4N+       =   4.591E-14   CH2NH2+     =   1.154E-25   H2CO        =   3.917E-04
 CH3CH3+     =  -1.046E-11   AlH3        =   0.000E+00   NO+         =   2.265E+09
 SiH2        =   1.679E-03   CH3CH3      =  -1.260E-10   NO          =   3.603E+04
 CH3NH2      =   6.280E-23   P+          =   5.340E+13   CH3O        =   1.598E-07
 P           =   3.264E+07   H2COH+      =   6.971E-04   SiH3+       =   2.411E-05
 CH3NH2+     =   7.919E-22   CH2OH       =   4.794E-07   C2H7+       =  -6.945E-20
 HNO+        =   2.227E+08   SiH3        =   6.916E-12   HNO         =   5.744E-06
 CF+         =   4.412E+09   SiH4        =   5.291E-17   O2          =   5.016E+00
 S           =   7.147E+10   H2NO+       =   7.986E-15   O2+         =   1.003E+06
 CH3NH3+     =   1.366E-18   O2-         =   2.335E-17   S+          =   3.542E+16
 CH3OH       =   2.963E-11   PH+         =   3.211E-01   PH          =   4.869E+01
 SiH4+       =   6.100E-21   S-          =   1.915E-05   CH3OH+      =   2.955E-12
 HS          =   7.547E+02   PH2+        =   2.095E+05   HS+         =   1.308E+06
 SiH5+       =   9.047E-14   O2H         =  -1.530E-13   CH3OH2+     =   5.422E-07
 O2H+        =   2.872E-12   PH2         =   1.809E-06   PH3+        =   4.726E-08
 H2S         =   3.161E+11   H2O2+       =  -2.823E-12   PH3         =   4.362E-36
 H2S+        =   1.530E+08   H2O2        =  -5.072E-13   H3S+        =   9.243E+05
 PH4+        =   3.665E-45   Cl          =   4.905E+14   Cl+         =   1.532E+14
 C3          =   4.091E-08   C3+         =   9.734E-04   HCl+        =   3.932E+13
 C3-         =   8.981E-23   HCl         =   2.568E+13   C3H         =   3.791E-10
 H2Cl+       =   1.117E+13   C3H+        =   1.002E-03   C3H-        =   6.928E-25
 C3H2+       =   1.667E-05   C2N         =   3.094E+01   CNC+        =   1.047E+01
 H2CCC       =   2.094E-10   C2N+        =   9.671E+04   C3H2        =   8.351E-11
 H2CCCH+     =   2.657E-05   C3H3+       =   3.735E-06   HCCN        =   7.512E-05
 C2NH+       =   1.334E-01   CH2CCH      =   1.283E-11   CH2CN+      =   4.585E-06
 SiC+        =   4.837E+02   MgO         =   3.070E-02   C2O+        =   2.143E-03
 Ca          =   0.000E+00   Ca+         =   0.000E+00   Ar          =   0.000E+00
 CH2CN       =   1.053E-04   SiC         =   7.354E+04   C2O         =   3.217E-01
 Ar+         =   0.000E+00   C3H4+       =   1.827E-14   CH2CCH2     =   8.684E-12
 CH3CCH      =   6.277E-12   CH3CN+      =   8.255E-07   ArH+        =   0.000E+00
 C3H5+       =   1.887E-17   MgOH        =   5.838E-16   CH2CCH3+    =   4.973E-21
 HCSi        =   9.688E+04   CH3CN       =   9.277E-09   HCCO        =   3.381E+00
 HC2O+       =   8.805E-03   HCSi+       =   4.158E+02   C3H5        =   3.855E-07
 H2CCO+      =   2.457E+02   OCN+        =   2.619E-02   CH3CHCH2    =  -2.313E-23
 SiCH2       =   2.062E-07   SiN+        =   9.201E+03   CH2CO       =   1.458E+05
 C3H6+       =  -1.925E-27   CNO         =   4.755E-22   SiCH2+      =   1.312E+03
 CH2CO+      =   4.258E+04   SiN         =   1.077E+06   OCN         =   1.277E-02
 CH3CNH+     =   5.099E-07   HCNO+       =   9.969E-22   AlO         =   0.000E+00
 HONC        =   1.951E-18   SiCH3+      =   8.872E-10   CP          =   2.580E-01
 HOCN+       =   9.927E-03   HNCO        =   1.769E+00   HNSi+       =   3.524E+03
 CP+         =   1.621E-04   HOCN        =   1.216E+00   C3H7+       =  -1.158E-25
 SiCH3       =   2.253E-07   CH3CO+      =   9.023E+02   HNSi        =   7.848E+05
 HNCO+       =   2.788E-02   HCNO        =   3.632E-12   HONC+       =   6.828E-28
 AlOH        =   0.000E+00   HCNOH+      =   5.001E-20   HCP         =   1.976E+12
 CH3CHO+     =   4.080E-18   CH3CHO      =   1.393E-17   H2OCN+      =   2.430E-09
 CO2+        =   2.439E-10   SiO         =   3.967E+14   H2NCO+      =   2.383E-09
 CH2CHOH     =   2.052E-11   N2O+        =   1.540E-16   N2O         =   1.649E-16
 HNCOH+      =   1.795E-02   CO2         =   1.685E+02   SiO+        =   2.482E+05
 CH2CHOH+    =   8.872E-14   HCP+        =   1.757E-04   SiCH4+      =   2.030E-09
 CS          =   8.377E+14   H2CNO+      =   4.622E-20   SiNH2+      =   1.064E+04
 CS+         =   1.584E+01   HCO2+       =   1.925E-01   NH2CHO+     =   2.487E-39
 HCS         =   6.045E-04   CH3OCH2     =   8.124E-25   PCH2+       =   9.447E-04
 CH2CH2OH    =   2.095E-37   SiOH        =   4.641E-14   CH3CHOH     =   1.976E-36
 HN2O+       =   1.046E-27   NH2CHO      =   1.104E-39   SiOH+       =   1.739E+05
 CH3OCH2+    =   4.341E-27   PN+         =   5.302E-02   CH3CHOH+    =   1.504E-13
 HSiO        =   2.815E-16   CH2CHOH2+   =   4.635E-20   HCS+        =   7.114E+00
 PN          =   4.779E+01   NH3CHO+     =   1.631E-47   HCOOH       =   1.465E-04
 CH3OCH3     =   5.571E-23   H2CS        =   1.125E-02   CH2PH       =   1.415E-12
 H2SiO+      =   1.071E-09   NO2+        =   8.033E+00   PCH3+       =   9.916E-17
 HCOOH+      =   1.184E-06   NO2         =   1.905E-16   C2H5OH+     =   1.129E-33
 H2SiO       =   1.881E-15   HPN+        =   4.227E-07   CH3OCH3+    =   3.118E-25
 NS+         =   1.436E+05   H2CS+       =   9.990E-04   NS          =   1.011E+01
 C2H5OH      =   1.535E-32   AlF         =   0.000E+00   PO+         =   3.565E+02
 HCOOH2+     =   3.859E-06   PO          =   1.287E+03   HNS+        =   1.891E-08
 CH3OCH4+    =   8.959E-25   C2H5OH2+    =   2.900E-29   CCl         =   1.397E-01
 SiF+        =   1.329E+08   CCl+        =   4.780E+05   H2CSH+      =   6.603E-05
 H3SiO+      =   2.050E-18   PNH2+       =   1.594E-14   PCH4+       =   7.325E-15
 Ti          =   0.000E+00   HPO+        =   8.200E+00   Ti+         =   0.000E+00
 MgC2        =   5.453E-15   SO          =   2.626E-03   HCCl+       =   1.089E-11
 CH3SH+      =   1.146E-21   SO+         =   2.647E+05   HCCl        =   3.390E-01
 PNH3+       =   2.274E-21   C4-         =   9.639E-20   HPO         =   7.931E-06
 C4          =   1.079E-12   C4+         =   5.557E-07   CH3SH       =   3.895E-56
 C4H-        =   6.502E-27   H2CCl+      =   2.522E-04   C4H+        =   2.896E-07
 CH2Cl       =   2.253E-04   MgC2H       =   2.507E-14   C4H         =   7.605E-12
 HSO+        =   2.354E+02   H2PO+       =   4.609E-08   CH3SH2+     =   4.226E-65
 MgC2H+      =   5.490E-23   NaCN        =   5.892E-07   C4H2        =   1.039E-06
 C3N+        =   5.237E-08   NaCNH+      =   3.933E-08   MgNC        =   4.141E-06
 MgC2H2+     =   2.747E-16   C3N-        =   1.178E-13   CH3Cl       =   2.308E-04
 MgCN        =   2.148E-06   C3N         =   2.303E-04   C4H2+       =   2.505E-08
 CH3Cl+      =   4.390E-08   CH3ClH+     =   5.436E-07   HCCNC+      =   1.091E-10
 HC3N        =   3.737E-13   C4H3        =   2.474E-09   ClO+        =   1.717E-17
 HC3N+       =   4.780E-08   C4H3+       =   1.056E-08   ClO         =   1.363E-13
 HCCNC       =   1.390E-08   HNC3        =   9.315E-10   HMgNC       =   9.996E-20
 MgNCH+      =   1.717E-07   C4H4+       =   1.055E-11   SiC2        =   1.478E+15
 C3O         =   3.972E-04   C2N2+       =   2.642E-12   NCCN        =   7.322E-06
 HC3NH+      =   7.799E-10   C3O+        =   9.027E-07   HCCNCH+     =   8.814E-17
 HMgNCH+     =   2.388E-27   SiC2+       =   1.025E+02   CH2CHCCH    =   1.289E-23
 CH2CHCN     =   6.546E-20   SiC2H       =   6.026E-02   HC3O        =   1.173E-05
 CH2CHCN+    =   5.239E-22   NCCNH+      =   1.859E-12   HC3O+       =   1.609E-06
 CH2CHCCH2+  =   2.281E-34   C4H5+       =   1.066E-21   SiC2H+      =   5.683E+02
 SiNC        =   7.604E-03   SiC2H2      =   6.365E-02   SiC2H2+     =   4.725E-05
 HC3OH+      =   1.235E-05   HCCCHO      =   2.944E-14   CH2CHCNH+   =   1.849E-22
 CH2CHCHCH2  =  -8.194E-31   SiNC+       =   7.805E+03   CCP+        =   1.725E-04
 C4H7+       =  -1.215E-33   HCCCHOH+    =   1.383E-22   HCOCN+      =   2.139E-09
 SiC2H3+     =   7.719E-04   H2C3OH+     =   2.457E-07   C2H5CN      =   8.241E-18
 CCP         =   3.920E-06   HCOCN       =   1.797E-07   SiNCH+      =   3.903E-05
 Fe+         =   2.136E+13   C2S+        =   3.496E-05   H2COCN+     =   5.329E-16
 CaO         =   0.000E+00   Fe          =   7.903E+11   HNCOCH+     =   5.329E-16
 HC2P        =   1.240E-13   C2H5CNH+    =   6.362E-21   CH2CHCHO    =   9.849E-12
 C2S         =   1.928E-02   HC2P+       =   2.959E-08   CH2CHCHO+   =   3.817E-13
 CaOH        =   0.000E+00   HC2S+       =   1.115E-04   HCCS        =   4.761E-08
 CH2CHCHOH+  =   4.558E-20   PC2H2+      =   8.007E-16   CH3NCO+     =   2.685E-19
 CH3NCO      =   5.506E-17   NCS+        =   1.921E-25   H2C2S+      =   7.787E-13
 CH3NCOH+    =   9.964E-26   CH3COCH3    =   2.431E-28   CH3COCH3+   =   2.405E-30
 PC2H3+      =   1.481E-28   NaCl        =   8.073E-15   H2CCS       =   2.070E-10
 NCS         =   5.428E-08   NaClH+      =   1.034E-21   PC2H4+      =   8.830E-30
 HNCS+       =   7.664E-19   HSCN+       =   2.262+212   HSCN        =   2.100E-16
 AlO2        =   0.000E+00   H3C2S+      =   2.089E-19   CH3CS+      =   8.046E-13
 HNCS        =   3.744E-16   CH3COCH4+   =   1.695E-29   HOCHCHOH+   =   1.510E-23
 H2SCN+      =   1.713E-18   SiS         =   4.726E+14   HOCHCHOH    =   5.030E-21
 H2NCS+      =   1.781E-18   C5-         =   5.890E-15   HNCSH+      =   3.779E-18
 OCS         =   1.364E-12   C5          =   4.426E-07   HOCH2CHO    =   3.676E-40
 HOCH2CHO+   =   3.580E-42   CH3COOH+    =   5.907E-41   HCOOCH3     =   4.212E-27
 C5+         =   1.252E-10   HCOOCH3+    =   4.377E-29   OCS+        =   5.803E-06
 CH3COOH     =   8.868E-39   SiO2        =   1.212E-08   SiS+        =   8.992E-04
 C3CCH       =   2.566E-13   HOCHCHOH2+  =   4.776E-29   C5H         =   5.466E-18
 HSiS        =   1.387E-13   CH3COOH2+   =   2.241E-47   C3CCH+      =   8.711E-16
 C5H-        =   1.041E-25   HOCH2CH2O+  =   6.350E-49   H2COOCH3+   =   4.540E-32
 SiSH+       =   6.810E-02   C5H+        =   7.411E-10   OCSH+       =   1.144E-14
 HSiO2+      =   7.131E-18   C4N         =   5.311E-12   C3CCH2+     =   1.528E-21
 C5H2+       =   1.330E-12   H2SiS+      =   4.963E-23   C5H2        =   1.908E-15
 C3HCCH      =   1.310E-29   H2SiS       =   1.856E-17   C3HCCH+     =   4.242E-32
 C4N+        =   3.248E-12   AlCl        =   0.000E+00   HC4N+       =   6.686E-14
 C5H3+       =   1.433E-18   C3HCCH2+    =   5.231E-38   AlHCl       =   0.000E+00
 H3SiS+      =   1.338E-26   HC4N        =   1.360E-12   CH2C3N      =   2.423E-21
 H2C4N+      =   4.974E-14   CH3C4H      =   5.635E-26   SO2         =   1.154E-17
 TiO         =   0.000E+00   S2+         =   1.974E-04   CH3C4H+     =   6.457E-27
 C4O+        =   5.140E-12   SiC3        =   2.425E-02   S2          =   3.904E-11
 C4O         =   9.802E-10   C5H4+       =   2.564E-46   TiO+        =   0.000E+00
 SiC3+       =   2.900E-04   SO2+        =   5.874E-20   H2CCCHCCH   =   5.040E-26
 AlH2Cl      =   0.000E+00   CH3C3N      =   1.501E-12   HC4O+       =   3.708E-10
 H2CCCHCN    =   3.687E-24   HCCCH2CN    =   3.463E-25   SiC3H       =   4.553E-10
 CH3C3N+     =   3.732E-14   C5H5+       =   5.422E-28   HS2         =   3.677E-03
 TiOH+       =   0.000E+00   HS2+        =   6.343E-05   CH2C3NH+    =   3.671E-29
 C5H5        =  -2.335E-36   SiC3H+      =   2.956E-04   HOSO+       =   4.220E-22
 HC4O        =   1.489E-09   SiC3H2+     =   5.448E-12   C5H6+       =   5.133E-40
 HC4OH+      =   1.818E-11   H2S2+       =   4.591E-05   CH3C3NH+    =   3.023E-14
 H2S2        =   5.956E-07   C5H6        =  -1.814E-46   HCCCH2CNH+  =   3.998E-35
 H2CCCHCNH+  =   5.047E-34   SiC3H3+     =   4.417E-15   C3P         =   5.468E-15
 H2C4OH+     =   3.519E-12   CH3CHCHCN   =   5.246E-41   CH3CHCHCN+  =   2.153E-42
 H3S2+       =   2.068E-09   C5H7+       =   3.471E-53   NCCNCH3+    =   5.549E-19
 C3S         =   1.824E-09   CH3CHCHCNH+ =   1.889E-48   PC3H+       =   8.755E-18
 C3S+        =   2.175E-10   HC3S+       =   7.194E-13   HC3S        =   2.664E-13
 HC3SH+      =   5.826E-15   Al2O        =   0.000E+00   H2CCCS      =   2.660E-19
 HCSC2H      =   2.948E-19   Cl2         =  -4.593E-41   H3C3S+      =   2.501E-28
 HCSCN       =   1.549E-12   HCSC2H2+    =   5.707E-28   FeO         =   4.694E-07
 C6          =   3.880E-09   C6+         =   1.282E-10   HCSCNH+     =   9.303E-21
 C6-         =   6.687E-15   C6H+        =   3.641E-12   C6H-        =   1.544E-16
 FeOH        =   1.981E-16   MgC4H       =   8.105E-17   C6H         =   2.258E-10
 C5N-        =   1.436E-17   NaC3NH+     =   7.912E-25   MgC3N       =   2.682E-22
 C6H2        =   1.125E-13   C5N+        =   2.995E-14   C6H2+       =   7.529E-15
 MgC4H2+     =   8.650E-20   C5N         =   5.261E-11   HC5N        =   2.724E-12
 MgC3NH+     =   1.251E-23   HC4NC+      =  -5.307+145   HC5N+       =   3.728E-14
 C6H3+       =   3.112E-24   HC4NC       =   7.819E-14   C5O         =   5.555E-13
 NC4N        =   1.239E-14   SiC4+       =   4.341E-12   C6H4+       =   5.807E-27
 HC4NCH+     =   3.323E-24   HC5NH+      =   1.663E-14   C6H4        =  -1.084+223
 C5O+        =   4.294E-15   SiC4        =   1.892E-16   H3C5N+      =   2.372E-22
 HCCCHCHCN+  =   6.860E-39   SiC4H+      =   1.789E-19   C6H5        =   2.645E-29
 HC5O        =   8.198E-13   C6H5+       =   1.533E-30   HC5O+       =   3.361E-15
 HCCCHCHCN   =   1.941E-36   H2CCHC3N    =   1.505E-36   NC4NH+      =   7.017E-23
 H2CCHC3N+   =   6.359E-39   HCCCHCHCNH+ =   3.694E-45   C6H6        =   3.517E-29
 H2CCHC3NH+  =   3.251E-45   HC5OH+      =   1.375E-14   C6H6+       =  -1.425E-30
 C4P+        =   2.710E-22   C6H7+       =   1.223E-30   H2C5OH+     =   5.291E-16
 C4P         =   1.006E-18   TiO2+       =   3.010-314   PC4H+       =   1.288E-20
 C4S+        =   8.446E-12   C4S         =  -4.349E+44   TiO2        =   3.010-314
 TiO2H+      =  -9.011E+73   HC4S        =   9.955E-12   HC4S+       =   7.504E-11
 HC4SH+      =   1.807E-13   C7+         =   9.502E-13   C7          =   1.179E-10
 C7-         =   9.812E-17   C7H+        =   9.865E-14   C7H-        =   1.139E-20
 C7H         =   5.399E-14   C7H2        =  -5.056+285   Al2O2       =   3.010-314
 C7H2+       =   5.858E-21   C7H3+       =   1.206E-24   C6O+        =   8.527E-16
 H2CCCHC4H   =   2.345E-31   C7H4+       =   5.522E-34   C6O         =   1.229E-13
 CH3C6H      =   5.204E-31   CH3C6H2+    =  -5.310E-32   H2CCCHC3N+  =   2.424E-35
 HC6O        =   1.322E-18   H2CCCHC3N   =   5.441E-33   HC6O+       =   3.537E-15
 CH3C5N      =   3.777E-22   H2CCCHC4H2+ =  -5.310E-32   CH3C5NH+    =   3.085E-24
 H2CCCHC3NH+ =   9.935E-43   C5H5CCH     =   3.852E-42   HC6OH+      =   1.401E-21
 C5H4CCH2    =   2.510E-42   C5H5CCH2+   =   7.678E-47   C5H5CN      =   1.639+174
 H2C6OH+     =   1.536E-27   C5H4CCH3+   =   1.650E-46   C5S         =   8.452E-27
 C5S+        =   4.282E-14   C5H5CNH+    =   1.177E-60   HC5S+       =   6.161E-35
 C8-         =   2.847E-19   C8          =   1.281E-13   C8+         =   3.612E-14
 C8H-        =   2.574E-20   MgC6H       =   3.513E-21   AlCl2       =   2.964-323
 C8H+        =   6.174E-17   C8H         =   1.985E-14   C8H2        =   3.962E-17
 AlHCl2      =  -9.521+145   MgC6H2+     =   5.296E-24   NaC5NH+     =   3.418E-21
 MgC5N       =   1.767E-18   C7N         =   1.966E-14   C7N+        =   3.911E-18
 C8H2+       =   3.476E-17   C7N-        =   3.086E-20   MgC5NH+     =   1.461E-19
 HC7N        =   1.292E-17   C8H3+       =   9.554E-28   HC7N+       =   3.244E-18
 C7O+        =   4.420E-18   C8H4+       =   4.915E-33   C7O         =   5.272E-16
 HC7NH+      =   9.147E-21   HC7O        =   4.353E+21   H3C7N+      =   8.269E-32
 HC7O+       =   1.824E-17   C8H5+       =   3.993E-37   Al2O3       =   5.471-315
 C6H5CCH     =   7.410E-47   C6H5CCH+    =   2.454E-49   HC7OH+      =   3.998E-20
 H2C7OH+     =   1.470E-29   C6H5CN      =   7.213E-42   C6H5CCH2+   =   4.901E-56
 C6H5CNH+    =   5.730E-50   C9-         =   3.010E-21   C9          =   1.426E-15
 C9+         =   5.016E-17   C9H-        =   9.275E-25   C9H+        =   1.181E-18
 C9H         =   4.009E-19   C9H2        =   1.212E-21   C9H2+       =   4.571E-25
 C9H3+       =   3.887E-28   C9H4+       =   3.487E-36   C8O+        =   1.034E-19
 CH3C8H      =   4.891E-45   C8O         =  -3.089+135   HC8O+       =   4.226E-19
 CH3C7N      =   2.013E-27   HC8O        =   1.915E-22   C9H5+       =   3.442E-47
 HC8OH+      =   3.134E-26   CH3C7NH+    =   1.879E-29   H2C8OH+     =   7.371E-30
 C10         =   3.448E-18   C10+        =   4.406E-19   C10-        =   3.467E-24
 C10H        =   2.250E-22   C10H-       =   8.201E-28   C10H+       =   2.535E-21
 MgC8H       =   1.681E-22   C9N         =   1.452E-19   C10H2+      =   2.005E-28
 C9N-        =   2.205E-25   C10H2       =   1.584E-24   MgC7N       =   7.923E-23
 NaC7NH+     =   2.443E-24   C9N+        =   4.507E-23   MgC8H2+     =   2.875E-25
 HC9N        =   1.016E-22   MgC7NH+     =   7.377E-24   HC9N+       =   3.842E-23
 C10H3+      =   1.377E-34   C9O+        =   1.077E-22   C9O         =   1.030E-20
 HC9NH+      =   1.105E-25   HC9O        =   1.858E-20   C10H5+      =   4.730E-44
 H3C9N+      =   5.349E-37   HC9O+       =   3.011E-22   HC9OH+      =   1.294E-22
 H2C9OH+     =   3.609E-33   C11+        =   1.075E-21   C11-        =   1.339E-26
 C11         =   1.358E-20   AlCl3       =   4.852-314   C11H+       =   6.227E-24
 C11H-       =   3.187E-30   C11H        =   8.948E-25   C11H2       =   7.194E-27
 C11H2+      =   8.804E-31   C11H3+      =   8.577E-38   CH3C9N      =   1.482E-32
 CH3C9NH+    =   1.330E-34   C12+        =   4.284E-24   C12         =   3.152E-29
 C11N-       =   3.473E-33   NaC9NH+     =   7.234E-29   C11N        =   2.200E-27
 HC11N+      =   6.431E-33   HC11N       =   1.875E-30   HC11NH+     =   2.839E-32
 H2C11NH+    =   3.376E-42   e-          =   1.143E+19   H2          =   8.216E+20
