  **  PHYSICAL PARAMETERS  **


   RADIUS      n(Htot)     TEMP        A_UV EFF    RAD. EFF    CO K(PH)    CO K(IP)    CO K(AP)    DELTA_AUV   
   1.020E+014  4.333E+007  1.415E+003  1.099E+001  1.904E-006  0.000E+000  0.000E+000  0.000E+000  2.198E-001
   1.093E+014  3.774E+007  1.348E+003  1.026E+001  4.195E-006  1.724E-019  1.816E-021  1.231E-011  9.534E-001
   1.171E+014  3.287E+007  1.284E+003  9.572E+000  8.802E-006  3.863E-019  3.453E-022  2.340E-012  1.638E+000
   1.255E+014  2.863E+007  1.224E+003  8.933E+000  1.764E-005  7.821E-019  1.008E-022  6.829E-013  2.277E+000
   1.345E+014  2.493E+007  1.166E+003  8.337E+000  3.388E-005  1.685E-018  2.984E-023  2.023E-013  2.873E+000
   1.441E+014  2.172E+007  1.111E+003  7.781E+000  6.250E-005  3.123E-018  1.193E-023  8.086E-014  3.430E+000
   1.544E+014  1.892E+007  1.058E+003  7.261E+000  1.110E-004  5.906E-018  4.823E-024  3.269E-014  3.949E+000
   1.654E+014  1.647E+007  1.008E+003  6.777E+000  1.905E-004  1.030E-017  2.248E-024  1.524E-014  4.434E+000
   1.773E+014  1.435E+007  9.608E+002  6.324E+000  3.160E-004  1.781E-017  1.082E-024  7.336E-015  4.886E+000
   1.899E+014  1.250E+007  9.154E+002  5.902E+000  5.082E-004  2.981E-017  5.528E-025  3.747E-015  5.308E+000
   2.035E+014  1.088E+007  8.722E+002  5.508E+000  7.940E-004  5.072E-017  2.799E-025  1.897E-015  5.702E+000
   2.181E+014  9.480E+006  8.310E+002  5.141E+000  1.207E-003  7.989E-017  1.579E-025  1.070E-015  6.070E+000
   2.337E+014  8.257E+006  7.918E+002  4.798E+000  1.788E-003  1.336E-016  8.333E-026  5.648E-016  6.413E+000
   2.504E+014  7.191E+006  7.544E+002  4.477E+000  2.587E-003  2.006E-016  5.058E-026  3.429E-016  6.733E+000
   2.683E+014  6.263E+006  7.188E+002  4.178E+000  3.659E-003  3.010E-016  3.084E-026  2.090E-016  7.032E+000
   2.875E+014  5.455E+006  6.849E+002  3.900E+000  5.069E-003  4.569E-016  1.862E-026  1.262E-016  7.311E+000
   3.080E+014  4.751E+006  6.526E+002  3.639E+000  6.886E-003  6.406E-016  1.240E-026  8.405E-017  7.571E+000
   3.301E+014  4.138E+006  6.217E+002  3.396E+000  9.184E-003  9.165E-016  8.074E-027  5.472E-017  7.814E+000
   3.537E+014  3.604E+006  5.924E+002  3.170E+000  1.204E-002  1.281E-015  5.412E-027  3.668E-017  8.041E+000
   3.790E+014  3.139E+006  5.644E+002  2.958E+000  1.554E-002  1.770E-015  3.681E-027  2.495E-017  8.252E+000
   4.061E+014  2.734E+006  5.378E+002  2.761E+000  1.975E-002  2.404E-015  2.557E-027  1.733E-017  8.450E+000
   4.351E+014  2.381E+006  5.124E+002  2.576E+000  2.476E-002  3.292E-015  1.759E-027  1.192E-017  8.634E+000
   4.662E+014  2.074E+006  4.882E+002  2.404E+000  3.063E-002  4.281E-015  1.286E-027  8.716E-018  8.806E+000
   4.996E+014  1.806E+006  4.652E+002  2.244E+000  3.743E-002  5.633E-015  9.267E-028  6.281E-018  8.966E+000
   5.353E+014  1.573E+006  4.432E+002  2.094E+000  4.521E-002  7.342E-015  6.746E-028  4.572E-018  9.116E+000
   5.736E+014  1.370E+006  4.223E+002  1.954E+000  5.402E-002  9.346E-015  5.047E-028  3.421E-018  9.256E+000
   6.146E+014  1.193E+006  4.024E+002  1.824E+000  6.388E-002  1.210E-014  3.695E-028  2.505E-018  9.386E+000
   6.586E+014  1.039E+006  3.834E+002  1.702E+000  7.482E-002  1.514E-014  2.814E-028  1.907E-018  9.508E+000
   7.057E+014  9.053E+005  3.653E+002  1.589E+000  8.685E-002  1.853E-014  2.199E-028  1.490E-018  9.622E+000
   7.561E+014  7.885E+005  3.480E+002  1.483E+000  9.994E-002  2.282E-014  1.703E-028  1.154E-018  9.728E+000
   8.102E+014  6.868E+005  3.316E+002  1.384E+000  1.141E-001  2.836E-014  1.301E-028  8.819E-019  9.827E+000
   8.682E+014  5.981E+005  3.159E+002  1.291E+000  1.292E-001  3.458E-014  1.016E-028  6.887E-019  9.919E+000
   9.303E+014  5.210E+005  3.010E+002  1.205E+000  1.454E-001  4.187E-014  7.990E-029  5.415E-019  1.001E+001
   9.968E+014  4.537E+005  2.868E+002  1.125E+000  1.624E-001  4.895E-014  6.555E-029  4.443E-019  1.009E+001
   1.068E+015  3.952E+005  2.733E+002  1.050E+000  1.803E-001  5.824E-014  5.250E-029  3.558E-019  1.016E+001
   1.144E+015  3.442E+005  2.604E+002  9.795E-001  1.990E-001  6.968E-014  4.165E-029  2.823E-019  1.023E+001
   1.226E+015  2.998E+005  2.481E+002  9.142E-001  2.183E-001  8.186E-014  3.376E-029  2.288E-019  1.030E+001
   1.314E+015  2.611E+005  2.364E+002  8.531E-001  2.383E-001  9.453E-014  2.794E-029  1.894E-019  1.036E+001
   1.408E+015  2.274E+005  2.252E+002  7.962E-001  2.588E-001  1.104E-013  2.273E-029  1.540E-019  1.041E+001
   1.509E+015  1.981E+005  2.146E+002  7.431E-001  2.798E-001  1.286E-013  1.851E-029  1.255E-019  1.047E+001
   1.617E+015  1.725E+005  2.045E+002  6.935E-001  3.011E-001  1.500E-013  1.503E-029  1.019E-019  1.052E+001
   1.732E+015  1.502E+005  1.948E+002  6.472E-001  3.228E-001  1.722E-013  1.244E-029  8.429E-020  1.056E+001
   1.856E+015  1.309E+005  1.856E+002  6.040E-001  3.446E-001  1.944E-013  1.051E-029  7.125E-020  1.061E+001
   1.989E+015  1.140E+005  1.769E+002  5.637E-001  3.666E-001  2.232E-013  8.658E-030  5.868E-020  1.065E+001
   2.131E+015  9.927E+004  1.685E+002  5.260E-001  3.886E-001  2.526E-013  7.267E-030  4.926E-020  1.068E+001
   2.283E+015  8.646E+004  1.606E+002  4.909E-001  4.106E-001  2.839E-013  6.149E-030  4.168E-020  1.072E+001
   2.447E+015  7.530E+004  1.530E+002  4.582E-001  4.326E-001  3.213E-013  5.140E-030  3.484E-020  1.075E+001
   2.622E+015  6.559E+004  1.458E+002  4.276E-001  4.543E-001  3.592E-013  4.368E-030  2.961E-020  1.078E+001
   2.809E+015  5.712E+004  1.389E+002  3.990E-001  4.759E-001  4.111E-013  3.577E-030  2.425E-020  1.081E+001
   3.010E+015  4.975E+004  1.323E+002  3.724E-001  4.972E-001  4.513E-013  3.112E-030  2.109E-020  1.084E+001
   3.226E+015  4.333E+004  1.261E+002  3.476E-001  5.181E-001  5.059E-013  2.620E-030  1.776E-020  1.086E+001
   3.456E+015  3.774E+004  1.201E+002  3.244E-001  5.387E-001  5.594E-013  2.249E-030  1.524E-020  1.089E+001
   3.703E+015  3.287E+004  1.144E+002  3.027E-001  5.589E-001  6.412E-013  1.823E-030  1.236E-020  1.091E+001
   3.968E+015  2.863E+004  1.090E+002  2.825E-001  5.786E-001  6.966E-013  1.603E-030  1.087E-020  1.093E+001
   4.252E+015  2.493E+004  1.039E+002  2.636E-001  5.978E-001  7.679E-013  1.376E-030  9.329E-021  1.095E+001
   4.556E+015  2.172E+004  9.900E+001  2.460E-001  6.165E-001  8.583E-013  1.155E-030  7.828E-021  1.096E+001
   4.882E+015  1.892E+004  9.432E+001  2.296E-001  6.347E-001  9.484E-013  9.853E-031  6.679E-021  1.098E+001
   5.231E+015  1.647E+004  8.987E+001  2.143E-001  6.523E-001  1.044E-012  8.448E-031  5.726E-021  1.100E+001
   5.605E+015  1.435E+004  8.563E+001  2.000E-001  6.693E-001  1.141E-012  7.324E-031  4.964E-021  1.101E+001
   6.006E+015  1.250E+004  8.159E+001  1.866E-001  6.857E-001  1.238E-012  6.411E-031  4.345E-021  1.102E+001
   6.436E+015  1.088E+004  7.773E+001  1.742E-001  7.015E-001  1.358E-012  5.519E-031  3.741E-021  1.104E+001
   6.896E+015  9.480E+003  7.407E+001  1.626E-001  7.167E-001  1.503E-012  4.673E-031  3.167E-021  1.105E+001
   7.389E+015  8.257E+003  7.057E+001  1.517E-001  7.314E-001  1.669E-012  3.933E-031  2.666E-021  1.106E+001
   7.918E+015  7.191E+003  6.724E+001  1.416E-001  7.454E-001  1.818E-012  3.419E-031  2.317E-021  1.107E+001
   8.484E+015  6.263E+003  6.406E+001  1.321E-001  7.588E-001  1.967E-012  3.000E-031  2.034E-021  1.108E+001
   9.091E+015  5.455E+003  6.104E+001  1.233E-001  7.717E-001  2.170E-012  2.553E-031  1.731E-021  1.109E+001
   9.741E+015  4.751E+003  5.816E+001  1.151E-001  7.840E-001  2.318E-012  2.290E-031  1.552E-021  1.110E+001
   1.044E+016  4.138E+003  5.541E+001  1.074E-001  7.957E-001  2.534E-012  1.979E-031  1.341E-021  1.110E+001
   1.118E+016  3.604E+003  5.280E+001  1.002E-001  8.069E-001  2.779E-012  1.701E-031  1.153E-021  1.111E+001
   1.198E+016  3.139E+003  5.031E+001  9.354E-002  8.176E-001  3.026E-012  1.482E-031  1.004E-021  1.112E+001
   1.284E+016  2.734E+003  4.793E+001  8.730E-002  8.278E-001  3.313E-012  1.281E-031  8.682E-022  1.112E+001
   1.376E+016  2.381E+003  4.567E+001  8.147E-002  8.375E-001  3.607E-012  1.120E-031  7.589E-022  1.113E+001
   1.474E+016  2.074E+003  4.351E+001  7.604E-002  8.467E-001  3.950E-012  9.714E-032  6.584E-022  1.113E+001
   1.580E+016  1.806E+003  4.146E+001  7.096E-002  8.554E-001  4.280E-012  8.592E-032  5.824E-022  1.114E+001
   1.693E+016  1.573E+003  3.950E+001  6.622E-002  8.637E-001  4.665E-012  7.552E-032  5.119E-022  1.114E+001
   1.814E+016  1.370E+003  3.764E+001  6.180E-002  8.716E-001  5.130E-012  6.577E-032  4.458E-022  1.115E+001
   1.944E+016  1.193E+003  3.586E+001  5.768E-002  8.791E-001  5.613E-012  5.796E-032  3.929E-022  1.115E+001
   2.083E+016  1.039E+003  3.417E+001  5.383E-002  8.861E-001  6.158E-012  5.117E-032  3.468E-022  1.116E+001
   2.232E+016  9.053E+002  3.255E+001  5.024E-002  8.928E-001  6.774E-012  4.530E-032  3.070E-022  1.116E+001
   2.391E+016  7.885E+002  3.102E+001  4.688E-002  8.992E-001  7.476E-012  4.024E-032  2.727E-022  1.116E+001
   2.562E+016  6.868E+002  2.955E+001  4.375E-002  9.052E-001  8.325E-012  3.570E-032  2.420E-022  1.117E+001
   2.745E+016  5.981E+002  2.816E+001  4.083E-002  9.109E-001  9.247E-012  3.210E-032  2.176E-022  1.117E+001
   2.942E+016  5.210E+002  2.683E+001  3.811E-002  9.162E-001  1.031E-011  2.910E-032  1.972E-022  1.117E+001
   3.152E+016  4.537E+002  2.556E+001  3.556E-002  9.213E-001  1.176E-011  2.626E-032  1.780E-022  1.117E+001
   3.378E+016  3.952E+002  2.436E+001  3.319E-002  9.261E-001  1.330E-011  2.427E-032  1.645E-022  1.118E+001
   3.619E+016  3.442E+002  2.321E+001  3.098E-002  9.306E-001  1.532E-011  2.261E-032  1.533E-022  1.118E+001
   3.878E+016  2.998E+002  2.211E+001  2.891E-002  9.349E-001  1.796E-011  2.142E-032  1.452E-022  1.118E+001
   4.155E+016  2.611E+002  2.107E+001  2.698E-002  9.389E-001  2.157E-011  2.077E-032  1.408E-022  1.118E+001
   4.452E+016  2.274E+002  2.007E+001  2.518E-002  9.427E-001  2.684E-011  2.083E-032  1.412E-022  1.119E+001
   4.771E+016  1.981E+002  1.913E+001  2.350E-002  9.463E-001  3.513E-011  2.204E-032  1.494E-022  1.119E+001
   5.112E+016  1.725E+002  1.822E+001  2.193E-002  9.496E-001  4.962E-011  2.545E-032  1.725E-022  1.119E+001
   5.478E+016  1.502E+002  1.736E+001  2.047E-002  9.528E-001  8.355E-011  3.665E-032  2.484E-022  1.119E+001
   5.869E+016  1.309E+002  1.654E+001  1.910E-002  9.557E-001  1.399E-010  7.079E-032  4.798E-022  1.119E+001
   6.289E+016  1.140E+002  1.576E+001  1.782E-002  9.585E-001  2.058E-010  2.900E-031  1.965E-021  1.119E+001
   6.739E+016  9.927E+001  1.502E+001  1.663E-002  9.612E-001  2.251E-010  1.609E-030  1.090E-020  1.119E+001
   7.221E+016  8.646E+001  1.431E+001  1.552E-002  9.636E-001  2.289E-010  1.127E-029  7.641E-020  1.119E+001
   7.737E+016  7.530E+001  1.363E+001  1.449E-002  9.659E-001  2.298E-010  2.280E-029  1.546E-019  1.120E+001
   8.291E+016  6.559E+001  1.299E+001  1.352E-002  9.681E-001  2.305E-010  2.180E-029  1.477E-019  1.120E+001
   8.884E+016  5.712E+001  1.238E+001  1.262E-002  9.702E-001  2.310E-010  1.914E-029  1.297E-019  1.120E+001
   9.519E+016  4.975E+001  1.179E+001  1.178E-002  9.721E-001  2.315E-010  1.664E-029  1.128E-019  1.120E+001
   1.020E+017  4.333E+001  1.124E+001  1.099E-002  9.739E-001  2.320E-010  1.449E-029  9.823E-020  1.120E+001
   1.093E+017  3.774E+001  1.071E+001  1.026E-002  9.756E-001  2.324E-010  1.268E-029  8.592E-020  1.120E+001
   1.171E+017  3.287E+001  1.020E+001  9.572E-003  9.771E-001  2.329E-010  1.095E-029  7.419E-020  1.120E+001
   1.255E+017  2.863E+001  1.000E+001  8.933E-003  9.786E-001  2.333E-010  9.590E-030  6.500E-020  1.120E+001
   1.345E+017  2.493E+001  1.000E+001  8.337E-003  9.800E-001  2.337E-010  8.170E-030  5.538E-020  1.120E+001
   1.441E+017  2.172E+001  1.000E+001  7.781E-003  9.813E-001  2.341E-010  7.176E-030  4.864E-020  1.120E+001
   1.544E+017  1.892E+001  1.000E+001  7.261E-003  9.825E-001  2.344E-010  6.280E-030  4.257E-020  1.120E+001
   1.654E+017  1.647E+001  1.000E+001  6.777E-003  9.837E-001  2.347E-010  5.448E-030  3.693E-020  1.120E+001
   1.773E+017  1.435E+001  1.000E+001  6.324E-003  9.847E-001  2.350E-010  4.737E-030  3.211E-020  1.120E+001
   1.899E+017  1.250E+001  1.000E+001  5.902E-003  9.857E-001  2.353E-010  4.106E-030  2.783E-020  1.120E+001
   2.035E+017  1.088E+001  1.000E+001  5.508E-003  9.867E-001  2.356E-010  3.524E-030  2.389E-020  1.120E+001
   2.181E+017  9.480E+000  1.000E+001  5.141E-003  9.875E-001  2.359E-010  3.016E-030  2.044E-020  1.121E+001
   2.337E+017  8.257E+000  1.000E+001  4.798E-003  9.884E-001  2.361E-010  2.734E-030  1.853E-020  1.121E+001
   2.504E+017  7.191E+000  1.000E+001  4.477E-003  9.891E-001  2.363E-010  2.376E-030  1.610E-020  1.121E+001
   2.683E+017  6.263E+000  1.000E+001  4.178E-003  9.898E-001  2.365E-010  2.081E-030  1.411E-020  1.121E+001
   2.875E+017  5.455E+000  1.000E+001  3.900E-003  9.905E-001  2.367E-010  1.795E-030  1.217E-020  1.121E+001
   3.080E+017  4.751E+000  1.000E+001  3.639E-003  9.911E-001  2.369E-010  1.583E-030  1.073E-020  1.121E+001
   3.301E+017  4.138E+000  1.000E+001  3.396E-003  9.917E-001  2.371E-010  1.370E-030  9.289E-021  1.121E+001
   3.537E+017  3.604E+000  1.000E+001  3.170E-003  9.923E-001  2.372E-010  1.200E-030  8.133E-021  1.121E+001
   3.790E+017  3.139E+000  1.000E+001  2.958E-003  9.928E-001  2.374E-010  1.039E-030  7.043E-021  1.121E+001
   4.061E+017  2.734E+000  1.000E+001  2.761E-003  9.933E-001  2.375E-010  9.070E-031  6.148E-021  1.121E+001
   4.351E+017  2.381E+000  1.000E+001  2.576E-003  9.937E-001  2.377E-010  7.938E-031  5.381E-021  1.121E+001
   4.662E+017  2.074E+000  1.000E+001  2.404E-003  9.941E-001  2.378E-010  6.909E-031  4.683E-021  1.121E+001
   4.996E+017  1.806E+000  1.000E+001  2.244E-003  9.945E-001  2.379E-010  6.020E-031  4.081E-021  1.121E+001
   5.353E+017  1.573E+000  1.000E+001  2.094E-003  9.949E-001  2.381E-010  5.216E-031  3.535E-021  1.121E+001
   5.736E+017  1.370E+000  1.000E+001  1.954E-003  9.952E-001  2.382E-010  4.555E-031  3.088E-021  1.121E+001
   6.146E+017  1.193E+000  1.000E+001  1.824E-003  9.955E-001  2.383E-010  3.975E-031  2.694E-021  1.121E+001
   6.586E+017  1.039E+000  1.000E+001  1.702E-003  9.958E-001  2.384E-010  3.457E-031  2.344E-021  1.121E+001
   7.057E+017  9.053E-001  1.000E+001  1.589E-003  9.961E-001  2.385E-010  3.012E-031  2.042E-021  1.121E+001
   7.561E+017  7.885E-001  1.000E+001  1.483E-003  9.964E-001  2.386E-010  2.615E-031  1.773E-021  1.121E+001
   8.102E+017  6.868E-001  1.000E+001  1.384E-003  9.966E-001  2.386E-010  2.283E-031  1.548E-021  1.121E+001
   8.682E+017  5.981E-001  1.000E+001  1.291E-003  9.968E-001  2.387E-010  1.991E-031  1.349E-021  1.121E+001
   9.303E+017  5.210E-001  1.000E+001  1.205E-003  9.970E-001  2.388E-010  1.734E-031  1.175E-021  1.121E+001
   9.968E+017  4.537E-001  1.000E+001  1.125E-003  9.972E-001  2.389E-010  1.503E-031  1.018E-021  1.121E+001
   1.068E+018  3.952E-001  1.000E+001  1.050E-003  9.974E-001  2.389E-010  1.315E-031  8.913E-022  1.121E+001
